

================================================================
== Vivado HLS Report for 'sha256_update'
================================================================
* Date:           Wed May  5 07:11:35 2021

* Version:        2019.2 (Build 2704478 on Wed Nov 06 22:10:23 MST 2019)
* Project:        sha256
* Solution:       solution1
* Product family: zynq
* Target device:  xc7z020-clg400-1


================================================================
== Performance Estimates
================================================================
+ Timing: 
    * Summary: 
    +--------+---------+----------+------------+
    |  Clock |  Target | Estimated| Uncertainty|
    +--------+---------+----------+------------+
    |ap_clk  | 5.00 ns | 4.371 ns |   0.62 ns  |
    +--------+---------+----------+------------+

+ Latency: 
    * Summary: 
    +---------+---------+----------+----------+-----+-----+---------+
    |  Latency (cycles) |  Latency (absolute) |  Interval | Pipeline|
    |   min   |   max   |    min   |    max   | min | max |   Type  |
    +---------+---------+----------+----------+-----+-----+---------+
    |      135|      135| 0.675 us | 0.675 us |  135|  135|   none  |
    +---------+---------+----------+----------+-----+-----+---------+

    + Detail: 
        * Instance: 
        N/A

        * Loop: 
        +--------------+---------+---------+----------+-----------+-----------+------+----------+
        |              |  Latency (cycles) | Iteration|  Initiation Interval  | Trip |          |
        |   Loop Name  |   min   |   max   |  Latency |  achieved |   target  | Count| Pipelined|
        +--------------+---------+---------+----------+-----------+-----------+------+----------+
        |- ITERATE_64  |      131|      131|         5|          2|          1|    64|    yes   |
        +--------------+---------+---------+----------+-----------+-----------+------+----------+



================================================================
== Utilization Estimates
================================================================
* Summary: 
+-----------------+---------+-------+--------+-------+-----+
|       Name      | BRAM_18K| DSP48E|   FF   |  LUT  | URAM|
+-----------------+---------+-------+--------+-------+-----+
|DSP              |        -|      -|       -|      -|    -|
|Expression       |        -|      -|       0|   2852|    -|
|FIFO             |        -|      -|       -|      -|    -|
|Instance         |        -|      -|       0|   1092|    -|
|Memory           |        1|      -|       0|      0|    -|
|Multiplexer      |        -|      -|       -|   1478|    -|
|Register         |        -|      -|    6222|      -|    -|
+-----------------+---------+-------+--------+-------+-----+
|Total            |        1|      0|    6222|   5422|    0|
+-----------------+---------+-------+--------+-------+-----+
|Available        |      280|    220|  106400|  53200|    0|
+-----------------+---------+-------+--------+-------+-----+
|Utilization (%)  |    ~0   |      0|       5|     10|    0|
+-----------------+---------+-------+--------+-------+-----+

+ Detail: 
    * Instance: 
    +-------------------------+----------------------+---------+-------+---+-----+-----+
    |         Instance        |        Module        | BRAM_18K| DSP48E| FF| LUT | URAM|
    +-------------------------+----------------------+---------+-------+---+-----+-----+
    |sha256_mux_646_32bkb_U6  |sha256_mux_646_32bkb  |        0|      0|  0|  273|    0|
    |sha256_mux_646_32bkb_U7  |sha256_mux_646_32bkb  |        0|      0|  0|  273|    0|
    |sha256_mux_646_32bkb_U8  |sha256_mux_646_32bkb  |        0|      0|  0|  273|    0|
    |sha256_mux_646_32bkb_U9  |sha256_mux_646_32bkb  |        0|      0|  0|  273|    0|
    +-------------------------+----------------------+---------+-------+---+-----+-----+
    |Total                    |                      |        0|      0|  0| 1092|    0|
    +-------------------------+----------------------+---------+-------+---+-----+-----+

    * DSP48E: 
    N/A

    * Memory: 
    +-------+-------------------+---------+---+----+-----+------+-----+------+-------------+
    | Memory|       Module      | BRAM_18K| FF| LUT| URAM| Words| Bits| Banks| W*Bits*Banks|
    +-------+-------------------+---------+---+----+-----+------+-----+------+-------------+
    |k_V_U  |sha256_update_k_V  |        1|  0|   0|    0|    64|   32|     1|         2048|
    +-------+-------------------+---------+---+----+-----+------+-----+------+-------------+
    |Total  |                   |        1|  0|   0|    0|    64|   32|     1|         2048|
    +-------+-------------------+---------+---+----+-----+------+-----+------+-------------+

    * FIFO: 
    N/A

    * Expression: 
    +--------------------------+----------+-------+---+----+------------+------------+
    |       Variable Name      | Operation| DSP48E| FF| LUT| Bitwidth P0| Bitwidth P1|
    +--------------------------+----------+-------+---+----+------------+------------+
    |add_ln209_10_fu_4915_p2   |     +    |      0|  0|  32|          32|          32|
    |add_ln209_11_fu_3926_p2   |     +    |      0|  0|  39|          32|          32|
    |add_ln209_12_fu_4353_p2   |     +    |      0|  0|  32|          32|          32|
    |add_ln209_1_fu_2901_p2    |     +    |      0|  0|  39|          31|          32|
    |add_ln209_4_fu_3698_p2    |     +    |      0|  0|  39|          32|          32|
    |add_ln209_5_fu_4292_p2    |     +    |      0|  0|  39|          32|          32|
    |add_ln209_6_fu_4297_p2    |     +    |      0|  0|  32|          32|          32|
    |add_ln209_7_fu_3704_p2    |     +    |      0|  0|  39|          32|          32|
    |add_ln209_8_fu_4302_p2    |     +    |      0|  0|  32|          32|          32|
    |add_ln209_9_fu_4307_p2    |     +    |      0|  0|  39|          32|          32|
    |add_ln209_fu_2907_p2      |     +    |      0|  0|  32|          32|          32|
    |add_ln67_fu_3341_p2       |     +    |      0|  0|  15|           1|           6|
    |add_ln700_1_fu_4940_p2    |     +    |      0|  0|  39|          32|          32|
    |add_ln700_2_fu_4945_p2    |     +    |      0|  0|  39|          32|          32|
    |add_ln700_3_fu_4950_p2    |     +    |      0|  0|  39|          32|          32|
    |add_ln700_4_fu_4955_p2    |     +    |      0|  0|  39|          32|          32|
    |add_ln700_5_fu_4960_p2    |     +    |      0|  0|  39|          32|          32|
    |add_ln700_6_fu_4965_p2    |     +    |      0|  0|  39|          32|          32|
    |add_ln700_7_fu_4970_p2    |     +    |      0|  0|  39|          32|          32|
    |add_ln700_fu_4935_p2      |     +    |      0|  0|  39|          32|          32|
    |ret_V_fu_2928_p2          |     +    |      0|  0|  15|           7|           1|
    |tmp_a_0_V_fu_2918_p2      |     +    |      0|  0|  39|          32|          32|
    |tmp_a_V_fu_4919_p2        |     +    |      0|  0|  32|          32|          32|
    |tmp_e_0_V_fu_2913_p2      |     +    |      0|  0|  32|          32|          32|
    |tmp_e_V_fu_4343_p2        |     +    |      0|  0|  39|          32|          32|
    |w_16_V_fu_4357_p2         |     +    |      0|  0|  32|          32|          32|
    |and_ln101_fu_3943_p2      |    and   |      0|  0|   2|           1|           1|
    |and_ln1355_1_fu_3686_p2   |    and   |      0|  0|  32|          32|          32|
    |and_ln1355_2_fu_4280_p2   |    and   |      0|  0|  32|          32|          32|
    |and_ln1355_fu_3674_p2     |    and   |      0|  0|  32|          32|          32|
    |and_ln1357_fu_4274_p2     |    and   |      0|  0|  32|          32|          32|
    |ap_condition_507          |    and   |      0|  0|   2|           1|           1|
    |ap_condition_767          |    and   |      0|  0|   2|           1|           1|
    |ap_condition_769          |    and   |      0|  0|   2|           1|           1|
    |ap_condition_771          |    and   |      0|  0|   2|           1|           1|
    |ap_condition_773          |    and   |      0|  0|   2|           1|           1|
    |ap_condition_775          |    and   |      0|  0|   2|           1|           1|
    |ap_condition_777          |    and   |      0|  0|   2|           1|           1|
    |ap_condition_779          |    and   |      0|  0|   2|           1|           1|
    |ap_condition_781          |    and   |      0|  0|   2|           1|           1|
    |ap_condition_783          |    and   |      0|  0|   2|           1|           1|
    |ap_condition_785          |    and   |      0|  0|   2|           1|           1|
    |ap_condition_787          |    and   |      0|  0|   2|           1|           1|
    |ap_condition_789          |    and   |      0|  0|   2|           1|           1|
    |ap_condition_791          |    and   |      0|  0|   2|           1|           1|
    |ap_condition_793          |    and   |      0|  0|   2|           1|           1|
    |ap_condition_795          |    and   |      0|  0|   2|           1|           1|
    |ap_condition_797          |    and   |      0|  0|   2|           1|           1|
    |ap_condition_799          |    and   |      0|  0|   2|           1|           1|
    |ap_condition_801          |    and   |      0|  0|   2|           1|           1|
    |ap_condition_803          |    and   |      0|  0|   2|           1|           1|
    |ap_condition_805          |    and   |      0|  0|   2|           1|           1|
    |ap_condition_807          |    and   |      0|  0|   2|           1|           1|
    |ap_condition_809          |    and   |      0|  0|   2|           1|           1|
    |ap_condition_811          |    and   |      0|  0|   2|           1|           1|
    |ap_condition_813          |    and   |      0|  0|   2|           1|           1|
    |ap_condition_815          |    and   |      0|  0|   2|           1|           1|
    |ap_condition_817          |    and   |      0|  0|   2|           1|           1|
    |ap_condition_819          |    and   |      0|  0|   2|           1|           1|
    |ap_condition_821          |    and   |      0|  0|   2|           1|           1|
    |ap_condition_823          |    and   |      0|  0|   2|           1|           1|
    |ap_condition_825          |    and   |      0|  0|   2|           1|           1|
    |ap_condition_827          |    and   |      0|  0|   2|           1|           1|
    |ap_condition_829          |    and   |      0|  0|   2|           1|           1|
    |ap_condition_831          |    and   |      0|  0|   2|           1|           1|
    |ap_condition_833          |    and   |      0|  0|   2|           1|           1|
    |ap_condition_835          |    and   |      0|  0|   2|           1|           1|
    |ap_condition_837          |    and   |      0|  0|   2|           1|           1|
    |ap_condition_839          |    and   |      0|  0|   2|           1|           1|
    |ap_condition_841          |    and   |      0|  0|   2|           1|           1|
    |ap_condition_843          |    and   |      0|  0|   2|           1|           1|
    |ap_condition_845          |    and   |      0|  0|   2|           1|           1|
    |ap_condition_847          |    and   |      0|  0|   2|           1|           1|
    |ap_condition_849          |    and   |      0|  0|   2|           1|           1|
    |ap_condition_851          |    and   |      0|  0|   2|           1|           1|
    |ap_condition_853          |    and   |      0|  0|   2|           1|           1|
    |ap_condition_855          |    and   |      0|  0|   2|           1|           1|
    |ap_condition_857          |    and   |      0|  0|   2|           1|           1|
    |ap_condition_954          |    and   |      0|  0|   2|           1|           1|
    |ap_condition_957          |    and   |      0|  0|   2|           1|           1|
    |icmp_ln101_fu_3931_p2     |   icmp   |      0|  0|  11|           7|           1|
    |icmp_ln887_1_fu_3464_p2   |   icmp   |      0|  0|  11|           7|           6|
    |icmp_ln887_2_fu_3937_p2   |   icmp   |      0|  0|  11|           7|           6|
    |icmp_ln887_fu_2922_p2     |   icmp   |      0|  0|  11|           7|           8|
    |ap_condition_758          |    or    |      0|  0|   2|           1|           1|
    |select_ln76_1_fu_4909_p3  |  select  |      0|  0|  32|           1|          32|
    |select_ln76_2_fu_4311_p3  |  select  |      0|  0|  32|           1|          32|
    |select_ln76_3_fu_4319_p3  |  select  |      0|  0|  32|           1|          32|
    |select_ln76_4_fu_4327_p3  |  select  |      0|  0|  32|           1|          32|
    |select_ln76_5_fu_4335_p3  |  select  |      0|  0|  32|           1|          32|
    |select_ln76_fu_4902_p3    |  select  |      0|  0|  32|           1|          32|
    |ap_enable_pp0             |    xor   |      0|  0|   2|           1|           2|
    |ret_V_13_fu_4013_p2       |    xor   |      0|  0|  32|          32|          32|
    |ret_V_16_fu_4666_p2       |    xor   |      0|  0|  32|          32|          32|
    |use_0_fu_4924_p2          |    xor   |      0|  0|   2|           1|           2|
    |wsig0_10_V_fu_2301_p2     |    xor   |      0|  0|  32|          32|          32|
    |wsig0_11_V_fu_2393_p2     |    xor   |      0|  0|  32|          32|          32|
    |wsig0_12_V_fu_2485_p2     |    xor   |      0|  0|  32|          32|          32|
    |wsig0_13_V_fu_2577_p2     |    xor   |      0|  0|  32|          32|          32|
    |wsig0_14_V_fu_2669_p2     |    xor   |      0|  0|  32|          32|          32|
    |wsig0_15_V_fu_2825_p2     |    xor   |      0|  0|  32|          32|          32|
    |wsig0_1_V_fu_1473_p2      |    xor   |      0|  0|  32|          32|          32|
    |wsig0_2_V_fu_1565_p2      |    xor   |      0|  0|  32|          32|          32|
    |wsig0_3_V_fu_1657_p2      |    xor   |      0|  0|  32|          32|          32|
    |wsig0_4_V_fu_1749_p2      |    xor   |      0|  0|  32|          32|          32|
    |wsig0_5_V_fu_1841_p2      |    xor   |      0|  0|  32|          32|          32|
    |wsig0_6_V_fu_1933_p2      |    xor   |      0|  0|  32|          32|          32|
    |wsig0_7_V_fu_2025_p2      |    xor   |      0|  0|  32|          32|          32|
    |wsig0_8_V_fu_2117_p2      |    xor   |      0|  0|  32|          32|          32|
    |wsig0_9_V_fu_2209_p2      |    xor   |      0|  0|  32|          32|          32|
    |wsig1_14_V_fu_2751_p2     |    xor   |      0|  0|  32|          32|          32|
    |wsig1_15_V_fu_2895_p2     |    xor   |      0|  0|  32|          32|          32|
    |xor_ln1357_11_fu_1927_p2  |    xor   |      0|  0|  32|          32|          32|
    |xor_ln1357_13_fu_2019_p2  |    xor   |      0|  0|  32|          32|          32|
    |xor_ln1357_15_fu_2111_p2  |    xor   |      0|  0|  32|          32|          32|
    |xor_ln1357_17_fu_2203_p2  |    xor   |      0|  0|  32|          32|          32|
    |xor_ln1357_19_fu_2295_p2  |    xor   |      0|  0|  32|          32|          32|
    |xor_ln1357_21_fu_2387_p2  |    xor   |      0|  0|  32|          32|          32|
    |xor_ln1357_23_fu_2479_p2  |    xor   |      0|  0|  32|          32|          32|
    |xor_ln1357_25_fu_2571_p2  |    xor   |      0|  0|  32|          32|          32|
    |xor_ln1357_27_fu_2663_p2  |    xor   |      0|  0|  32|          32|          32|
    |xor_ln1357_29_fu_2745_p2  |    xor   |      0|  0|  32|          32|          32|
    |xor_ln1357_2_fu_1559_p2   |    xor   |      0|  0|  32|          32|          32|
    |xor_ln1357_31_fu_2819_p2  |    xor   |      0|  0|  32|          32|          32|
    |xor_ln1357_33_fu_2889_p2  |    xor   |      0|  0|  32|          32|          32|
    |xor_ln1357_35_fu_3662_p2  |    xor   |      0|  0|  32|          32|          32|
    |xor_ln1357_36_fu_3668_p2  |    xor   |      0|  0|  32|          32|          32|
    |xor_ln1357_37_fu_3692_p2  |    xor   |      0|  0|  32|          32|          32|
    |xor_ln1357_38_fu_4256_p2  |    xor   |      0|  0|  32|          32|          32|
    |xor_ln1357_39_fu_4262_p2  |    xor   |      0|  0|  32|          32|          32|
    |xor_ln1357_40_fu_4286_p2  |    xor   |      0|  0|  32|          32|          32|
    |xor_ln1357_41_fu_4007_p2  |    xor   |      0|  0|  32|          32|          32|
    |xor_ln1357_43_fu_4660_p2  |    xor   |      0|  0|  32|          32|          32|
    |xor_ln1357_4_fu_1651_p2   |    xor   |      0|  0|  32|          32|          32|
    |xor_ln1357_6_fu_1743_p2   |    xor   |      0|  0|  32|          32|          32|
    |xor_ln1357_8_fu_1835_p2   |    xor   |      0|  0|  32|          32|          32|
    |xor_ln1357_9_fu_4268_p2   |    xor   |      0|  0|  32|          32|          32|
    |xor_ln1357_fu_1467_p2     |    xor   |      0|  0|  32|          32|          32|
    |xor_ln769_fu_3680_p2      |    xor   |      0|  0|  32|          32|           2|
    +--------------------------+----------+-------+---+----+------------+------------+
    |Total                     |          |      0|  0|2852|        2462|        2613|
    +--------------------------+----------+-------+---+----+------------+------------+

    * Multiplexer: 
    +-----------------------------------------------+-----+-----------+-----+-----------+
    |                      Name                     | LUT | Input Size| Bits| Total Bits|
    +-----------------------------------------------+-----+-----------+-----+-----------+
    |ap_NS_fsm                                      |   38|          7|    1|          7|
    |ap_enable_reg_pp0_iter1                        |    9|          2|    1|          2|
    |ap_enable_reg_pp0_iter2                        |   15|          3|    1|          3|
    |ap_phi_mux_f_V_phi_fu_1069_p4                  |    9|          2|   32|         64|
    |ap_phi_mux_g_V_phi_fu_1058_p4                  |    9|          2|   32|         64|
    |ap_phi_mux_h_V_phi_fu_1079_p4                  |    9|          2|   32|         64|
    |ap_phi_mux_t_V_phi_fu_1047_p4                  |    9|          2|    7|         14|
    |ap_phi_reg_pp0_iter1_phi_ln215_reg_1191        |  213|         49|   32|       1568|
    |ap_phi_reg_pp0_iter1_tmp_wi_back_1_V_reg_1087  |  213|         49|   32|       1568|
    |ap_sig_allocacmp_w_63_V_10_load                |    9|          2|   32|         64|
    |ap_sig_allocacmp_w_63_V_11_load                |    9|          2|   32|         64|
    |ap_sig_allocacmp_w_63_V_12_load                |    9|          2|   32|         64|
    |ap_sig_allocacmp_w_63_V_13_load                |    9|          2|   32|         64|
    |ap_sig_allocacmp_w_63_V_14_load                |    9|          2|   32|         64|
    |ap_sig_allocacmp_w_63_V_15_load                |    9|          2|   32|         64|
    |ap_sig_allocacmp_w_63_V_16_load                |    9|          2|   32|         64|
    |ap_sig_allocacmp_w_63_V_17_load                |    9|          2|   32|         64|
    |ap_sig_allocacmp_w_63_V_18_load                |    9|          2|   32|         64|
    |ap_sig_allocacmp_w_63_V_19_load                |    9|          2|   32|         64|
    |ap_sig_allocacmp_w_63_V_1_load                 |    9|          2|   32|         64|
    |ap_sig_allocacmp_w_63_V_20_load                |    9|          2|   32|         64|
    |ap_sig_allocacmp_w_63_V_21_load                |    9|          2|   32|         64|
    |ap_sig_allocacmp_w_63_V_22_load                |    9|          2|   32|         64|
    |ap_sig_allocacmp_w_63_V_23_load                |    9|          2|   32|         64|
    |ap_sig_allocacmp_w_63_V_24_load                |    9|          2|   32|         64|
    |ap_sig_allocacmp_w_63_V_25_load                |    9|          2|   32|         64|
    |ap_sig_allocacmp_w_63_V_26_load                |    9|          2|   32|         64|
    |ap_sig_allocacmp_w_63_V_27_load                |    9|          2|   32|         64|
    |ap_sig_allocacmp_w_63_V_28_load                |    9|          2|   32|         64|
    |ap_sig_allocacmp_w_63_V_29_load                |    9|          2|   32|         64|
    |ap_sig_allocacmp_w_63_V_2_load                 |    9|          2|   32|         64|
    |ap_sig_allocacmp_w_63_V_30_load                |    9|          2|   32|         64|
    |ap_sig_allocacmp_w_63_V_31_load                |    9|          2|   32|         64|
    |ap_sig_allocacmp_w_63_V_32_load                |    9|          2|   32|         64|
    |ap_sig_allocacmp_w_63_V_33_load                |    9|          2|   32|         64|
    |ap_sig_allocacmp_w_63_V_34_load                |    9|          2|   32|         64|
    |ap_sig_allocacmp_w_63_V_35_load                |    9|          2|   32|         64|
    |ap_sig_allocacmp_w_63_V_36_load                |    9|          2|   32|         64|
    |ap_sig_allocacmp_w_63_V_37_load                |    9|          2|   32|         64|
    |ap_sig_allocacmp_w_63_V_38_load                |    9|          2|   32|         64|
    |ap_sig_allocacmp_w_63_V_39_load                |    9|          2|   32|         64|
    |ap_sig_allocacmp_w_63_V_3_load                 |    9|          2|   32|         64|
    |ap_sig_allocacmp_w_63_V_40_load                |    9|          2|   32|         64|
    |ap_sig_allocacmp_w_63_V_41_load                |    9|          2|   32|         64|
    |ap_sig_allocacmp_w_63_V_42_load                |    9|          2|   32|         64|
    |ap_sig_allocacmp_w_63_V_43_load                |    9|          2|   32|         64|
    |ap_sig_allocacmp_w_63_V_44_load                |    9|          2|   32|         64|
    |ap_sig_allocacmp_w_63_V_45_load                |    9|          2|   32|         64|
    |ap_sig_allocacmp_w_63_V_46_load                |    9|          2|   32|         64|
    |ap_sig_allocacmp_w_63_V_47_load                |    9|          2|   32|         64|
    |ap_sig_allocacmp_w_63_V_4_load                 |    9|          2|   32|         64|
    |ap_sig_allocacmp_w_63_V_5_load                 |    9|          2|   32|         64|
    |ap_sig_allocacmp_w_63_V_6_load                 |    9|          2|   32|         64|
    |ap_sig_allocacmp_w_63_V_7_load                 |    9|          2|   32|         64|
    |ap_sig_allocacmp_w_63_V_8_load                 |    9|          2|   32|         64|
    |ap_sig_allocacmp_w_63_V_9_load                 |    9|          2|   32|         64|
    |ap_sig_allocacmp_w_63_V_load                   |    9|          2|   32|         64|
    |ap_sig_allocacmp_wsig1_61_V_10_load            |    9|          2|   32|         64|
    |ap_sig_allocacmp_wsig1_61_V_11_load            |    9|          2|   32|         64|
    |ap_sig_allocacmp_wsig1_61_V_12_load            |    9|          2|   32|         64|
    |ap_sig_allocacmp_wsig1_61_V_13_load            |    9|          2|   32|         64|
    |ap_sig_allocacmp_wsig1_61_V_14_load            |    9|          2|   32|         64|
    |ap_sig_allocacmp_wsig1_61_V_15_load            |    9|          2|   32|         64|
    |ap_sig_allocacmp_wsig1_61_V_16_load            |    9|          2|   32|         64|
    |ap_sig_allocacmp_wsig1_61_V_17_load            |    9|          2|   32|         64|
    |ap_sig_allocacmp_wsig1_61_V_18_load            |    9|          2|   32|         64|
    |ap_sig_allocacmp_wsig1_61_V_19_load            |    9|          2|   32|         64|
    |ap_sig_allocacmp_wsig1_61_V_1_load             |    9|          2|   32|         64|
    |ap_sig_allocacmp_wsig1_61_V_20_load            |    9|          2|   32|         64|
    |ap_sig_allocacmp_wsig1_61_V_21_load            |    9|          2|   32|         64|
    |ap_sig_allocacmp_wsig1_61_V_22_load            |    9|          2|   32|         64|
    |ap_sig_allocacmp_wsig1_61_V_23_load            |    9|          2|   32|         64|
    |ap_sig_allocacmp_wsig1_61_V_24_load            |    9|          2|   32|         64|
    |ap_sig_allocacmp_wsig1_61_V_25_load            |    9|          2|   32|         64|
    |ap_sig_allocacmp_wsig1_61_V_26_load            |    9|          2|   32|         64|
    |ap_sig_allocacmp_wsig1_61_V_27_load            |    9|          2|   32|         64|
    |ap_sig_allocacmp_wsig1_61_V_28_load            |    9|          2|   32|         64|
    |ap_sig_allocacmp_wsig1_61_V_29_load            |    9|          2|   32|         64|
    |ap_sig_allocacmp_wsig1_61_V_2_load             |    9|          2|   32|         64|
    |ap_sig_allocacmp_wsig1_61_V_30_load            |    9|          2|   32|         64|
    |ap_sig_allocacmp_wsig1_61_V_31_load            |    9|          2|   32|         64|
    |ap_sig_allocacmp_wsig1_61_V_32_load            |    9|          2|   32|         64|
    |ap_sig_allocacmp_wsig1_61_V_33_load            |    9|          2|   32|         64|
    |ap_sig_allocacmp_wsig1_61_V_34_load            |    9|          2|   32|         64|
    |ap_sig_allocacmp_wsig1_61_V_35_load            |    9|          2|   32|         64|
    |ap_sig_allocacmp_wsig1_61_V_36_load            |    9|          2|   32|         64|
    |ap_sig_allocacmp_wsig1_61_V_37_load            |    9|          2|   32|         64|
    |ap_sig_allocacmp_wsig1_61_V_38_load            |    9|          2|   32|         64|
    |ap_sig_allocacmp_wsig1_61_V_39_load            |    9|          2|   32|         64|
    |ap_sig_allocacmp_wsig1_61_V_3_load             |    9|          2|   32|         64|
    |ap_sig_allocacmp_wsig1_61_V_40_load            |    9|          2|   32|         64|
    |ap_sig_allocacmp_wsig1_61_V_41_load            |    9|          2|   32|         64|
    |ap_sig_allocacmp_wsig1_61_V_42_load            |    9|          2|   32|         64|
    |ap_sig_allocacmp_wsig1_61_V_43_load            |    9|          2|   32|         64|
    |ap_sig_allocacmp_wsig1_61_V_44_load            |    9|          2|   32|         64|
    |ap_sig_allocacmp_wsig1_61_V_45_load            |    9|          2|   32|         64|
    |ap_sig_allocacmp_wsig1_61_V_4_load             |    9|          2|   32|         64|
    |ap_sig_allocacmp_wsig1_61_V_5_load             |    9|          2|   32|         64|
    |ap_sig_allocacmp_wsig1_61_V_6_load             |    9|          2|   32|         64|
    |ap_sig_allocacmp_wsig1_61_V_7_load             |    9|          2|   32|         64|
    |ap_sig_allocacmp_wsig1_61_V_8_load             |    9|          2|   32|         64|
    |ap_sig_allocacmp_wsig1_61_V_9_load             |    9|          2|   32|         64|
    |ap_sig_allocacmp_wsig1_61_V_load               |    9|          2|   32|         64|
    |b_V_reg_1302                                   |    9|          2|   32|         64|
    |c_V_reg_1292                                   |    9|          2|   32|         64|
    |d_V_reg_1313                                   |    9|          2|   32|         64|
    |f_V_reg_1065                                   |    9|          2|   32|         64|
    |g_V_reg_1055                                   |    9|          2|   32|         64|
    |h_V_reg_1076                                   |    9|          2|   32|         64|
    |p_02495_0_i_reg_1346                           |    9|          2|   32|         64|
    |p_02631_0_i_reg_1335                           |    9|          2|   32|         64|
    |p_02639_0_i_reg_1324                           |    9|          2|   32|         64|
    |p_02641_0_i_reg_1356                           |    9|          2|   32|         64|
    |t_V_reg_1043                                   |    9|          2|    7|         14|
    |use_0_0_i_reg_1365                             |    9|          2|    1|          2|
    +-----------------------------------------------+-----+-----------+-----+-----------+
    |Total                                          | 1478|        330| 3506|      10026|
    +-----------------------------------------------+-----+-----------+-----+-----------+

    * Register: 
    +-----------------------------------------------+----+----+-----+-----------+
    |                      Name                     | FF | LUT| Bits| Const Bits|
    +-----------------------------------------------+----+----+-----+-----------+
    |add_ln209_11_reg_6590                          |  32|   0|   32|          0|
    |add_ln209_1_reg_5985                           |  32|   0|   32|          0|
    |add_ln209_4_reg_6573                           |  32|   0|   32|          0|
    |add_ln209_5_reg_6609                           |  32|   0|   32|          0|
    |add_ln209_7_reg_6579                           |  32|   0|   32|          0|
    |add_ln209_8_reg_6614                           |  32|   0|   32|          0|
    |add_ln67_reg_6548                              |   6|   0|    6|          0|
    |and_ln101_reg_6595                             |   1|   0|    1|          0|
    |ap_CS_fsm                                      |   6|   0|    6|          0|
    |ap_enable_reg_pp0_iter0                        |   1|   0|    1|          0|
    |ap_enable_reg_pp0_iter1                        |   1|   0|    1|          0|
    |ap_enable_reg_pp0_iter2                        |   1|   0|    1|          0|
    |ap_phi_reg_pp0_iter0_tmp_wi_back_1_V_reg_1087  |  32|   0|   32|          0|
    |ap_phi_reg_pp0_iter1_phi_ln215_reg_1191        |  32|   0|   32|          0|
    |ap_phi_reg_pp0_iter1_tmp_wi_back_1_V_reg_1087  |  32|   0|   32|          0|
    |b_V_reg_1302                                   |  32|   0|   32|          0|
    |c_V_reg_1292                                   |  32|   0|   32|          0|
    |d_V_reg_1313                                   |  32|   0|   32|          0|
    |f_V_reg_1065                                   |  32|   0|   32|          0|
    |g_V_reg_1055                                   |  32|   0|   32|          0|
    |h_V_reg_1076                                   |  32|   0|   32|          0|
    |icmp_ln887_1_reg_6558                          |   1|   0|    1|          0|
    |icmp_ln887_reg_6050                            |   1|   0|    1|          0|
    |icmp_ln887_reg_6050_pp0_iter1_reg              |   1|   0|    1|          0|
    |k_i_1_V_reg_6567                               |  32|   0|   32|          0|
    |p_01814_04751_i_fu_460                         |  32|   0|   32|          0|
    |p_01864_04752_i_fu_464                         |  32|   0|   32|          0|
    |p_01864_04752_i_load_reg_6599                  |  32|   0|   32|          0|
    |p_02495_0_i_reg_1346                           |  32|   0|   32|          0|
    |p_02631_0_i_reg_1335                           |  32|   0|   32|          0|
    |p_02639_0_i_reg_1324                           |  32|   0|   32|          0|
    |p_02641_0_i_reg_1356                           |  32|   0|   32|          0|
    |phi_ln215_1_reg_6562                           |  32|   0|   32|          0|
    |phi_ln215_2_reg_6585                           |  32|   0|   32|          0|
    |ret_V_reg_6054                                 |   7|   0|    7|          0|
    |select_ln76_2_reg_6620                         |  32|   0|   32|          0|
    |select_ln76_5_reg_6625                         |  32|   0|   32|          0|
    |t_V_reg_1043                                   |   7|   0|    7|          0|
    |tmp_e_0_V_reg_6004                             |  32|   0|   32|          0|
    |tmp_e_V_reg_6630                               |  32|   0|   32|          0|
    |tmp_wi_V_reg_6538                              |  32|   0|   32|          0|
    |tmp_wi_back_1_V_reg_1087                       |  32|   0|   32|          0|
    |trunc_ln62_reg_6060                            |   6|   0|    6|          0|
    |trunc_ln62_reg_6060_pp0_iter1_reg              |   6|   0|    6|          0|
    |use_0_0_i_reg_1365                             |   1|   0|    1|          0|
    |w_0_V_reg_5797                                 |  32|   0|   32|          0|
    |w_10_V_reg_5902                                |  32|   0|   32|          0|
    |w_11_V_reg_5914                                |  32|   0|   32|          0|
    |w_12_V_reg_5926                                |  32|   0|   32|          0|
    |w_13_V_reg_5938                                |  32|   0|   32|          0|
    |w_14_V_reg_5950                                |  32|   0|   32|          0|
    |w_15_V_reg_5967                                |  32|   0|   32|          0|
    |w_1_V_reg_5802                                 |  32|   0|   32|          0|
    |w_2_V_reg_5813                                 |  32|   0|   32|          0|
    |w_3_V_reg_5824                                 |  32|   0|   32|          0|
    |w_4_V_reg_5835                                 |  32|   0|   32|          0|
    |w_5_V_reg_5846                                 |  32|   0|   32|          0|
    |w_63_V_10_fu_508                               |  32|   0|   32|          0|
    |w_63_V_11_fu_512                               |  32|   0|   32|          0|
    |w_63_V_12_fu_516                               |  32|   0|   32|          0|
    |w_63_V_13_fu_520                               |  32|   0|   32|          0|
    |w_63_V_14_fu_524                               |  32|   0|   32|          0|
    |w_63_V_15_fu_528                               |  32|   0|   32|          0|
    |w_63_V_16_fu_532                               |  32|   0|   32|          0|
    |w_63_V_17_fu_536                               |  32|   0|   32|          0|
    |w_63_V_18_fu_540                               |  32|   0|   32|          0|
    |w_63_V_19_fu_544                               |  32|   0|   32|          0|
    |w_63_V_1_fu_472                                |  32|   0|   32|          0|
    |w_63_V_20_fu_548                               |  32|   0|   32|          0|
    |w_63_V_21_fu_552                               |  32|   0|   32|          0|
    |w_63_V_22_fu_556                               |  32|   0|   32|          0|
    |w_63_V_23_fu_560                               |  32|   0|   32|          0|
    |w_63_V_24_fu_564                               |  32|   0|   32|          0|
    |w_63_V_25_fu_568                               |  32|   0|   32|          0|
    |w_63_V_26_fu_572                               |  32|   0|   32|          0|
    |w_63_V_27_fu_576                               |  32|   0|   32|          0|
    |w_63_V_28_fu_580                               |  32|   0|   32|          0|
    |w_63_V_29_fu_584                               |  32|   0|   32|          0|
    |w_63_V_2_fu_476                                |  32|   0|   32|          0|
    |w_63_V_30_fu_588                               |  32|   0|   32|          0|
    |w_63_V_31_fu_592                               |  32|   0|   32|          0|
    |w_63_V_32_fu_596                               |  32|   0|   32|          0|
    |w_63_V_33_fu_600                               |  32|   0|   32|          0|
    |w_63_V_34_fu_604                               |  32|   0|   32|          0|
    |w_63_V_35_fu_608                               |  32|   0|   32|          0|
    |w_63_V_36_fu_612                               |  32|   0|   32|          0|
    |w_63_V_37_fu_616                               |  32|   0|   32|          0|
    |w_63_V_38_fu_620                               |  32|   0|   32|          0|
    |w_63_V_39_fu_624                               |  32|   0|   32|          0|
    |w_63_V_3_fu_480                                |  32|   0|   32|          0|
    |w_63_V_40_fu_628                               |  32|   0|   32|          0|
    |w_63_V_41_fu_632                               |  32|   0|   32|          0|
    |w_63_V_42_fu_636                               |  32|   0|   32|          0|
    |w_63_V_43_fu_640                               |  32|   0|   32|          0|
    |w_63_V_44_fu_644                               |  32|   0|   32|          0|
    |w_63_V_45_fu_648                               |  32|   0|   32|          0|
    |w_63_V_46_fu_652                               |  32|   0|   32|          0|
    |w_63_V_47_fu_656                               |  32|   0|   32|          0|
    |w_63_V_4_fu_484                                |  32|   0|   32|          0|
    |w_63_V_5_fu_488                                |  32|   0|   32|          0|
    |w_63_V_6_fu_492                                |  32|   0|   32|          0|
    |w_63_V_7_fu_496                                |  32|   0|   32|          0|
    |w_63_V_8_fu_500                                |  32|   0|   32|          0|
    |w_63_V_9_fu_504                                |  32|   0|   32|          0|
    |w_63_V_fu_468                                  |  32|   0|   32|          0|
    |w_6_V_reg_5857                                 |  32|   0|   32|          0|
    |w_7_V_reg_5868                                 |  32|   0|   32|          0|
    |w_8_V_reg_5879                                 |  32|   0|   32|          0|
    |w_9_V_reg_5890                                 |  32|   0|   32|          0|
    |w_i_1_V_reg_6553                               |  32|   0|   32|          0|
    |wsig0_10_V_reg_5909                            |  32|   0|   32|          0|
    |wsig0_11_V_reg_5921                            |  32|   0|   32|          0|
    |wsig0_12_V_reg_5933                            |  32|   0|   32|          0|
    |wsig0_13_V_reg_5945                            |  32|   0|   32|          0|
    |wsig0_14_V_reg_5957                            |  32|   0|   32|          0|
    |wsig0_15_V_reg_5975                            |  32|   0|   32|          0|
    |wsig0_1_V_reg_5808                             |  32|   0|   32|          0|
    |wsig0_2_V_reg_5819                             |  32|   0|   32|          0|
    |wsig0_3_V_reg_5830                             |  32|   0|   32|          0|
    |wsig0_48_V_10_fu_884                           |  32|   0|   32|          0|
    |wsig0_48_V_11_fu_888                           |  32|   0|   32|          0|
    |wsig0_48_V_12_fu_892                           |  32|   0|   32|          0|
    |wsig0_48_V_13_fu_896                           |  32|   0|   32|          0|
    |wsig0_48_V_14_fu_900                           |  32|   0|   32|          0|
    |wsig0_48_V_15_fu_904                           |  32|   0|   32|          0|
    |wsig0_48_V_16_fu_908                           |  32|   0|   32|          0|
    |wsig0_48_V_17_fu_912                           |  32|   0|   32|          0|
    |wsig0_48_V_18_fu_916                           |  32|   0|   32|          0|
    |wsig0_48_V_19_fu_920                           |  32|   0|   32|          0|
    |wsig0_48_V_1_fu_848                            |  32|   0|   32|          0|
    |wsig0_48_V_20_fu_924                           |  32|   0|   32|          0|
    |wsig0_48_V_21_fu_928                           |  32|   0|   32|          0|
    |wsig0_48_V_22_fu_932                           |  32|   0|   32|          0|
    |wsig0_48_V_23_fu_936                           |  32|   0|   32|          0|
    |wsig0_48_V_24_fu_940                           |  32|   0|   32|          0|
    |wsig0_48_V_25_fu_944                           |  32|   0|   32|          0|
    |wsig0_48_V_26_fu_948                           |  32|   0|   32|          0|
    |wsig0_48_V_27_fu_952                           |  32|   0|   32|          0|
    |wsig0_48_V_28_fu_956                           |  32|   0|   32|          0|
    |wsig0_48_V_29_fu_960                           |  32|   0|   32|          0|
    |wsig0_48_V_2_fu_852                            |  32|   0|   32|          0|
    |wsig0_48_V_30_fu_964                           |  32|   0|   32|          0|
    |wsig0_48_V_31_fu_968                           |  32|   0|   32|          0|
    |wsig0_48_V_32_fu_972                           |  32|   0|   32|          0|
    |wsig0_48_V_3_fu_856                            |  32|   0|   32|          0|
    |wsig0_48_V_4_fu_860                            |  32|   0|   32|          0|
    |wsig0_48_V_5_fu_864                            |  32|   0|   32|          0|
    |wsig0_48_V_6_fu_868                            |  32|   0|   32|          0|
    |wsig0_48_V_7_fu_872                            |  32|   0|   32|          0|
    |wsig0_48_V_8_fu_876                            |  32|   0|   32|          0|
    |wsig0_48_V_9_fu_880                            |  32|   0|   32|          0|
    |wsig0_48_V_fu_844                              |  32|   0|   32|          0|
    |wsig0_4_V_reg_5841                             |  32|   0|   32|          0|
    |wsig0_5_V_reg_5852                             |  32|   0|   32|          0|
    |wsig0_6_V_reg_5863                             |  32|   0|   32|          0|
    |wsig0_7_V_reg_5874                             |  32|   0|   32|          0|
    |wsig0_8_V_reg_5885                             |  32|   0|   32|          0|
    |wsig0_9_V_reg_5897                             |  32|   0|   32|          0|
    |wsig1_14_V_reg_5962                            |  32|   0|   32|          0|
    |wsig1_15_V_reg_5980                            |  32|   0|   32|          0|
    |wsig1_61_V_10_fu_700                           |  32|   0|   32|          0|
    |wsig1_61_V_11_fu_704                           |  32|   0|   32|          0|
    |wsig1_61_V_12_fu_708                           |  32|   0|   32|          0|
    |wsig1_61_V_13_fu_712                           |  32|   0|   32|          0|
    |wsig1_61_V_14_fu_716                           |  32|   0|   32|          0|
    |wsig1_61_V_15_fu_720                           |  32|   0|   32|          0|
    |wsig1_61_V_16_fu_724                           |  32|   0|   32|          0|
    |wsig1_61_V_17_fu_728                           |  32|   0|   32|          0|
    |wsig1_61_V_18_fu_732                           |  32|   0|   32|          0|
    |wsig1_61_V_19_fu_736                           |  32|   0|   32|          0|
    |wsig1_61_V_1_fu_664                            |  32|   0|   32|          0|
    |wsig1_61_V_20_fu_740                           |  32|   0|   32|          0|
    |wsig1_61_V_21_fu_744                           |  32|   0|   32|          0|
    |wsig1_61_V_22_fu_748                           |  32|   0|   32|          0|
    |wsig1_61_V_23_fu_752                           |  32|   0|   32|          0|
    |wsig1_61_V_24_fu_756                           |  32|   0|   32|          0|
    |wsig1_61_V_25_fu_760                           |  32|   0|   32|          0|
    |wsig1_61_V_26_fu_764                           |  32|   0|   32|          0|
    |wsig1_61_V_27_fu_768                           |  32|   0|   32|          0|
    |wsig1_61_V_28_fu_772                           |  32|   0|   32|          0|
    |wsig1_61_V_29_fu_776                           |  32|   0|   32|          0|
    |wsig1_61_V_2_fu_668                            |  32|   0|   32|          0|
    |wsig1_61_V_30_fu_780                           |  32|   0|   32|          0|
    |wsig1_61_V_31_fu_784                           |  32|   0|   32|          0|
    |wsig1_61_V_32_fu_788                           |  32|   0|   32|          0|
    |wsig1_61_V_33_fu_792                           |  32|   0|   32|          0|
    |wsig1_61_V_34_fu_796                           |  32|   0|   32|          0|
    |wsig1_61_V_35_fu_800                           |  32|   0|   32|          0|
    |wsig1_61_V_36_fu_804                           |  32|   0|   32|          0|
    |wsig1_61_V_37_fu_808                           |  32|   0|   32|          0|
    |wsig1_61_V_38_fu_812                           |  32|   0|   32|          0|
    |wsig1_61_V_39_fu_816                           |  32|   0|   32|          0|
    |wsig1_61_V_3_fu_672                            |  32|   0|   32|          0|
    |wsig1_61_V_40_fu_820                           |  32|   0|   32|          0|
    |wsig1_61_V_41_fu_824                           |  32|   0|   32|          0|
    |wsig1_61_V_42_fu_828                           |  32|   0|   32|          0|
    |wsig1_61_V_43_fu_832                           |  32|   0|   32|          0|
    |wsig1_61_V_44_fu_836                           |  32|   0|   32|          0|
    |wsig1_61_V_45_fu_840                           |  32|   0|   32|          0|
    |wsig1_61_V_4_fu_676                            |  32|   0|   32|          0|
    |wsig1_61_V_5_fu_680                            |  32|   0|   32|          0|
    |wsig1_61_V_6_fu_684                            |  32|   0|   32|          0|
    |wsig1_61_V_7_fu_688                            |  32|   0|   32|          0|
    |wsig1_61_V_8_fu_692                            |  32|   0|   32|          0|
    |wsig1_61_V_9_fu_696                            |  32|   0|   32|          0|
    |wsig1_61_V_fu_660                              |  32|   0|   32|          0|
    |xor_ln1357_40_reg_6604                         |  32|   0|   32|          0|
    +-----------------------------------------------+----+----+-----+-----------+
    |Total                                          |6222|   0| 6222|          0|
    +-----------------------------------------------+----+----+-----+-----------+



================================================================
== Interface
================================================================
* Summary: 
+---------------+-----+-----+------------+---------------+--------------+
|   RTL Ports   | Dir | Bits|  Protocol  | Source Object |    C Type    |
+---------------+-----+-----+------------+---------------+--------------+
|ap_clk         |  in |    1| ap_ctrl_hs | sha256_update | return value |
|ap_rst         |  in |    1| ap_ctrl_hs | sha256_update | return value |
|ap_start       |  in |    1| ap_ctrl_hs | sha256_update | return value |
|ap_done        | out |    1| ap_ctrl_hs | sha256_update | return value |
|ap_idle        | out |    1| ap_ctrl_hs | sha256_update | return value |
|ap_ready       | out |    1| ap_ctrl_hs | sha256_update | return value |
|ap_return_0    | out |   32| ap_ctrl_hs | sha256_update | return value |
|ap_return_1    | out |   32| ap_ctrl_hs | sha256_update | return value |
|ap_return_2    | out |   32| ap_ctrl_hs | sha256_update | return value |
|ap_return_3    | out |   32| ap_ctrl_hs | sha256_update | return value |
|ap_return_4    | out |   32| ap_ctrl_hs | sha256_update | return value |
|ap_return_5    | out |   32| ap_ctrl_hs | sha256_update | return value |
|ap_return_6    | out |   32| ap_ctrl_hs | sha256_update | return value |
|ap_return_7    | out |   32| ap_ctrl_hs | sha256_update | return value |
|data_V         |  in |  512|   ap_none  |     data_V    |    scalar    |
|hash_0_V_read  |  in |   32|   ap_none  | hash_0_V_read |    scalar    |
|hash_1_V_read  |  in |   32|   ap_none  | hash_1_V_read |    scalar    |
|hash_2_V_read  |  in |   32|   ap_none  | hash_2_V_read |    scalar    |
|hash_3_V_read  |  in |   32|   ap_none  | hash_3_V_read |    scalar    |
|hash_4_V_read  |  in |   32|   ap_none  | hash_4_V_read |    scalar    |
|hash_5_V_read  |  in |   32|   ap_none  | hash_5_V_read |    scalar    |
|hash_6_V_read  |  in |   32|   ap_none  | hash_6_V_read |    scalar    |
|hash_7_V_read  |  in |   32|   ap_none  | hash_7_V_read |    scalar    |
+---------------+-----+-----+------------+---------------+--------------+

