

================================================================
== Vivado HLS Report for 'sha256_update'
================================================================
* Date:           Wed May  5 06:58:29 2021

* Version:        2019.2 (Build 2704478 on Wed Nov 06 22:10:23 MST 2019)
* Project:        sha256
* Solution:       solution1
* Product family: zynq
* Target device:  xc7z020-clg400-1


================================================================
== Performance Estimates
================================================================
+ Timing: 
    * Summary: 
    +--------+---------+----------+------------+
    |  Clock |  Target | Estimated| Uncertainty|
    +--------+---------+----------+------------+
    |ap_clk  | 5.00 ns | 4.371 ns |   0.62 ns  |
    +--------+---------+----------+------------+

+ Latency: 
    * Summary: 
    +---------+---------+----------+----------+-----+-----+---------+
    |  Latency (cycles) |  Latency (absolute) |  Interval | Pipeline|
    |   min   |   max   |    min   |    max   | min | max |   Type  |
    +---------+---------+----------+----------+-----+-----+---------+
    |      482|      738| 2.410 us | 3.690 us |  482|  738|   none  |
    +---------+---------+----------+----------+-----+-----+---------+

    + Detail: 
        * Instance: 
        N/A

        * Loop: 
        +-----------------+---------+---------+----------+-----------+-----------+------+----------+
        |                 |  Latency (cycles) | Iteration|  Initiation Interval  | Trip |          |
        |    Loop Name    |   min   |   max   |  Latency |  achieved |   target  | Count| Pipelined|
        +-----------------+---------+---------+----------+-----------+-----------+------+----------+
        |- ASSIGN_M_0_16  |      160|      160|        10|          -|          -|    16|    no    |
        |- ITERATE_64     |      320|      576|   5 ~ 9  |          -|          -|    64|    no    |
        +-----------------+---------+---------+----------+-----------+-----------+------+----------+



================================================================
== Utilization Estimates
================================================================
* Summary: 
+-----------------+---------+-------+--------+-------+-----+
|       Name      | BRAM_18K| DSP48E|   FF   |  LUT  | URAM|
+-----------------+---------+-------+--------+-------+-----+
|DSP              |        -|      -|       -|      -|    -|
|Expression       |        -|      -|       0|   4713|    -|
|FIFO             |        -|      -|       -|      -|    -|
|Instance         |        -|      -|    3692|   3216|    -|
|Memory           |        4|      -|       0|      0|    0|
|Multiplexer      |        -|      -|       -|    377|    -|
|Register         |        -|      -|    2220|      -|    -|
+-----------------+---------+-------+--------+-------+-----+
|Total            |        4|      0|    5912|   8306|    0|
+-----------------+---------+-------+--------+-------+-----+
|Available        |      280|    220|  106400|  53200|    0|
+-----------------+---------+-------+--------+-------+-----+
|Utilization (%)  |        1|      0|       5|     15|    0|
+-----------------+---------+-------+--------+-------+-----+

+ Detail: 
    * Instance: 
    +-------------------------+----------------------+---------+-------+------+------+-----+
    |         Instance        |        Module        | BRAM_18K| DSP48E|  FF  |  LUT | URAM|
    +-------------------------+----------------------+---------+-------+------+------+-----+
    |sha256_lshr_512nsdEe_U6  |sha256_lshr_512nsdEe  |        0|      0|  3692|  3216|    0|
    +-------------------------+----------------------+---------+-------+------+------+-----+
    |Total                    |                      |        0|      0|  3692|  3216|    0|
    +-------------------------+----------------------+---------+-------+------+------+-----+

    * DSP48E: 
    N/A

    * Memory: 
    +-----------+-------------------+---------+---+----+-----+------+-----+------+-------------+
    |   Memory  |       Module      | BRAM_18K| FF| LUT| URAM| Words| Bits| Banks| W*Bits*Banks|
    +-----------+-------------------+---------+---+----+-----+------+-----+------+-------------+
    |k_V_U      |sha256_update_k_V  |        1|  0|   0|    0|    64|   32|     1|         2048|
    |w_V_U      |sha256_update_w_V  |        1|  0|   0|    0|    64|   32|     1|         2048|
    |wsig0_V_U  |sha256_update_w_V  |        1|  0|   0|    0|    64|   32|     1|         2048|
    |wsig1_V_U  |sha256_update_w_V  |        1|  0|   0|    0|    64|   32|     1|         2048|
    +-----------+-------------------+---------+---+----+-----+------+-----+------+-------------+
    |Total      |                   |        4|  0|   0|    0|   256|  128|     4|         8192|
    +-----------+-------------------+---------+---+----+-----+------+-----+------+-------------+

    * FIFO: 
    N/A

    * Expression: 
    +--------------------------+----------+-------+---+------+------------+------------+
    |       Variable Name      | Operation| DSP48E| FF|  LUT | Bitwidth P0| Bitwidth P1|
    +--------------------------+----------+-------+---+------+------------+------------+
    |a_V_fu_1051_p2            |     +    |      0|  0|    32|          32|          32|
    |add_ln209_1_fu_945_p2     |     +    |      0|  0|    32|          32|          32|
    |add_ln209_2_fu_950_p2     |     +    |      0|  0|    32|          32|          32|
    |add_ln209_5_fu_1047_p2    |     +    |      0|  0|    32|          32|          32|
    |add_ln209_7_fu_1099_p2    |     +    |      0|  0|    32|          32|          32|
    |add_ln209_8_fu_1095_p2    |     +    |      0|  0|    39|          32|          32|
    |add_ln209_fu_955_p2       |     +    |      0|  0|    32|          32|          32|
    |add_ln700_1_fu_862_p2     |     +    |      0|  0|    39|          32|          32|
    |add_ln700_2_fu_867_p2     |     +    |      0|  0|    39|          32|          32|
    |add_ln700_3_fu_872_p2     |     +    |      0|  0|    39|          32|          32|
    |add_ln700_4_fu_877_p2     |     +    |      0|  0|    39|          32|          32|
    |add_ln700_5_fu_882_p2     |     +    |      0|  0|    39|          32|          32|
    |add_ln700_6_fu_887_p2     |     +    |      0|  0|    39|          32|          32|
    |add_ln700_7_fu_892_p2     |     +    |      0|  0|    39|          32|          32|
    |add_ln700_fu_857_p2       |     +    |      0|  0|    39|          32|          32|
    |e_V_fu_1042_p2            |     +    |      0|  0|    39|          32|          32|
    |i_V_1_fu_719_p2           |     +    |      0|  0|    15|           7|           1|
    |i_V_fu_444_p2             |     +    |      0|  0|    15|           5|           1|
    |ret_V_21_fu_1066_p2       |     +    |      0|  0|    15|           4|           6|
    |ret_V_22_fu_1082_p2       |     +    |      0|  0|    15|           4|           6|
    |ret_V_23_fu_1072_p2       |     +    |      0|  0|    15|           1|           6|
    |ret_V_24_fu_1108_p2       |     +    |      0|  0|    15|           5|           6|
    |t1_V_fu_959_p2            |     +    |      0|  0|    32|          32|          32|
    |tmp_wi_16_V_fu_1103_p2    |     +    |      0|  0|    32|          32|          32|
    |Lo_fu_468_p2              |     -    |      0|  0|    15|           7|           9|
    |sub_ln647_1_fu_505_p2     |     -    |      0|  0|    14|          10|          10|
    |sub_ln647_2_fu_534_p2     |     -    |      0|  0|    14|           9|          10|
    |sub_ln647_fu_493_p2       |     -    |      0|  0|    14|          10|          10|
    |p_Result_s_fu_557_p2      |    and   |      0|  0|   512|         512|         512|
    |ret_V_38_fu_809_p2        |    and   |      0|  0|    32|          32|          32|
    |ret_V_39_fu_821_p2        |    and   |      0|  0|    32|          32|          32|
    |ret_V_43_fu_839_p2        |    and   |      0|  0|    32|          32|          32|
    |ret_V_44_fu_845_p2        |    and   |      0|  0|    32|          32|          32|
    |icmp_ln647_fu_474_p2      |   icmp   |      0|  0|    13|           9|           9|
    |icmp_ln887_1_fu_713_p2    |   icmp   |      0|  0|    11|           7|           8|
    |icmp_ln887_2_fu_1056_p2   |   icmp   |      0|  0|    11|           7|           6|
    |icmp_ln887_fu_438_p2      |   icmp   |      0|  0|    11|           5|           6|
    |lshr_ln647_1_fu_551_p2    |   lshr   |      0|  0|  2171|           2|         512|
    |select_ln647_1_fu_519_p3  |  select  |      0|  0|   512|           1|         512|
    |select_ln647_2_fu_526_p3  |  select  |      0|  0|    10|           1|          10|
    |select_ln647_fu_511_p3    |  select  |      0|  0|    10|           1|          10|
    |Hi_fu_462_p2              |    xor   |      0|  0|     9|           9|           2|
    |r_V_24_fu_815_p2          |    xor   |      0|  0|    32|          32|           2|
    |ret_V_10_fu_803_p2        |    xor   |      0|  0|    32|          32|          32|
    |ret_V_13_fu_827_p2        |    xor   |      0|  0|    32|          32|          32|
    |ret_V_17_fu_1036_p2       |    xor   |      0|  0|    32|          32|          32|
    |ret_V_20_fu_851_p2        |    xor   |      0|  0|    32|          32|          32|
    |ret_V_27_fu_1178_p2       |    xor   |      0|  0|    32|          32|          32|
    |ret_V_30_fu_1244_p2       |    xor   |      0|  0|    32|          32|          32|
    |ret_V_6_fu_700_p2         |    xor   |      0|  0|    32|          32|          32|
    |ret_V_fu_630_p2           |    xor   |      0|  0|    32|          32|          32|
    |xor_ln1357_11_fu_1172_p2  |    xor   |      0|  0|    32|          32|          32|
    |xor_ln1357_13_fu_1238_p2  |    xor   |      0|  0|    32|          32|          32|
    |xor_ln1357_2_fu_694_p2    |    xor   |      0|  0|    32|          32|          32|
    |xor_ln1357_4_fu_797_p2    |    xor   |      0|  0|    32|          32|          32|
    |xor_ln1357_7_fu_1030_p2   |    xor   |      0|  0|    32|          32|          32|
    |xor_ln1357_9_fu_833_p2    |    xor   |      0|  0|    32|          32|          32|
    |xor_ln1357_fu_624_p2      |    xor   |      0|  0|    32|          32|          32|
    |xor_ln647_fu_499_p2       |    xor   |      0|  0|    10|          10|           9|
    +--------------------------+----------+-------+---+------+------------+------------+
    |Total                     |          |      0|  0|  4713|        1842|        2847|
    +--------------------------+----------+-------+---+------+------------+------------+

    * Multiplexer: 
    +---------------------+-----+-----------+-----+-----------+
    |         Name        | LUT | Input Size| Bits| Total Bits|
    +---------------------+-----+-----------+-----+-----------+
    |ap_NS_fsm            |  101|         21|    1|         21|
    |ap_return_0          |    9|          2|   32|         64|
    |ap_return_1          |    9|          2|   32|         64|
    |ap_return_2          |    9|          2|   32|         64|
    |ap_return_3          |    9|          2|   32|         64|
    |ap_return_4          |    9|          2|   32|         64|
    |ap_return_5          |    9|          2|   32|         64|
    |ap_return_6          |    9|          2|   32|         64|
    |ap_return_7          |    9|          2|   32|         64|
    |lhs_V_12_reg_371     |    9|          2|   32|         64|
    |lhs_V_reg_350        |    9|          2|   32|         64|
    |p_01096_0_i_reg_415  |    9|          2|   32|         64|
    |p_01131_0_i_reg_404  |    9|          2|   32|         64|
    |rhs_V_18_reg_382     |    9|          2|   32|         64|
    |rhs_V_19_reg_361     |    9|          2|   32|         64|
    |rhs_V_20_reg_393     |    9|          2|   32|         64|
    |rhs_V_reg_340        |    9|          2|   32|         64|
    |t_V_1_reg_426        |    9|          2|    7|         14|
    |t_V_reg_328          |    9|          2|    5|         10|
    |w_V_address0         |   27|          5|    6|         30|
    |w_V_d0               |   15|          3|   32|         96|
    |wsig0_V_address0     |   21|          4|    6|         24|
    |wsig0_V_d0           |   15|          3|   32|         96|
    |wsig1_V_address0     |   21|          4|    6|         24|
    |wsig1_V_d0           |   15|          3|   32|         96|
    +---------------------+-----+-----------+-----+-----------+
    |Total                |  377|         79|  639|       1435|
    +---------------------+-----+-----------+-----+-----------+

    * Register: 
    +-------------------------+-----+----+-----+-----------+
    |           Name          |  FF | LUT| Bits| Const Bits|
    +-------------------------+-----+----+-----+-----------+
    |Hi_reg_1313              |    9|   0|    9|          0|
    |Lo_reg_1319              |    4|   0|    9|          5|
    |a_V_reg_1430             |   32|   0|   32|          0|
    |add_ln209_2_reg_1409     |   32|   0|   32|          0|
    |add_ln209_8_reg_1490     |   32|   0|   32|          0|
    |ap_CS_fsm                |   20|   0|   20|          0|
    |ap_return_0_preg         |   32|   0|   32|          0|
    |ap_return_1_preg         |   32|   0|   32|          0|
    |ap_return_2_preg         |   32|   0|   32|          0|
    |ap_return_3_preg         |   32|   0|   32|          0|
    |ap_return_4_preg         |   32|   0|   32|          0|
    |ap_return_5_preg         |   32|   0|   32|          0|
    |ap_return_6_preg         |   32|   0|   32|          0|
    |ap_return_7_preg         |   32|   0|   32|          0|
    |e_V_reg_1425             |   32|   0|   32|          0|
    |i_V_1_reg_1368           |    7|   0|    7|          0|
    |i_V_reg_1308             |    5|   0|    5|          0|
    |icmp_ln887_2_reg_1435    |    1|   0|    1|          0|
    |k_V_load_reg_1404        |   32|   0|   32|          0|
    |lhs_V_12_reg_371         |   32|   0|   32|          0|
    |lhs_V_reg_350            |   32|   0|   32|          0|
    |lshr_ln647_reg_1345      |  512|   0|  512|          0|
    |p_01096_0_i_reg_415      |   32|   0|   32|          0|
    |p_01131_0_i_reg_404      |   32|   0|   32|          0|
    |ret_V_10_reg_1378        |   32|   0|   32|          0|
    |ret_V_13_reg_1383        |   32|   0|   32|          0|
    |ret_V_17_reg_1420        |   32|   0|   32|          0|
    |ret_V_20_reg_1393        |   32|   0|   32|          0|
    |ret_V_21_reg_1445        |    6|   0|    6|          0|
    |ret_V_22_reg_1455        |    6|   0|    6|          0|
    |ret_V_23_reg_1450        |    6|   0|    6|          0|
    |ret_V_24_reg_1510        |    6|   0|    6|          0|
    |ret_V_6_reg_1360         |   32|   0|   32|          0|
    |ret_V_reg_1355           |   32|   0|   32|          0|
    |rhs_V_18_reg_382         |   32|   0|   32|          0|
    |rhs_V_19_reg_361         |   32|   0|   32|          0|
    |rhs_V_20_reg_393         |   32|   0|   32|          0|
    |rhs_V_reg_340            |   32|   0|   32|          0|
    |select_ln647_1_reg_1325  |  512|   0|  512|          0|
    |select_ln647_2_reg_1330  |   10|   0|   10|          0|
    |sub_ln647_2_reg_1335     |   10|   0|   10|          0|
    |t1_V_reg_1414            |   32|   0|   32|          0|
    |t_V_1_reg_426            |    7|   0|    7|          0|
    |t_V_reg_328              |    5|   0|    5|          0|
    |tmp_wi_16_V_reg_1495     |   32|   0|   32|          0|
    |tmp_wi_V_1_reg_1398      |   32|   0|   32|          0|
    |tmp_wi_V_reg_1350        |   32|   0|   32|          0|
    |trunc_ln215_reg_1439     |    6|   0|    6|          0|
    |w_V_load_reg_1485        |   32|   0|   32|          0|
    |wsig0_V_load_reg_1480    |   32|   0|   32|          0|
    |wsig1_V_load_reg_1470    |   32|   0|   32|          0|
    +-------------------------+-----+----+-----+-----------+
    |Total                    | 2220|   0| 2225|          5|
    +-------------------------+-----+----+-----+-----------+



================================================================
== Interface
================================================================
* Summary: 
+---------------+-----+-----+------------+---------------+--------------+
|   RTL Ports   | Dir | Bits|  Protocol  | Source Object |    C Type    |
+---------------+-----+-----+------------+---------------+--------------+
|ap_clk         |  in |    1| ap_ctrl_hs | sha256_update | return value |
|ap_rst         |  in |    1| ap_ctrl_hs | sha256_update | return value |
|ap_start       |  in |    1| ap_ctrl_hs | sha256_update | return value |
|ap_done        | out |    1| ap_ctrl_hs | sha256_update | return value |
|ap_idle        | out |    1| ap_ctrl_hs | sha256_update | return value |
|ap_ready       | out |    1| ap_ctrl_hs | sha256_update | return value |
|ap_return_0    | out |   32| ap_ctrl_hs | sha256_update | return value |
|ap_return_1    | out |   32| ap_ctrl_hs | sha256_update | return value |
|ap_return_2    | out |   32| ap_ctrl_hs | sha256_update | return value |
|ap_return_3    | out |   32| ap_ctrl_hs | sha256_update | return value |
|ap_return_4    | out |   32| ap_ctrl_hs | sha256_update | return value |
|ap_return_5    | out |   32| ap_ctrl_hs | sha256_update | return value |
|ap_return_6    | out |   32| ap_ctrl_hs | sha256_update | return value |
|ap_return_7    | out |   32| ap_ctrl_hs | sha256_update | return value |
|data_V         |  in |  512|   ap_none  |     data_V    |    scalar    |
|hash_0_V_read  |  in |   32|   ap_none  | hash_0_V_read |    scalar    |
|hash_1_V_read  |  in |   32|   ap_none  | hash_1_V_read |    scalar    |
|hash_2_V_read  |  in |   32|   ap_none  | hash_2_V_read |    scalar    |
|hash_3_V_read  |  in |   32|   ap_none  | hash_3_V_read |    scalar    |
|hash_4_V_read  |  in |   32|   ap_none  | hash_4_V_read |    scalar    |
|hash_5_V_read  |  in |   32|   ap_none  | hash_5_V_read |    scalar    |
|hash_6_V_read  |  in |   32|   ap_none  | hash_6_V_read |    scalar    |
|hash_7_V_read  |  in |   32|   ap_none  | hash_7_V_read |    scalar    |
+---------------+-----+-----+------------+---------------+--------------+

