

================================================================
== Vivado HLS Report for 'sha256_update'
================================================================
* Date:           Mon May  3 00:40:36 2021

* Version:        2019.2 (Build 2704478 on Wed Nov 06 22:10:23 MST 2019)
* Project:        sha256
* Solution:       solution1
* Product family: zynq
* Target device:  xc7z020-clg400-1


================================================================
== Performance Estimates
================================================================
+ Timing: 
    * Summary: 
    +--------+---------+----------+------------+
    |  Clock |  Target | Estimated| Uncertainty|
    +--------+---------+----------+------------+
    |ap_clk  | 5.00 ns | 4.371 ns |   0.62 ns  |
    +--------+---------+----------+------------+

+ Latency: 
    * Summary: 
    +---------+---------+----------+----------+-----+-----+---------+
    |  Latency (cycles) |  Latency (absolute) |  Interval | Pipeline|
    |   min   |   max   |    min   |    max   | min | max |   Type  |
    +---------+---------+----------+----------+-----+-----+---------+
    |      195|      195| 0.975 us | 0.975 us |  195|  195|   none  |
    +---------+---------+----------+----------+-----+-----+---------+

    + Detail: 
        * Instance: 
        N/A

        * Loop: 
        +--------------+---------+---------+----------+-----------+-----------+------+----------+
        |              |  Latency (cycles) | Iteration|  Initiation Interval  | Trip |          |
        |   Loop Name  |   min   |   max   |  Latency |  achieved |   target  | Count| Pipelined|
        +--------------+---------+---------+----------+-----------+-----------+------+----------+
        |- ITERATE_64  |      193|      193|         4|          3|          3|    64|    yes   |
        +--------------+---------+---------+----------+-----------+-----------+------+----------+



================================================================
== Utilization Estimates
================================================================
* Summary: 
+-----------------+---------+-------+--------+-------+-----+
|       Name      | BRAM_18K| DSP48E|   FF   |  LUT  | URAM|
+-----------------+---------+-------+--------+-------+-----+
|DSP              |        -|      -|       -|      -|    -|
|Expression       |        -|      -|       0|   3348|    -|
|FIFO             |        -|      -|       -|      -|    -|
|Instance         |        -|      -|       0|    260|    -|
|Memory           |        1|      -|       0|      0|    -|
|Multiplexer      |        -|      -|       -|   1023|    -|
|Register         |        -|      -|    2299|      -|    -|
+-----------------+---------+-------+--------+-------+-----+
|Total            |        1|      0|    2299|   4631|    0|
+-----------------+---------+-------+--------+-------+-----+
|Available        |      280|    220|  106400|  53200|    0|
+-----------------+---------+-------+--------+-------+-----+
|Utilization (%)  |    ~0   |      0|       2|      8|    0|
+-----------------+---------+-------+--------+-------+-----+

+ Detail: 
    * Instance: 
    +-------------------------+----------------------+---------+-------+---+----+-----+
    |         Instance        |        Module        | BRAM_18K| DSP48E| FF| LUT| URAM|
    +-------------------------+----------------------+---------+-------+---+----+-----+
    |sha256_mux_164_32bkb_U1  |sha256_mux_164_32bkb  |        0|      0|  0|  65|    0|
    |sha256_mux_164_32bkb_U2  |sha256_mux_164_32bkb  |        0|      0|  0|  65|    0|
    |sha256_mux_164_32bkb_U3  |sha256_mux_164_32bkb  |        0|      0|  0|  65|    0|
    |sha256_mux_164_32bkb_U4  |sha256_mux_164_32bkb  |        0|      0|  0|  65|    0|
    +-------------------------+----------------------+---------+-------+---+----+-----+
    |Total                    |                      |        0|      0|  0| 260|    0|
    +-------------------------+----------------------+---------+-------+---+----+-----+

    * DSP48E: 
    N/A

    * Memory: 
    +-------+-------------------+---------+---+----+-----+------+-----+------+-------------+
    | Memory|       Module      | BRAM_18K| FF| LUT| URAM| Words| Bits| Banks| W*Bits*Banks|
    +-------+-------------------+---------+---+----+-----+------+-----+------+-------------+
    |k_V_U  |sha256_update_k_V  |        1|  0|   0|    0|    64|   32|     1|         2048|
    +-------+-------------------+---------+---+----+-----+------+-----+------+-------------+
    |Total  |                   |        1|  0|   0|    0|    64|   32|     1|         2048|
    +-------+-------------------+---------+---+----+-----+------+-----+------+-------------+

    * FIFO: 
    N/A

    * Expression: 
    +--------------------------+----------+-------+---+----+------------+------------+
    |       Variable Name      | Operation| DSP48E| FF| LUT| Bitwidth P0| Bitwidth P1|
    +--------------------------+----------+-------+---+----+------------+------------+
    |add_ln209_10_fu_4393_p2   |     +    |      0|  0|  39|          32|          32|
    |add_ln209_1_fu_4280_p2    |     +    |      0|  0|  32|          32|          32|
    |add_ln209_2_fu_4397_p2    |     +    |      0|  0|  32|          32|          32|
    |add_ln209_3_fu_4286_p2    |     +    |      0|  0|  39|          32|          32|
    |add_ln209_5_fu_4424_p2    |     +    |      0|  0|  32|          32|          32|
    |add_ln209_6_fu_4406_p2    |     +    |      0|  0|  32|          32|          32|
    |add_ln209_7_fu_4410_p2    |     +    |      0|  0|  32|          32|          32|
    |add_ln209_9_fu_4415_p2    |     +    |      0|  0|  32|          32|          32|
    |add_ln209_fu_4276_p2      |     +    |      0|  0|  32|          32|          32|
    |add_ln700_1_fu_4792_p2    |     +    |      0|  0|  39|          32|          32|
    |add_ln700_2_fu_4797_p2    |     +    |      0|  0|  39|          32|          32|
    |add_ln700_3_fu_4802_p2    |     +    |      0|  0|  39|          32|          32|
    |add_ln700_4_fu_4807_p2    |     +    |      0|  0|  39|          32|          32|
    |add_ln700_5_fu_4812_p2    |     +    |      0|  0|  39|          32|          32|
    |add_ln700_6_fu_4817_p2    |     +    |      0|  0|  39|          32|          32|
    |add_ln700_7_fu_4822_p2    |     +    |      0|  0|  39|          32|          32|
    |add_ln700_fu_4787_p2      |     +    |      0|  0|  39|          32|          32|
    |i_V_fu_4270_p2            |     +    |      0|  0|  15|           7|           1|
    |tmp_2_fu_4150_p17         |     +    |      0|  0|  13|           3|           4|
    |tmp_3_fu_4188_p17         |     +    |      0|  0|  13|           4|           4|
    |tmp_4_fu_4232_p17         |     +    |      0|  0|  13|           1|           4|
    |tmp_a_V_fu_4428_p2        |     +    |      0|  0|  32|          32|          32|
    |tmp_e_V_fu_4401_p2        |     +    |      0|  0|  32|          32|          32|
    |w_0_V_3_fu_4419_p2        |     +    |      0|  0|  32|          32|          32|
    |ret_V_23_fu_4007_p2       |    and   |      0|  0|  32|          32|          32|
    |ret_V_24_fu_4019_p2       |    and   |      0|  0|  32|          32|          32|
    |ret_V_28_fu_4375_p2       |    and   |      0|  0|  32|          32|          32|
    |ret_V_29_fu_4381_p2       |    and   |      0|  0|  32|          32|          32|
    |icmp_ln887_1_fu_4036_p2   |   icmp   |      0|  0|  11|           7|           6|
    |icmp_ln887_fu_3833_p2     |   icmp   |      0|  0|  11|           7|           8|
    |ap_enable_pp0             |    xor   |      0|  0|   2|           1|           2|
    |r_V_14_fu_4013_p2         |    xor   |      0|  0|  32|          32|           2|
    |ret_V_10_fu_4363_p2       |    xor   |      0|  0|  32|          32|          32|
    |ret_V_13_fu_4387_p2       |    xor   |      0|  0|  32|          32|          32|
    |ret_V_6_fu_4025_p2        |    xor   |      0|  0|  32|          32|          32|
    |ret_V_fu_4001_p2          |    xor   |      0|  0|  32|          32|          32|
    |wsig0_0_V_3_fu_4492_p2    |    xor   |      0|  0|  32|          32|          32|
    |wsig0_0_V_fu_925_p2       |    xor   |      0|  0|  32|          32|          32|
    |wsig0_10_V_fu_2665_p2     |    xor   |      0|  0|  32|          32|          32|
    |wsig0_11_V_fu_2839_p2     |    xor   |      0|  0|  32|          32|          32|
    |wsig0_12_V_fu_3013_p2     |    xor   |      0|  0|  32|          32|          32|
    |wsig0_13_V_fu_3187_p2     |    xor   |      0|  0|  32|          32|          32|
    |wsig0_14_V_fu_3361_p2     |    xor   |      0|  0|  32|          32|          32|
    |wsig0_15_V_fu_3517_p2     |    xor   |      0|  0|  32|          32|          32|
    |wsig0_1_V_fu_1099_p2      |    xor   |      0|  0|  32|          32|          32|
    |wsig0_2_V_fu_1273_p2      |    xor   |      0|  0|  32|          32|          32|
    |wsig0_3_V_fu_1447_p2      |    xor   |      0|  0|  32|          32|          32|
    |wsig0_4_V_fu_1621_p2      |    xor   |      0|  0|  32|          32|          32|
    |wsig0_5_V_fu_1795_p2      |    xor   |      0|  0|  32|          32|          32|
    |wsig0_6_V_fu_1969_p2      |    xor   |      0|  0|  32|          32|          32|
    |wsig0_7_V_fu_2143_p2      |    xor   |      0|  0|  32|          32|          32|
    |wsig0_8_V_fu_2317_p2      |    xor   |      0|  0|  32|          32|          32|
    |wsig0_9_V_fu_2491_p2      |    xor   |      0|  0|  32|          32|          32|
    |wsig1_0_V_3_fu_4557_p2    |    xor   |      0|  0|  32|          32|          32|
    |wsig1_0_V_fu_1007_p2      |    xor   |      0|  0|  32|          32|          32|
    |wsig1_10_V_fu_2747_p2     |    xor   |      0|  0|  32|          32|          32|
    |wsig1_11_V_fu_2921_p2     |    xor   |      0|  0|  32|          32|          32|
    |wsig1_12_V_fu_3095_p2     |    xor   |      0|  0|  32|          32|          32|
    |wsig1_13_V_fu_3269_p2     |    xor   |      0|  0|  32|          32|          32|
    |wsig1_14_V_fu_3443_p2     |    xor   |      0|  0|  32|          32|          32|
    |wsig1_15_V_fu_3587_p2     |    xor   |      0|  0|  32|          32|          32|
    |wsig1_1_V_fu_1181_p2      |    xor   |      0|  0|  32|          32|          32|
    |wsig1_2_V_fu_1355_p2      |    xor   |      0|  0|  32|          32|          32|
    |wsig1_3_V_fu_1529_p2      |    xor   |      0|  0|  32|          32|          32|
    |wsig1_4_V_fu_1703_p2      |    xor   |      0|  0|  32|          32|          32|
    |wsig1_5_V_fu_1877_p2      |    xor   |      0|  0|  32|          32|          32|
    |wsig1_6_V_fu_2051_p2      |    xor   |      0|  0|  32|          32|          32|
    |wsig1_7_V_fu_2225_p2      |    xor   |      0|  0|  32|          32|          32|
    |wsig1_8_V_fu_2399_p2      |    xor   |      0|  0|  32|          32|          32|
    |wsig1_9_V_fu_2573_p2      |    xor   |      0|  0|  32|          32|          32|
    |xor_ln1357_11_fu_1349_p2  |    xor   |      0|  0|  32|          32|          32|
    |xor_ln1357_13_fu_1441_p2  |    xor   |      0|  0|  32|          32|          32|
    |xor_ln1357_15_fu_1523_p2  |    xor   |      0|  0|  32|          32|          32|
    |xor_ln1357_17_fu_1615_p2  |    xor   |      0|  0|  32|          32|          32|
    |xor_ln1357_19_fu_1697_p2  |    xor   |      0|  0|  32|          32|          32|
    |xor_ln1357_21_fu_1789_p2  |    xor   |      0|  0|  32|          32|          32|
    |xor_ln1357_23_fu_1871_p2  |    xor   |      0|  0|  32|          32|          32|
    |xor_ln1357_25_fu_1963_p2  |    xor   |      0|  0|  32|          32|          32|
    |xor_ln1357_27_fu_2045_p2  |    xor   |      0|  0|  32|          32|          32|
    |xor_ln1357_29_fu_2137_p2  |    xor   |      0|  0|  32|          32|          32|
    |xor_ln1357_2_fu_1001_p2   |    xor   |      0|  0|  32|          32|          32|
    |xor_ln1357_31_fu_2219_p2  |    xor   |      0|  0|  32|          32|          32|
    |xor_ln1357_33_fu_2311_p2  |    xor   |      0|  0|  32|          32|          32|
    |xor_ln1357_35_fu_2393_p2  |    xor   |      0|  0|  32|          32|          32|
    |xor_ln1357_37_fu_2485_p2  |    xor   |      0|  0|  32|          32|          32|
    |xor_ln1357_39_fu_2567_p2  |    xor   |      0|  0|  32|          32|          32|
    |xor_ln1357_41_fu_2659_p2  |    xor   |      0|  0|  32|          32|          32|
    |xor_ln1357_43_fu_2741_p2  |    xor   |      0|  0|  32|          32|          32|
    |xor_ln1357_45_fu_2833_p2  |    xor   |      0|  0|  32|          32|          32|
    |xor_ln1357_47_fu_2915_p2  |    xor   |      0|  0|  32|          32|          32|
    |xor_ln1357_49_fu_3007_p2  |    xor   |      0|  0|  32|          32|          32|
    |xor_ln1357_4_fu_1093_p2   |    xor   |      0|  0|  32|          32|          32|
    |xor_ln1357_51_fu_3089_p2  |    xor   |      0|  0|  32|          32|          32|
    |xor_ln1357_53_fu_3181_p2  |    xor   |      0|  0|  32|          32|          32|
    |xor_ln1357_55_fu_3263_p2  |    xor   |      0|  0|  32|          32|          32|
    |xor_ln1357_57_fu_3355_p2  |    xor   |      0|  0|  32|          32|          32|
    |xor_ln1357_59_fu_3437_p2  |    xor   |      0|  0|  32|          32|          32|
    |xor_ln1357_61_fu_3511_p2  |    xor   |      0|  0|  32|          32|          32|
    |xor_ln1357_63_fu_3581_p2  |    xor   |      0|  0|  32|          32|          32|
    |xor_ln1357_65_fu_3995_p2  |    xor   |      0|  0|  32|          32|          32|
    |xor_ln1357_68_fu_4357_p2  |    xor   |      0|  0|  32|          32|          32|
    |xor_ln1357_6_fu_1175_p2   |    xor   |      0|  0|  32|          32|          32|
    |xor_ln1357_71_fu_4486_p2  |    xor   |      0|  0|  32|          32|          32|
    |xor_ln1357_73_fu_4551_p2  |    xor   |      0|  0|  32|          32|          32|
    |xor_ln1357_8_fu_1267_p2   |    xor   |      0|  0|  32|          32|          32|
    |xor_ln1357_9_fu_4369_p2   |    xor   |      0|  0|  32|          32|          32|
    |xor_ln1357_fu_919_p2      |    xor   |      0|  0|  32|          32|          32|
    +--------------------------+----------+-------+---+----+------------+------------+
    |Total                     |          |      0|  0|3348|        3230|        3199|
    +--------------------------+----------+-------+---+----+------------+------------+

    * Multiplexer: 
    +------------------------------------+----+-----------+-----+-----------+
    |                Name                | LUT| Input Size| Bits| Total Bits|
    +------------------------------------+----+-----------+-----+-----------+
    |ap_NS_fsm                           |  33|          6|    1|          6|
    |ap_enable_reg_pp0_iter1             |   9|          2|    1|          2|
    |ap_phi_mux_lhs_V_phi_fu_755_p4      |   9|          2|   32|         64|
    |ap_phi_mux_rhs_V_14_phi_fu_765_p4   |   9|          2|   32|         64|
    |ap_phi_mux_rhs_V_phi_fu_744_p4      |   9|          2|   32|         64|
    |ap_phi_mux_t_V_phi_fu_777_p4        |   9|          2|    7|         14|
    |ap_sig_allocacmp_w_0_V_1_load       |   9|          2|   32|         64|
    |ap_sig_allocacmp_w_10_V_1_load      |   9|          2|   32|         64|
    |ap_sig_allocacmp_w_11_V_1_load      |   9|          2|   32|         64|
    |ap_sig_allocacmp_w_12_V_1_load      |   9|          2|   32|         64|
    |ap_sig_allocacmp_w_13_V_1_load      |   9|          2|   32|         64|
    |ap_sig_allocacmp_w_14_V_1_load      |   9|          2|   32|         64|
    |ap_sig_allocacmp_w_15_V_load        |   9|          2|   32|         64|
    |ap_sig_allocacmp_w_1_V_1_load       |   9|          2|   32|         64|
    |ap_sig_allocacmp_w_2_V_1_load       |   9|          2|   32|         64|
    |ap_sig_allocacmp_w_3_V_1_load       |   9|          2|   32|         64|
    |ap_sig_allocacmp_w_4_V_1_load       |   9|          2|   32|         64|
    |ap_sig_allocacmp_w_5_V_1_load       |   9|          2|   32|         64|
    |ap_sig_allocacmp_w_6_V_1_load       |   9|          2|   32|         64|
    |ap_sig_allocacmp_w_7_V_1_load       |   9|          2|   32|         64|
    |ap_sig_allocacmp_w_8_V_1_load       |   9|          2|   32|         64|
    |ap_sig_allocacmp_w_9_V_1_load       |   9|          2|   32|         64|
    |ap_sig_allocacmp_wsig0_0_V_1_load   |   9|          2|   32|         64|
    |ap_sig_allocacmp_wsig0_10_V_1_load  |   9|          2|   32|         64|
    |ap_sig_allocacmp_wsig0_11_V_1_load  |   9|          2|   32|         64|
    |ap_sig_allocacmp_wsig0_12_V_1_load  |   9|          2|   32|         64|
    |ap_sig_allocacmp_wsig0_13_V_1_load  |   9|          2|   32|         64|
    |ap_sig_allocacmp_wsig0_14_V_1_load  |   9|          2|   32|         64|
    |ap_sig_allocacmp_wsig0_15_V_1_load  |   9|          2|   32|         64|
    |ap_sig_allocacmp_wsig0_1_V_1_load   |   9|          2|   32|         64|
    |ap_sig_allocacmp_wsig0_2_V_1_load   |   9|          2|   32|         64|
    |ap_sig_allocacmp_wsig0_3_V_1_load   |   9|          2|   32|         64|
    |ap_sig_allocacmp_wsig0_4_V_1_load   |   9|          2|   32|         64|
    |ap_sig_allocacmp_wsig0_5_V_1_load   |   9|          2|   32|         64|
    |ap_sig_allocacmp_wsig0_6_V_1_load   |   9|          2|   32|         64|
    |ap_sig_allocacmp_wsig0_7_V_1_load   |   9|          2|   32|         64|
    |ap_sig_allocacmp_wsig0_8_V_1_load   |   9|          2|   32|         64|
    |ap_sig_allocacmp_wsig0_9_V_1_load   |   9|          2|   32|         64|
    |ap_sig_allocacmp_wsig1_0_V_1_load   |   9|          2|   32|         64|
    |ap_sig_allocacmp_wsig1_10_V_1_load  |   9|          2|   32|         64|
    |ap_sig_allocacmp_wsig1_11_V_1_load  |   9|          2|   32|         64|
    |ap_sig_allocacmp_wsig1_12_V_1_load  |   9|          2|   32|         64|
    |ap_sig_allocacmp_wsig1_13_V_1_load  |   9|          2|   32|         64|
    |ap_sig_allocacmp_wsig1_14_V_1_load  |   9|          2|   32|         64|
    |ap_sig_allocacmp_wsig1_15_V_1_load  |   9|          2|   32|         64|
    |ap_sig_allocacmp_wsig1_1_V_1_load   |   9|          2|   32|         64|
    |ap_sig_allocacmp_wsig1_2_V_1_load   |   9|          2|   32|         64|
    |ap_sig_allocacmp_wsig1_3_V_1_load   |   9|          2|   32|         64|
    |ap_sig_allocacmp_wsig1_4_V_1_load   |   9|          2|   32|         64|
    |ap_sig_allocacmp_wsig1_5_V_1_load   |   9|          2|   32|         64|
    |ap_sig_allocacmp_wsig1_6_V_1_load   |   9|          2|   32|         64|
    |ap_sig_allocacmp_wsig1_7_V_1_load   |   9|          2|   32|         64|
    |ap_sig_allocacmp_wsig1_8_V_1_load   |   9|          2|   32|         64|
    |ap_sig_allocacmp_wsig1_9_V_1_load   |   9|          2|   32|         64|
    |lhs_V_10_reg_795                    |   9|          2|   32|         64|
    |lhs_V_reg_751                       |   9|          2|   32|         64|
    |p_01460_0_reg_828                   |   9|          2|   32|         64|
    |p_01468_0_reg_817                   |   9|          2|   32|         64|
    |rhs_V_14_reg_762                    |   9|          2|   32|         64|
    |rhs_V_15_reg_785                    |   9|          2|   32|         64|
    |rhs_V_16_reg_806                    |   9|          2|   32|         64|
    |rhs_V_reg_741                       |   9|          2|   32|         64|
    |t_V_reg_773                         |   9|          2|    7|         14|
    |w_0_V_1_fu_482                      |   9|          2|   32|         64|
    |w_10_V_1_fu_522                     |   9|          2|   32|         64|
    |w_11_V_1_fu_526                     |   9|          2|   32|         64|
    |w_12_V_1_fu_530                     |   9|          2|   32|         64|
    |w_13_V_1_fu_534                     |   9|          2|   32|         64|
    |w_14_V_1_fu_538                     |   9|          2|   32|         64|
    |w_15_V_fu_542                       |   9|          2|   32|         64|
    |w_1_V_1_fu_486                      |   9|          2|   32|         64|
    |w_2_V_1_fu_490                      |   9|          2|   32|         64|
    |w_3_V_1_fu_494                      |   9|          2|   32|         64|
    |w_4_V_1_fu_498                      |   9|          2|   32|         64|
    |w_5_V_1_fu_502                      |   9|          2|   32|         64|
    |w_6_V_1_fu_506                      |   9|          2|   32|         64|
    |w_7_V_1_fu_510                      |   9|          2|   32|         64|
    |w_8_V_1_fu_514                      |   9|          2|   32|         64|
    |w_9_V_1_fu_518                      |   9|          2|   32|         64|
    |wsig0_0_V_1_fu_546                  |   9|          2|   32|         64|
    |wsig0_10_V_1_fu_586                 |   9|          2|   32|         64|
    |wsig0_11_V_1_fu_590                 |   9|          2|   32|         64|
    |wsig0_12_V_1_fu_594                 |   9|          2|   32|         64|
    |wsig0_13_V_1_fu_598                 |   9|          2|   32|         64|
    |wsig0_14_V_1_fu_602                 |   9|          2|   32|         64|
    |wsig0_15_V_1_fu_606                 |   9|          2|   32|         64|
    |wsig0_1_V_1_fu_550                  |   9|          2|   32|         64|
    |wsig0_2_V_1_fu_554                  |   9|          2|   32|         64|
    |wsig0_3_V_1_fu_558                  |   9|          2|   32|         64|
    |wsig0_4_V_1_fu_562                  |   9|          2|   32|         64|
    |wsig0_5_V_1_fu_566                  |   9|          2|   32|         64|
    |wsig0_6_V_1_fu_570                  |   9|          2|   32|         64|
    |wsig0_7_V_1_fu_574                  |   9|          2|   32|         64|
    |wsig0_8_V_1_fu_578                  |   9|          2|   32|         64|
    |wsig0_9_V_1_fu_582                  |   9|          2|   32|         64|
    |wsig1_0_V_1_fu_610                  |   9|          2|   32|         64|
    |wsig1_10_V_1_fu_650                 |   9|          2|   32|         64|
    |wsig1_11_V_1_fu_654                 |   9|          2|   32|         64|
    |wsig1_12_V_1_fu_658                 |   9|          2|   32|         64|
    |wsig1_13_V_1_fu_662                 |   9|          2|   32|         64|
    |wsig1_14_V_1_fu_666                 |   9|          2|   32|         64|
    |wsig1_15_V_1_fu_670                 |   9|          2|   32|         64|
    |wsig1_1_V_1_fu_614                  |   9|          2|   32|         64|
    |wsig1_2_V_1_fu_618                  |   9|          2|   32|         64|
    |wsig1_3_V_1_fu_622                  |   9|          2|   32|         64|
    |wsig1_4_V_1_fu_626                  |   9|          2|   32|         64|
    |wsig1_5_V_1_fu_630                  |   9|          2|   32|         64|
    |wsig1_6_V_1_fu_634                  |   9|          2|   32|         64|
    |wsig1_7_V_1_fu_638                  |   9|          2|   32|         64|
    |wsig1_8_V_1_fu_642                  |   9|          2|   32|         64|
    |wsig1_9_V_1_fu_646                  |   9|          2|   32|         64|
    +------------------------------------+----+-----------+-----+-----------+
    |Total                               |1023|        226| 3440|       6884|
    +------------------------------------+----+-----------+-----+-----------+

    * Register: 
    +-------------------------+----+----+-----+-----------+
    |           Name          | FF | LUT| Bits| Const Bits|
    +-------------------------+----+----+-----+-----------+
    |add_ln209_10_reg_5340    |  32|   0|   32|          0|
    |add_ln209_1_reg_5319     |  32|   0|   32|          0|
    |add_ln209_3_reg_5325     |  32|   0|   32|          0|
    |add_ln209_7_reg_5350     |  32|   0|   32|          0|
    |ap_CS_fsm                |   5|   0|    5|          0|
    |ap_enable_reg_pp0_iter0  |   1|   0|    1|          0|
    |ap_enable_reg_pp0_iter1  |   1|   0|    1|          0|
    |cur_V_reg_5263           |   4|   0|    4|          0|
    |i_V_reg_5308             |   7|   0|    7|          0|
    |icmp_ln887_1_reg_5289    |   1|   0|    1|          0|
    |icmp_ln887_reg_5259      |   1|   0|    1|          0|
    |k_V_load_reg_5313        |  32|   0|   32|          0|
    |lhs_V_10_reg_795         |  32|   0|   32|          0|
    |lhs_V_reg_751            |  32|   0|   32|          0|
    |p_01460_0_reg_828        |  32|   0|   32|          0|
    |p_01468_0_reg_817        |  32|   0|   32|          0|
    |ret_V_10_reg_5330        |  32|   0|   32|          0|
    |ret_V_13_reg_5335        |  32|   0|   32|          0|
    |ret_V_6_reg_5279         |  32|   0|   32|          0|
    |ret_V_reg_5274           |  32|   0|   32|          0|
    |rhs_V_14_reg_762         |  32|   0|   32|          0|
    |rhs_V_15_reg_785         |  32|   0|   32|          0|
    |rhs_V_16_reg_806         |  32|   0|   32|          0|
    |rhs_V_reg_741            |  32|   0|   32|          0|
    |t_V_reg_773              |   7|   0|    7|          0|
    |tmp_2_reg_5293           |  32|   0|   32|          0|
    |tmp_3_reg_5298           |  32|   0|   32|          0|
    |tmp_4_reg_5303           |  32|   0|   32|          0|
    |tmp_e_V_reg_5345         |  32|   0|   32|          0|
    |tmp_wi_V_reg_5267        |  32|   0|   32|          0|
    |w_0_V_1_fu_482           |  32|   0|   32|          0|
    |w_0_V_3_reg_5355         |  32|   0|   32|          0|
    |w_10_V_1_fu_522          |  32|   0|   32|          0|
    |w_11_V_1_fu_526          |  32|   0|   32|          0|
    |w_12_V_1_fu_530          |  32|   0|   32|          0|
    |w_13_V_1_fu_534          |  32|   0|   32|          0|
    |w_14_V_1_fu_538          |  32|   0|   32|          0|
    |w_15_V_fu_542            |  32|   0|   32|          0|
    |w_1_V_1_fu_486           |  32|   0|   32|          0|
    |w_2_V_1_fu_490           |  32|   0|   32|          0|
    |w_3_V_1_fu_494           |  32|   0|   32|          0|
    |w_4_V_1_fu_498           |  32|   0|   32|          0|
    |w_5_V_1_fu_502           |  32|   0|   32|          0|
    |w_6_V_1_fu_506           |  32|   0|   32|          0|
    |w_7_V_1_fu_510           |  32|   0|   32|          0|
    |w_8_V_1_fu_514           |  32|   0|   32|          0|
    |w_9_V_1_fu_518           |  32|   0|   32|          0|
    |wsig0_0_V_1_fu_546       |  32|   0|   32|          0|
    |wsig0_10_V_1_fu_586      |  32|   0|   32|          0|
    |wsig0_11_V_1_fu_590      |  32|   0|   32|          0|
    |wsig0_12_V_1_fu_594      |  32|   0|   32|          0|
    |wsig0_13_V_1_fu_598      |  32|   0|   32|          0|
    |wsig0_14_V_1_fu_602      |  32|   0|   32|          0|
    |wsig0_15_V_1_fu_606      |  32|   0|   32|          0|
    |wsig0_1_V_1_fu_550       |  32|   0|   32|          0|
    |wsig0_2_V_1_fu_554       |  32|   0|   32|          0|
    |wsig0_3_V_1_fu_558       |  32|   0|   32|          0|
    |wsig0_4_V_1_fu_562       |  32|   0|   32|          0|
    |wsig0_5_V_1_fu_566       |  32|   0|   32|          0|
    |wsig0_6_V_1_fu_570       |  32|   0|   32|          0|
    |wsig0_7_V_1_fu_574       |  32|   0|   32|          0|
    |wsig0_8_V_1_fu_578       |  32|   0|   32|          0|
    |wsig0_9_V_1_fu_582       |  32|   0|   32|          0|
    |wsig1_0_V_1_fu_610       |  32|   0|   32|          0|
    |wsig1_10_V_1_fu_650      |  32|   0|   32|          0|
    |wsig1_11_V_1_fu_654      |  32|   0|   32|          0|
    |wsig1_12_V_1_fu_658      |  32|   0|   32|          0|
    |wsig1_13_V_1_fu_662      |  32|   0|   32|          0|
    |wsig1_14_V_1_fu_666      |  32|   0|   32|          0|
    |wsig1_15_V_1_fu_670      |  32|   0|   32|          0|
    |wsig1_1_V_1_fu_614       |  32|   0|   32|          0|
    |wsig1_2_V_1_fu_618       |  32|   0|   32|          0|
    |wsig1_3_V_1_fu_622       |  32|   0|   32|          0|
    |wsig1_4_V_1_fu_626       |  32|   0|   32|          0|
    |wsig1_5_V_1_fu_630       |  32|   0|   32|          0|
    |wsig1_6_V_1_fu_634       |  32|   0|   32|          0|
    |wsig1_7_V_1_fu_638       |  32|   0|   32|          0|
    |wsig1_8_V_1_fu_642       |  32|   0|   32|          0|
    |wsig1_9_V_1_fu_646       |  32|   0|   32|          0|
    +-------------------------+----+----+-----+-----------+
    |Total                    |2299|   0| 2299|          0|
    +-------------------------+----+----+-----+-----------+



================================================================
== Interface
================================================================
* Summary: 
+---------------+-----+-----+------------+---------------+--------------+
|   RTL Ports   | Dir | Bits|  Protocol  | Source Object |    C Type    |
+---------------+-----+-----+------------+---------------+--------------+
|ap_clk         |  in |    1| ap_ctrl_hs | sha256_update | return value |
|ap_rst         |  in |    1| ap_ctrl_hs | sha256_update | return value |
|ap_start       |  in |    1| ap_ctrl_hs | sha256_update | return value |
|ap_done        | out |    1| ap_ctrl_hs | sha256_update | return value |
|ap_idle        | out |    1| ap_ctrl_hs | sha256_update | return value |
|ap_ready       | out |    1| ap_ctrl_hs | sha256_update | return value |
|ap_return_0    | out |   32| ap_ctrl_hs | sha256_update | return value |
|ap_return_1    | out |   32| ap_ctrl_hs | sha256_update | return value |
|ap_return_2    | out |   32| ap_ctrl_hs | sha256_update | return value |
|ap_return_3    | out |   32| ap_ctrl_hs | sha256_update | return value |
|ap_return_4    | out |   32| ap_ctrl_hs | sha256_update | return value |
|ap_return_5    | out |   32| ap_ctrl_hs | sha256_update | return value |
|ap_return_6    | out |   32| ap_ctrl_hs | sha256_update | return value |
|ap_return_7    | out |   32| ap_ctrl_hs | sha256_update | return value |
|data_V         |  in |  512|   ap_none  |     data_V    |    scalar    |
|hash_0_V_read  |  in |   32|   ap_none  | hash_0_V_read |    scalar    |
|hash_1_V_read  |  in |   32|   ap_none  | hash_1_V_read |    scalar    |
|hash_2_V_read  |  in |   32|   ap_none  | hash_2_V_read |    scalar    |
|hash_3_V_read  |  in |   32|   ap_none  | hash_3_V_read |    scalar    |
|hash_4_V_read  |  in |   32|   ap_none  | hash_4_V_read |    scalar    |
|hash_5_V_read  |  in |   32|   ap_none  | hash_5_V_read |    scalar    |
|hash_6_V_read  |  in |   32|   ap_none  | hash_6_V_read |    scalar    |
|hash_7_V_read  |  in |   32|   ap_none  | hash_7_V_read |    scalar    |
+---------------+-----+-----+------------+---------------+--------------+

