

================================================================
== Vivado HLS Report for 'sha256_update'
================================================================
* Date:           Mon May  3 00:42:33 2021

* Version:        2019.2 (Build 2704478 on Wed Nov 06 22:10:23 MST 2019)
* Project:        sha256
* Solution:       solution1
* Product family: zynq
* Target device:  xc7z020-clg400-1


================================================================
== Performance Estimates
================================================================
+ Timing: 
    * Summary: 
    +--------+---------+----------+------------+
    |  Clock |  Target | Estimated| Uncertainty|
    +--------+---------+----------+------------+
    |ap_clk  | 5.00 ns | 4.371 ns |   0.62 ns  |
    +--------+---------+----------+------------+

+ Latency: 
    * Summary: 
    +---------+---------+----------+----------+-----+-----+---------+
    |  Latency (cycles) |  Latency (absolute) |  Interval | Pipeline|
    |   min   |   max   |    min   |    max   | min | max |   Type  |
    +---------+---------+----------+----------+-----+-----+---------+
    |      195|      195| 0.975 us | 0.975 us |  195|  195|   none  |
    +---------+---------+----------+----------+-----+-----+---------+

    + Detail: 
        * Instance: 
        N/A

        * Loop: 
        +--------------+---------+---------+----------+-----------+-----------+------+----------+
        |              |  Latency (cycles) | Iteration|  Initiation Interval  | Trip |          |
        |   Loop Name  |   min   |   max   |  Latency |  achieved |   target  | Count| Pipelined|
        +--------------+---------+---------+----------+-----------+-----------+------+----------+
        |- ITERATE_64  |      193|      193|         4|          3|          3|    64|    yes   |
        +--------------+---------+---------+----------+-----------+-----------+------+----------+



================================================================
== Utilization Estimates
================================================================
* Summary: 
+-----------------+---------+-------+--------+-------+-----+
|       Name      | BRAM_18K| DSP48E|   FF   |  LUT  | URAM|
+-----------------+---------+-------+--------+-------+-----+
|DSP              |        -|      -|       -|      -|    -|
|Expression       |        -|      -|       0|   2353|    -|
|FIFO             |        -|      -|       -|      -|    -|
|Instance         |        -|      -|       0|    819|    -|
|Memory           |        1|      -|       0|      0|    -|
|Multiplexer      |        -|      -|       -|   1079|    -|
|Register         |        -|      -|    5885|      -|    -|
+-----------------+---------+-------+--------+-------+-----+
|Total            |        1|      0|    5885|   4251|    0|
+-----------------+---------+-------+--------+-------+-----+
|Available        |      280|    220|  106400|  53200|    0|
+-----------------+---------+-------+--------+-------+-----+
|Utilization (%)  |    ~0   |      0|       5|      7|    0|
+-----------------+---------+-------+--------+-------+-----+

+ Detail: 
    * Instance: 
    +-------------------------+----------------------+---------+-------+---+-----+-----+
    |         Instance        |        Module        | BRAM_18K| DSP48E| FF| LUT | URAM|
    +-------------------------+----------------------+---------+-------+---+-----+-----+
    |sha256_mux_646_32bkb_U1  |sha256_mux_646_32bkb  |        0|      0|  0|  273|    0|
    |sha256_mux_646_32bkb_U2  |sha256_mux_646_32bkb  |        0|      0|  0|  273|    0|
    |sha256_mux_646_32bkb_U3  |sha256_mux_646_32bkb  |        0|      0|  0|  273|    0|
    +-------------------------+----------------------+---------+-------+---+-----+-----+
    |Total                    |                      |        0|      0|  0|  819|    0|
    +-------------------------+----------------------+---------+-------+---+-----+-----+

    * DSP48E: 
    N/A

    * Memory: 
    +-------+-------------------+---------+---+----+-----+------+-----+------+-------------+
    | Memory|       Module      | BRAM_18K| FF| LUT| URAM| Words| Bits| Banks| W*Bits*Banks|
    +-------+-------------------+---------+---+----+-----+------+-----+------+-------------+
    |k_V_U  |sha256_update_k_V  |        1|  0|   0|    0|    64|   32|     1|         2048|
    +-------+-------------------+---------+---+----+-----+------+-----+------+-------------+
    |Total  |                   |        1|  0|   0|    0|    64|   32|     1|         2048|
    +-------+-------------------+---------+---+----+-----+------+-----+------+-------------+

    * FIFO: 
    N/A

    * Expression: 
    +--------------------------+----------+-------+---+----+------------+------------+
    |       Variable Name      | Operation| DSP48E| FF| LUT| Bitwidth P0| Bitwidth P1|
    +--------------------------+----------+-------+---+----+------------+------------+
    |add_ln209_10_fu_4131_p2   |     +    |      0|  0|  32|          32|          32|
    |add_ln209_1_fu_3869_p2    |     +    |      0|  0|  32|          32|          32|
    |add_ln209_3_fu_3752_p2    |     +    |      0|  0|  32|          32|          32|
    |add_ln209_4_fu_3756_p2    |     +    |      0|  0|  32|          32|          32|
    |add_ln209_5_fu_4118_p2    |     +    |      0|  0|  32|          32|          32|
    |add_ln209_6_fu_3762_p2    |     +    |      0|  0|  39|          32|          32|
    |add_ln209_8_fu_4661_p2    |     +    |      0|  0|  32|          32|          32|
    |add_ln209_9_fu_4127_p2    |     +    |      0|  0|  32|          32|          32|
    |add_ln209_fu_3747_p2      |     +    |      0|  0|  39|          32|          32|
    |add_ln700_1_fu_4675_p2    |     +    |      0|  0|  39|          32|          32|
    |add_ln700_2_fu_4680_p2    |     +    |      0|  0|  39|          32|          32|
    |add_ln700_3_fu_4685_p2    |     +    |      0|  0|  39|          32|          32|
    |add_ln700_4_fu_4690_p2    |     +    |      0|  0|  39|          32|          32|
    |add_ln700_5_fu_4695_p2    |     +    |      0|  0|  39|          32|          32|
    |add_ln700_6_fu_4700_p2    |     +    |      0|  0|  39|          32|          32|
    |add_ln700_7_fu_4705_p2    |     +    |      0|  0|  39|          32|          32|
    |add_ln700_fu_4670_p2      |     +    |      0|  0|  39|          32|          32|
    |i_V_fu_3741_p2            |     +    |      0|  0|  15|           7|           1|
    |tmp_a_V_fu_4665_p2        |     +    |      0|  0|  32|          32|          32|
    |tmp_e_V_fu_4122_p2        |     +    |      0|  0|  32|          32|          32|
    |w_16_V_fu_3873_p2         |     +    |      0|  0|  32|          32|          32|
    |ap_condition_3160         |    and   |      0|  0|   2|           1|           1|
    |ap_condition_3206         |    and   |      0|  0|   2|           1|           1|
    |ret_V_29_fu_3717_p2       |    and   |      0|  0|  32|          32|          32|
    |ret_V_30_fu_3729_p2       |    and   |      0|  0|  32|          32|          32|
    |ret_V_34_fu_3851_p2       |    and   |      0|  0|  32|          32|          32|
    |ret_V_35_fu_3857_p2       |    and   |      0|  0|  32|          32|          32|
    |icmp_ln887_1_fu_3165_p2   |   icmp   |      0|  0|  11|           7|           6|
    |icmp_ln887_fu_2888_p2     |   icmp   |      0|  0|  11|           7|           8|
    |ap_enable_pp0             |    xor   |      0|  0|   2|           1|           2|
    |r_V_16_fu_3723_p2         |    xor   |      0|  0|  32|          32|           2|
    |ret_V_12_fu_3735_p2       |    xor   |      0|  0|  32|          32|          32|
    |ret_V_16_fu_3839_p2       |    xor   |      0|  0|  32|          32|          32|
    |ret_V_19_fu_3863_p2       |    xor   |      0|  0|  32|          32|          32|
    |ret_V_22_fu_4195_p2       |    xor   |      0|  0|  32|          32|          32|
    |ret_V_25_fu_4425_p2       |    xor   |      0|  0|  32|          32|          32|
    |ret_V_fu_3711_p2          |    xor   |      0|  0|  32|          32|          32|
    |wsig0_10_V_fu_2150_p2     |    xor   |      0|  0|  32|          32|          32|
    |wsig0_11_V_fu_2242_p2     |    xor   |      0|  0|  32|          32|          32|
    |wsig0_12_V_fu_2334_p2     |    xor   |      0|  0|  32|          32|          32|
    |wsig0_13_V_fu_2426_p2     |    xor   |      0|  0|  32|          32|          32|
    |wsig0_14_V_fu_2518_p2     |    xor   |      0|  0|  32|          32|          32|
    |wsig0_15_V_fu_2674_p2     |    xor   |      0|  0|  32|          32|          32|
    |wsig0_1_V_fu_1322_p2      |    xor   |      0|  0|  32|          32|          32|
    |wsig0_2_V_fu_1414_p2      |    xor   |      0|  0|  32|          32|          32|
    |wsig0_3_V_fu_1506_p2      |    xor   |      0|  0|  32|          32|          32|
    |wsig0_4_V_fu_1598_p2      |    xor   |      0|  0|  32|          32|          32|
    |wsig0_5_V_fu_1690_p2      |    xor   |      0|  0|  32|          32|          32|
    |wsig0_6_V_fu_1782_p2      |    xor   |      0|  0|  32|          32|          32|
    |wsig0_7_V_fu_1874_p2      |    xor   |      0|  0|  32|          32|          32|
    |wsig0_8_V_fu_1966_p2      |    xor   |      0|  0|  32|          32|          32|
    |wsig0_9_V_fu_2058_p2      |    xor   |      0|  0|  32|          32|          32|
    |wsig1_14_V_fu_2600_p2     |    xor   |      0|  0|  32|          32|          32|
    |wsig1_15_V_fu_2744_p2     |    xor   |      0|  0|  32|          32|          32|
    |xor_ln1357_10_fu_1776_p2  |    xor   |      0|  0|  32|          32|          32|
    |xor_ln1357_12_fu_1868_p2  |    xor   |      0|  0|  32|          32|          32|
    |xor_ln1357_13_fu_3845_p2  |    xor   |      0|  0|  32|          32|          32|
    |xor_ln1357_15_fu_1960_p2  |    xor   |      0|  0|  32|          32|          32|
    |xor_ln1357_17_fu_2052_p2  |    xor   |      0|  0|  32|          32|          32|
    |xor_ln1357_19_fu_2144_p2  |    xor   |      0|  0|  32|          32|          32|
    |xor_ln1357_21_fu_2236_p2  |    xor   |      0|  0|  32|          32|          32|
    |xor_ln1357_23_fu_2328_p2  |    xor   |      0|  0|  32|          32|          32|
    |xor_ln1357_25_fu_2420_p2  |    xor   |      0|  0|  32|          32|          32|
    |xor_ln1357_27_fu_2512_p2  |    xor   |      0|  0|  32|          32|          32|
    |xor_ln1357_29_fu_2594_p2  |    xor   |      0|  0|  32|          32|          32|
    |xor_ln1357_2_fu_1408_p2   |    xor   |      0|  0|  32|          32|          32|
    |xor_ln1357_31_fu_2668_p2  |    xor   |      0|  0|  32|          32|          32|
    |xor_ln1357_33_fu_2738_p2  |    xor   |      0|  0|  32|          32|          32|
    |xor_ln1357_35_fu_4189_p2  |    xor   |      0|  0|  32|          32|          32|
    |xor_ln1357_37_fu_4419_p2  |    xor   |      0|  0|  32|          32|          32|
    |xor_ln1357_39_fu_3705_p2  |    xor   |      0|  0|  32|          32|          32|
    |xor_ln1357_42_fu_3833_p2  |    xor   |      0|  0|  32|          32|          32|
    |xor_ln1357_4_fu_1500_p2   |    xor   |      0|  0|  32|          32|          32|
    |xor_ln1357_6_fu_1592_p2   |    xor   |      0|  0|  32|          32|          32|
    |xor_ln1357_8_fu_1684_p2   |    xor   |      0|  0|  32|          32|          32|
    |xor_ln1357_fu_1316_p2     |    xor   |      0|  0|  32|          32|          32|
    +--------------------------+----------+-------+---+----+------------+------------+
    |Total                     |          |      0|  0|2353|        2264|        2229|
    +--------------------------+----------+-------+---+----+------------+------------+

    * Multiplexer: 
    +-----------------------------------------+-----+-----------+-----+-----------+
    |                   Name                  | LUT | Input Size| Bits| Total Bits|
    +-----------------------------------------+-----+-----------+-----+-----------+
    |ap_NS_fsm                                |   33|          6|    1|          6|
    |ap_enable_reg_pp0_iter1                  |    9|          2|    1|          2|
    |ap_phi_mux_lhs_V_phi_fu_1041_p4          |    9|          2|   32|         64|
    |ap_phi_mux_rhs_V_14_phi_fu_1051_p4       |    9|          2|   32|         64|
    |ap_phi_mux_rhs_V_phi_fu_1030_p4          |    9|          2|   32|         64|
    |ap_phi_mux_t_V_phi_fu_1063_p4            |    9|          2|    7|         14|
    |ap_phi_reg_pp0_iter0_phi_ln215_reg_1125  |  209|         48|   32|       1536|
    |ap_sig_allocacmp_wsig0_48_V_10_load      |    9|          2|   32|         64|
    |ap_sig_allocacmp_wsig0_48_V_11_load      |    9|          2|   32|         64|
    |ap_sig_allocacmp_wsig0_48_V_12_load      |    9|          2|   32|         64|
    |ap_sig_allocacmp_wsig0_48_V_13_load      |    9|          2|   32|         64|
    |ap_sig_allocacmp_wsig0_48_V_14_load      |    9|          2|   32|         64|
    |ap_sig_allocacmp_wsig0_48_V_15_load      |    9|          2|   32|         64|
    |ap_sig_allocacmp_wsig0_48_V_16_load      |    9|          2|   32|         64|
    |ap_sig_allocacmp_wsig0_48_V_17_load      |    9|          2|   32|         64|
    |ap_sig_allocacmp_wsig0_48_V_18_load      |    9|          2|   32|         64|
    |ap_sig_allocacmp_wsig0_48_V_19_load      |    9|          2|   32|         64|
    |ap_sig_allocacmp_wsig0_48_V_1_load       |    9|          2|   32|         64|
    |ap_sig_allocacmp_wsig0_48_V_20_load      |    9|          2|   32|         64|
    |ap_sig_allocacmp_wsig0_48_V_21_load      |    9|          2|   32|         64|
    |ap_sig_allocacmp_wsig0_48_V_22_load      |    9|          2|   32|         64|
    |ap_sig_allocacmp_wsig0_48_V_23_load      |    9|          2|   32|         64|
    |ap_sig_allocacmp_wsig0_48_V_24_load      |    9|          2|   32|         64|
    |ap_sig_allocacmp_wsig0_48_V_25_load      |    9|          2|   32|         64|
    |ap_sig_allocacmp_wsig0_48_V_26_load      |    9|          2|   32|         64|
    |ap_sig_allocacmp_wsig0_48_V_27_load      |    9|          2|   32|         64|
    |ap_sig_allocacmp_wsig0_48_V_28_load      |    9|          2|   32|         64|
    |ap_sig_allocacmp_wsig0_48_V_29_load      |    9|          2|   32|         64|
    |ap_sig_allocacmp_wsig0_48_V_2_load       |    9|          2|   32|         64|
    |ap_sig_allocacmp_wsig0_48_V_30_load      |    9|          2|   32|         64|
    |ap_sig_allocacmp_wsig0_48_V_31_load      |    9|          2|   32|         64|
    |ap_sig_allocacmp_wsig0_48_V_32_load      |    9|          2|   32|         64|
    |ap_sig_allocacmp_wsig0_48_V_3_load       |    9|          2|   32|         64|
    |ap_sig_allocacmp_wsig0_48_V_4_load       |    9|          2|   32|         64|
    |ap_sig_allocacmp_wsig0_48_V_5_load       |    9|          2|   32|         64|
    |ap_sig_allocacmp_wsig0_48_V_6_load       |    9|          2|   32|         64|
    |ap_sig_allocacmp_wsig0_48_V_7_load       |    9|          2|   32|         64|
    |ap_sig_allocacmp_wsig0_48_V_8_load       |    9|          2|   32|         64|
    |ap_sig_allocacmp_wsig0_48_V_9_load       |    9|          2|   32|         64|
    |ap_sig_allocacmp_wsig0_48_V_load         |    9|          2|   32|         64|
    |ap_sig_allocacmp_wsig1_61_V_10_load      |    9|          2|   32|         64|
    |ap_sig_allocacmp_wsig1_61_V_11_load      |    9|          2|   32|         64|
    |ap_sig_allocacmp_wsig1_61_V_12_load      |    9|          2|   32|         64|
    |ap_sig_allocacmp_wsig1_61_V_13_load      |    9|          2|   32|         64|
    |ap_sig_allocacmp_wsig1_61_V_14_load      |    9|          2|   32|         64|
    |ap_sig_allocacmp_wsig1_61_V_15_load      |    9|          2|   32|         64|
    |ap_sig_allocacmp_wsig1_61_V_16_load      |    9|          2|   32|         64|
    |ap_sig_allocacmp_wsig1_61_V_17_load      |    9|          2|   32|         64|
    |ap_sig_allocacmp_wsig1_61_V_18_load      |    9|          2|   32|         64|
    |ap_sig_allocacmp_wsig1_61_V_19_load      |    9|          2|   32|         64|
    |ap_sig_allocacmp_wsig1_61_V_1_load       |    9|          2|   32|         64|
    |ap_sig_allocacmp_wsig1_61_V_20_load      |    9|          2|   32|         64|
    |ap_sig_allocacmp_wsig1_61_V_21_load      |    9|          2|   32|         64|
    |ap_sig_allocacmp_wsig1_61_V_22_load      |    9|          2|   32|         64|
    |ap_sig_allocacmp_wsig1_61_V_23_load      |    9|          2|   32|         64|
    |ap_sig_allocacmp_wsig1_61_V_24_load      |    9|          2|   32|         64|
    |ap_sig_allocacmp_wsig1_61_V_25_load      |    9|          2|   32|         64|
    |ap_sig_allocacmp_wsig1_61_V_26_load      |    9|          2|   32|         64|
    |ap_sig_allocacmp_wsig1_61_V_27_load      |    9|          2|   32|         64|
    |ap_sig_allocacmp_wsig1_61_V_28_load      |    9|          2|   32|         64|
    |ap_sig_allocacmp_wsig1_61_V_29_load      |    9|          2|   32|         64|
    |ap_sig_allocacmp_wsig1_61_V_2_load       |    9|          2|   32|         64|
    |ap_sig_allocacmp_wsig1_61_V_30_load      |    9|          2|   32|         64|
    |ap_sig_allocacmp_wsig1_61_V_31_load      |    9|          2|   32|         64|
    |ap_sig_allocacmp_wsig1_61_V_32_load      |    9|          2|   32|         64|
    |ap_sig_allocacmp_wsig1_61_V_33_load      |    9|          2|   32|         64|
    |ap_sig_allocacmp_wsig1_61_V_34_load      |    9|          2|   32|         64|
    |ap_sig_allocacmp_wsig1_61_V_35_load      |    9|          2|   32|         64|
    |ap_sig_allocacmp_wsig1_61_V_36_load      |    9|          2|   32|         64|
    |ap_sig_allocacmp_wsig1_61_V_37_load      |    9|          2|   32|         64|
    |ap_sig_allocacmp_wsig1_61_V_38_load      |    9|          2|   32|         64|
    |ap_sig_allocacmp_wsig1_61_V_39_load      |    9|          2|   32|         64|
    |ap_sig_allocacmp_wsig1_61_V_3_load       |    9|          2|   32|         64|
    |ap_sig_allocacmp_wsig1_61_V_40_load      |    9|          2|   32|         64|
    |ap_sig_allocacmp_wsig1_61_V_41_load      |    9|          2|   32|         64|
    |ap_sig_allocacmp_wsig1_61_V_42_load      |    9|          2|   32|         64|
    |ap_sig_allocacmp_wsig1_61_V_43_load      |    9|          2|   32|         64|
    |ap_sig_allocacmp_wsig1_61_V_44_load      |    9|          2|   32|         64|
    |ap_sig_allocacmp_wsig1_61_V_45_load      |    9|          2|   32|         64|
    |ap_sig_allocacmp_wsig1_61_V_4_load       |    9|          2|   32|         64|
    |ap_sig_allocacmp_wsig1_61_V_5_load       |    9|          2|   32|         64|
    |ap_sig_allocacmp_wsig1_61_V_6_load       |    9|          2|   32|         64|
    |ap_sig_allocacmp_wsig1_61_V_7_load       |    9|          2|   32|         64|
    |ap_sig_allocacmp_wsig1_61_V_8_load       |    9|          2|   32|         64|
    |ap_sig_allocacmp_wsig1_61_V_9_load       |    9|          2|   32|         64|
    |ap_sig_allocacmp_wsig1_61_V_load         |    9|          2|   32|         64|
    |lhs_V_10_reg_1081                        |    9|          2|   32|         64|
    |lhs_V_reg_1037                           |    9|          2|   32|         64|
    |p_01803_0_reg_1114                       |    9|          2|   32|         64|
    |p_01811_0_reg_1103                       |    9|          2|   32|         64|
    |rhs_V_14_reg_1048                        |    9|          2|   32|         64|
    |rhs_V_15_reg_1071                        |    9|          2|   32|         64|
    |rhs_V_16_reg_1092                        |    9|          2|   32|         64|
    |rhs_V_reg_1027                           |    9|          2|   32|         64|
    |t_V_reg_1059                             |    9|          2|    7|         14|
    +-----------------------------------------+-----+-----------+-----+-----------+
    |Total                                    | 1079|        240| 2928|       7332|
    +-----------------------------------------+-----+-----------+-----+-----------+

    * Register: 
    +-----------------------------------------+----+----+-----+-----------+
    |                   Name                  | FF | LUT| Bits| Const Bits|
    +-----------------------------------------+----+----+-----+-----------+
    |add_ln209_10_reg_6111                    |  32|   0|   32|          0|
    |add_ln209_4_reg_6071                     |  32|   0|   32|          0|
    |add_ln209_6_reg_6077                     |  32|   0|   32|          0|
    |add_ln209_reg_6060                       |  32|   0|   32|          0|
    |ap_CS_fsm                                |   5|   0|    5|          0|
    |ap_enable_reg_pp0_iter0                  |   1|   0|    1|          0|
    |ap_enable_reg_pp0_iter1                  |   1|   0|    1|          0|
    |ap_phi_reg_pp0_iter0_phi_ln215_reg_1125  |  32|   0|   32|          0|
    |i_V_reg_6055                             |   7|   0|    7|          0|
    |icmp_ln887_1_reg_6026                    |   1|   0|    1|          0|
    |icmp_ln887_reg_6011                      |   1|   0|    1|          0|
    |k_V_load_reg_6065                        |  32|   0|   32|          0|
    |lhs_V_10_reg_1081                        |  32|   0|   32|          0|
    |lhs_V_reg_1037                           |  32|   0|   32|          0|
    |p_01803_0_reg_1114                       |  32|   0|   32|          0|
    |p_01811_0_reg_1103                       |  32|   0|   32|          0|
    |phi_ln215_1_reg_6030                     |  32|   0|   32|          0|
    |phi_ln215_2_reg_6035                     |  32|   0|   32|          0|
    |ret_V_12_reg_6045                        |  32|   0|   32|          0|
    |ret_V_16_reg_6082                        |  32|   0|   32|          0|
    |ret_V_19_reg_6087                        |  32|   0|   32|          0|
    |ret_V_reg_6040                           |  32|   0|   32|          0|
    |rhs_V_14_reg_1048                        |  32|   0|   32|          0|
    |rhs_V_15_reg_1071                        |  32|   0|   32|          0|
    |rhs_V_16_reg_1092                        |  32|   0|   32|          0|
    |rhs_V_reg_1027                           |  32|   0|   32|          0|
    |t_V_reg_1059                             |   7|   0|    7|          0|
    |tmp_e_V_reg_6106                         |  32|   0|   32|          0|
    |tmp_wi_V_reg_6019                        |  32|   0|   32|          0|
    |trunc_ln146_reg_6015                     |   6|   0|    6|          0|
    |w_0_V_reg_5609                           |  32|   0|   32|          0|
    |w_10_V_reg_5705                          |  32|   0|   32|          0|
    |w_11_V_reg_5716                          |  32|   0|   32|          0|
    |w_12_V_reg_5727                          |  32|   0|   32|          0|
    |w_13_V_reg_5738                          |  32|   0|   32|          0|
    |w_14_V_reg_5749                          |  32|   0|   32|          0|
    |w_15_V_reg_5765                          |  32|   0|   32|          0|
    |w_16_V_reg_6092                          |  32|   0|   32|          0|
    |w_1_V_reg_5614                           |  32|   0|   32|          0|
    |w_2_V_reg_5624                           |  32|   0|   32|          0|
    |w_3_V_reg_5634                           |  32|   0|   32|          0|
    |w_4_V_reg_5644                           |  32|   0|   32|          0|
    |w_5_V_reg_5654                           |  32|   0|   32|          0|
    |w_63_V_10_fu_676                         |  32|   0|   32|          0|
    |w_63_V_11_fu_680                         |  32|   0|   32|          0|
    |w_63_V_12_fu_684                         |  32|   0|   32|          0|
    |w_63_V_13_fu_688                         |  32|   0|   32|          0|
    |w_63_V_14_fu_692                         |  32|   0|   32|          0|
    |w_63_V_15_fu_696                         |  32|   0|   32|          0|
    |w_63_V_16_fu_700                         |  32|   0|   32|          0|
    |w_63_V_17_fu_704                         |  32|   0|   32|          0|
    |w_63_V_18_fu_708                         |  32|   0|   32|          0|
    |w_63_V_19_fu_712                         |  32|   0|   32|          0|
    |w_63_V_1_fu_640                          |  32|   0|   32|          0|
    |w_63_V_20_fu_716                         |  32|   0|   32|          0|
    |w_63_V_21_fu_720                         |  32|   0|   32|          0|
    |w_63_V_22_fu_724                         |  32|   0|   32|          0|
    |w_63_V_23_fu_728                         |  32|   0|   32|          0|
    |w_63_V_24_fu_732                         |  32|   0|   32|          0|
    |w_63_V_25_fu_736                         |  32|   0|   32|          0|
    |w_63_V_26_fu_740                         |  32|   0|   32|          0|
    |w_63_V_27_fu_744                         |  32|   0|   32|          0|
    |w_63_V_28_fu_748                         |  32|   0|   32|          0|
    |w_63_V_29_fu_752                         |  32|   0|   32|          0|
    |w_63_V_2_fu_644                          |  32|   0|   32|          0|
    |w_63_V_30_fu_756                         |  32|   0|   32|          0|
    |w_63_V_31_fu_760                         |  32|   0|   32|          0|
    |w_63_V_32_fu_764                         |  32|   0|   32|          0|
    |w_63_V_33_fu_768                         |  32|   0|   32|          0|
    |w_63_V_34_fu_772                         |  32|   0|   32|          0|
    |w_63_V_35_fu_776                         |  32|   0|   32|          0|
    |w_63_V_36_fu_780                         |  32|   0|   32|          0|
    |w_63_V_37_fu_784                         |  32|   0|   32|          0|
    |w_63_V_38_fu_788                         |  32|   0|   32|          0|
    |w_63_V_39_fu_792                         |  32|   0|   32|          0|
    |w_63_V_3_fu_648                          |  32|   0|   32|          0|
    |w_63_V_40_fu_796                         |  32|   0|   32|          0|
    |w_63_V_41_fu_800                         |  32|   0|   32|          0|
    |w_63_V_42_fu_804                         |  32|   0|   32|          0|
    |w_63_V_43_fu_808                         |  32|   0|   32|          0|
    |w_63_V_44_fu_812                         |  32|   0|   32|          0|
    |w_63_V_45_fu_816                         |  32|   0|   32|          0|
    |w_63_V_46_fu_820                         |  32|   0|   32|          0|
    |w_63_V_47_fu_824                         |  32|   0|   32|          0|
    |w_63_V_4_fu_652                          |  32|   0|   32|          0|
    |w_63_V_5_fu_656                          |  32|   0|   32|          0|
    |w_63_V_6_fu_660                          |  32|   0|   32|          0|
    |w_63_V_7_fu_664                          |  32|   0|   32|          0|
    |w_63_V_8_fu_668                          |  32|   0|   32|          0|
    |w_63_V_9_fu_672                          |  32|   0|   32|          0|
    |w_63_V_fu_636                            |  32|   0|   32|          0|
    |w_6_V_reg_5664                           |  32|   0|   32|          0|
    |w_7_V_reg_5674                           |  32|   0|   32|          0|
    |w_8_V_reg_5684                           |  32|   0|   32|          0|
    |w_9_V_reg_5694                           |  32|   0|   32|          0|
    |wsig0_10_V_reg_5711                      |  32|   0|   32|          0|
    |wsig0_11_V_reg_5722                      |  32|   0|   32|          0|
    |wsig0_12_V_reg_5733                      |  32|   0|   32|          0|
    |wsig0_13_V_reg_5744                      |  32|   0|   32|          0|
    |wsig0_14_V_reg_5755                      |  32|   0|   32|          0|
    |wsig0_15_V_reg_5771                      |  32|   0|   32|          0|
    |wsig0_1_V_reg_5619                       |  32|   0|   32|          0|
    |wsig0_2_V_reg_5629                       |  32|   0|   32|          0|
    |wsig0_3_V_reg_5639                       |  32|   0|   32|          0|
    |wsig0_48_V_10_fu_868                     |  32|   0|   32|          0|
    |wsig0_48_V_11_fu_872                     |  32|   0|   32|          0|
    |wsig0_48_V_12_fu_876                     |  32|   0|   32|          0|
    |wsig0_48_V_13_fu_880                     |  32|   0|   32|          0|
    |wsig0_48_V_14_fu_884                     |  32|   0|   32|          0|
    |wsig0_48_V_15_fu_888                     |  32|   0|   32|          0|
    |wsig0_48_V_16_fu_892                     |  32|   0|   32|          0|
    |wsig0_48_V_17_fu_896                     |  32|   0|   32|          0|
    |wsig0_48_V_18_fu_900                     |  32|   0|   32|          0|
    |wsig0_48_V_19_fu_904                     |  32|   0|   32|          0|
    |wsig0_48_V_1_fu_832                      |  32|   0|   32|          0|
    |wsig0_48_V_20_fu_908                     |  32|   0|   32|          0|
    |wsig0_48_V_21_fu_912                     |  32|   0|   32|          0|
    |wsig0_48_V_22_fu_916                     |  32|   0|   32|          0|
    |wsig0_48_V_23_fu_920                     |  32|   0|   32|          0|
    |wsig0_48_V_24_fu_924                     |  32|   0|   32|          0|
    |wsig0_48_V_25_fu_928                     |  32|   0|   32|          0|
    |wsig0_48_V_26_fu_932                     |  32|   0|   32|          0|
    |wsig0_48_V_27_fu_936                     |  32|   0|   32|          0|
    |wsig0_48_V_28_fu_940                     |  32|   0|   32|          0|
    |wsig0_48_V_29_fu_944                     |  32|   0|   32|          0|
    |wsig0_48_V_2_fu_836                      |  32|   0|   32|          0|
    |wsig0_48_V_30_fu_948                     |  32|   0|   32|          0|
    |wsig0_48_V_31_fu_952                     |  32|   0|   32|          0|
    |wsig0_48_V_32_fu_956                     |  32|   0|   32|          0|
    |wsig0_48_V_3_fu_840                      |  32|   0|   32|          0|
    |wsig0_48_V_4_fu_844                      |  32|   0|   32|          0|
    |wsig0_48_V_5_fu_848                      |  32|   0|   32|          0|
    |wsig0_48_V_6_fu_852                      |  32|   0|   32|          0|
    |wsig0_48_V_7_fu_856                      |  32|   0|   32|          0|
    |wsig0_48_V_8_fu_860                      |  32|   0|   32|          0|
    |wsig0_48_V_9_fu_864                      |  32|   0|   32|          0|
    |wsig0_48_V_fu_828                        |  32|   0|   32|          0|
    |wsig0_4_V_reg_5649                       |  32|   0|   32|          0|
    |wsig0_5_V_reg_5659                       |  32|   0|   32|          0|
    |wsig0_6_V_reg_5669                       |  32|   0|   32|          0|
    |wsig0_7_V_reg_5679                       |  32|   0|   32|          0|
    |wsig0_8_V_reg_5689                       |  32|   0|   32|          0|
    |wsig0_9_V_reg_5700                       |  32|   0|   32|          0|
    |wsig1_14_V_reg_5760                      |  32|   0|   32|          0|
    |wsig1_15_V_reg_5776                      |  32|   0|   32|          0|
    |wsig1_61_V_10_fu_492                     |  32|   0|   32|          0|
    |wsig1_61_V_11_fu_496                     |  32|   0|   32|          0|
    |wsig1_61_V_12_fu_500                     |  32|   0|   32|          0|
    |wsig1_61_V_13_fu_504                     |  32|   0|   32|          0|
    |wsig1_61_V_14_fu_508                     |  32|   0|   32|          0|
    |wsig1_61_V_15_fu_512                     |  32|   0|   32|          0|
    |wsig1_61_V_16_fu_516                     |  32|   0|   32|          0|
    |wsig1_61_V_17_fu_520                     |  32|   0|   32|          0|
    |wsig1_61_V_18_fu_524                     |  32|   0|   32|          0|
    |wsig1_61_V_19_fu_528                     |  32|   0|   32|          0|
    |wsig1_61_V_1_fu_456                      |  32|   0|   32|          0|
    |wsig1_61_V_20_fu_532                     |  32|   0|   32|          0|
    |wsig1_61_V_21_fu_536                     |  32|   0|   32|          0|
    |wsig1_61_V_22_fu_540                     |  32|   0|   32|          0|
    |wsig1_61_V_23_fu_544                     |  32|   0|   32|          0|
    |wsig1_61_V_24_fu_548                     |  32|   0|   32|          0|
    |wsig1_61_V_25_fu_552                     |  32|   0|   32|          0|
    |wsig1_61_V_26_fu_556                     |  32|   0|   32|          0|
    |wsig1_61_V_27_fu_560                     |  32|   0|   32|          0|
    |wsig1_61_V_28_fu_564                     |  32|   0|   32|          0|
    |wsig1_61_V_29_fu_568                     |  32|   0|   32|          0|
    |wsig1_61_V_2_fu_460                      |  32|   0|   32|          0|
    |wsig1_61_V_30_fu_572                     |  32|   0|   32|          0|
    |wsig1_61_V_31_fu_576                     |  32|   0|   32|          0|
    |wsig1_61_V_32_fu_580                     |  32|   0|   32|          0|
    |wsig1_61_V_33_fu_584                     |  32|   0|   32|          0|
    |wsig1_61_V_34_fu_588                     |  32|   0|   32|          0|
    |wsig1_61_V_35_fu_592                     |  32|   0|   32|          0|
    |wsig1_61_V_36_fu_596                     |  32|   0|   32|          0|
    |wsig1_61_V_37_fu_600                     |  32|   0|   32|          0|
    |wsig1_61_V_38_fu_604                     |  32|   0|   32|          0|
    |wsig1_61_V_39_fu_608                     |  32|   0|   32|          0|
    |wsig1_61_V_3_fu_464                      |  32|   0|   32|          0|
    |wsig1_61_V_40_fu_612                     |  32|   0|   32|          0|
    |wsig1_61_V_41_fu_616                     |  32|   0|   32|          0|
    |wsig1_61_V_42_fu_620                     |  32|   0|   32|          0|
    |wsig1_61_V_43_fu_624                     |  32|   0|   32|          0|
    |wsig1_61_V_44_fu_628                     |  32|   0|   32|          0|
    |wsig1_61_V_45_fu_632                     |  32|   0|   32|          0|
    |wsig1_61_V_4_fu_468                      |  32|   0|   32|          0|
    |wsig1_61_V_5_fu_472                      |  32|   0|   32|          0|
    |wsig1_61_V_6_fu_476                      |  32|   0|   32|          0|
    |wsig1_61_V_7_fu_480                      |  32|   0|   32|          0|
    |wsig1_61_V_8_fu_484                      |  32|   0|   32|          0|
    |wsig1_61_V_9_fu_488                      |  32|   0|   32|          0|
    |wsig1_61_V_fu_452                        |  32|   0|   32|          0|
    +-----------------------------------------+----+----+-----+-----------+
    |Total                                    |5885|   0| 5885|          0|
    +-----------------------------------------+----+----+-----+-----------+



================================================================
== Interface
================================================================
* Summary: 
+---------------+-----+-----+------------+---------------+--------------+
|   RTL Ports   | Dir | Bits|  Protocol  | Source Object |    C Type    |
+---------------+-----+-----+------------+---------------+--------------+
|ap_clk         |  in |    1| ap_ctrl_hs | sha256_update | return value |
|ap_rst         |  in |    1| ap_ctrl_hs | sha256_update | return value |
|ap_start       |  in |    1| ap_ctrl_hs | sha256_update | return value |
|ap_done        | out |    1| ap_ctrl_hs | sha256_update | return value |
|ap_idle        | out |    1| ap_ctrl_hs | sha256_update | return value |
|ap_ready       | out |    1| ap_ctrl_hs | sha256_update | return value |
|ap_return_0    | out |   32| ap_ctrl_hs | sha256_update | return value |
|ap_return_1    | out |   32| ap_ctrl_hs | sha256_update | return value |
|ap_return_2    | out |   32| ap_ctrl_hs | sha256_update | return value |
|ap_return_3    | out |   32| ap_ctrl_hs | sha256_update | return value |
|ap_return_4    | out |   32| ap_ctrl_hs | sha256_update | return value |
|ap_return_5    | out |   32| ap_ctrl_hs | sha256_update | return value |
|ap_return_6    | out |   32| ap_ctrl_hs | sha256_update | return value |
|ap_return_7    | out |   32| ap_ctrl_hs | sha256_update | return value |
|data_V         |  in |  512|   ap_none  |     data_V    |    scalar    |
|hash_0_V_read  |  in |   32|   ap_none  | hash_0_V_read |    scalar    |
|hash_1_V_read  |  in |   32|   ap_none  | hash_1_V_read |    scalar    |
|hash_2_V_read  |  in |   32|   ap_none  | hash_2_V_read |    scalar    |
|hash_3_V_read  |  in |   32|   ap_none  | hash_3_V_read |    scalar    |
|hash_4_V_read  |  in |   32|   ap_none  | hash_4_V_read |    scalar    |
|hash_5_V_read  |  in |   32|   ap_none  | hash_5_V_read |    scalar    |
|hash_6_V_read  |  in |   32|   ap_none  | hash_6_V_read |    scalar    |
|hash_7_V_read  |  in |   32|   ap_none  | hash_7_V_read |    scalar    |
+---------------+-----+-----+------------+---------------+--------------+

