

================================================================
== Vivado HLS Report for 'sha256'
================================================================
* Date:           Sun May  2 22:14:37 2021

* Version:        2019.2 (Build 2704478 on Wed Nov 06 22:10:23 MST 2019)
* Project:        sha256
* Solution:       solution1
* Product family: zynq
* Target device:  xc7z020-clg400-1


================================================================
== Performance Estimates
================================================================
+ Timing: 
    * Summary: 
    +--------+---------+----------+------------+
    |  Clock |  Target | Estimated| Uncertainty|
    +--------+---------+----------+------------+
    |ap_clk  | 5.00 ns | 4.371 ns |   0.62 ns  |
    +--------+---------+----------+------------+

+ Latency: 
    * Summary: 
    +---------+---------+----------+-----------+-----+------+---------+
    |  Latency (cycles) |  Latency (absolute)  |  Interval  | Pipeline|
    |   min   |   max   |    min   |    max    | min |  max |   Type  |
    +---------+---------+----------+-----------+-----+------+---------+
    |      200|     2602| 1.000 us | 13.010 us |  200|  2602|   none  |
    +---------+---------+----------+-----------+-----+------+---------+

    + Detail: 
        * Instance: 
        +--------------------------+---------------+---------+---------+----------+----------+-----+-----+---------+
        |                          |               |  Latency (cycles) |  Latency (absolute) |  Interval | Pipeline|
        |         Instance         |     Module    |   min   |   max   |    min   |    max   | min | max |   Type  |
        +--------------------------+---------------+---------+---------+----------+----------+-----+-----+---------+
        |grp_sha256_update_fu_379  |sha256_update  |      195|      195| 0.975 us | 0.975 us |  195|  195|   none  |
        +--------------------------+---------------+---------+---------+----------+----------+-----+-----+---------+

        * Loop: 
        +----------+---------+---------+----------+-----------+-----------+--------+----------+
        |          |  Latency (cycles) | Iteration|  Initiation Interval  |  Trip  |          |
        | Loop Name|   min   |   max   |  Latency |  achieved |   target  |  Count | Pipelined|
        +----------+---------+---------+----------+-----------+-----------+--------+----------+
        |- UPDATE  |        0|     2137|       267|          -|          -|  0 ~ 8 |    no    |
        | + READ   |       67|       67|         5|          1|          1|      64|    yes   |
        |- READ    |        0|       67|         5|          1|          1| 0 ~ 64 |    yes   |
        +----------+---------+---------+----------+-----------+-----------+--------+----------+



================================================================
== Utilization Estimates
================================================================
* Summary: 
+-----------------+---------+-------+--------+-------+-----+
|       Name      | BRAM_18K| DSP48E|   FF   |  LUT  | URAM|
+-----------------+---------+-------+--------+-------+-----+
|DSP              |        -|      -|       -|      -|    -|
|Expression       |        -|      -|       0|  19889|    -|
|FIFO             |        -|      -|       -|      -|    -|
|Instance         |        1|      -|    5885|   4251|    -|
|Memory           |        -|      -|       -|      -|    -|
|Multiplexer      |        -|      -|       -|    437|    -|
|Register         |        0|      -|    6018|    160|    -|
+-----------------+---------+-------+--------+-------+-----+
|Total            |        1|      0|   11903|  24737|    0|
+-----------------+---------+-------+--------+-------+-----+
|Available        |      280|    220|  106400|  53200|    0|
+-----------------+---------+-------+--------+-------+-----+
|Utilization (%)  |    ~0   |      0|      11|     46|    0|
+-----------------+---------+-------+--------+-------+-----+

+ Detail: 
    * Instance: 
    +--------------------------+---------------+---------+-------+------+------+-----+
    |         Instance         |     Module    | BRAM_18K| DSP48E|  FF  |  LUT | URAM|
    +--------------------------+---------------+---------+-------+------+------+-----+
    |grp_sha256_update_fu_379  |sha256_update  |        1|      0|  5885|  4251|    0|
    +--------------------------+---------------+---------+-------+------+------+-----+
    |Total                     |               |        1|      0|  5885|  4251|    0|
    +--------------------------+---------------+---------+-------+------+------+-----+

    * DSP48E: 
    N/A

    * Memory: 
    N/A

    * FIFO: 
    N/A

    * Expression: 
    +--------------------------+----------+-------+---+------+------------+------------+
    |       Variable Name      | Operation| DSP48E| FF|  LUT | Bitwidth P0| Bitwidth P1|
    +--------------------------+----------+-------+---+------+------------+------------+
    |add_ln277_1_fu_555_p2     |     +    |      0|  0|    13|          11|          11|
    |add_ln277_fu_749_p2       |     +    |      0|  0|    13|          11|          11|
    |i_V_1_fu_541_p2           |     +    |      0|  0|    15|           7|           1|
    |i_V_fu_721_p2             |     +    |      0|  0|    39|          32|           1|
    |offset_V_fu_710_p2        |     +    |      0|  0|    71|          64|           7|
    |ret_V_fu_516_p2           |     +    |      0|  0|    72|          65|           7|
    |Hi_1_fu_733_p2            |     -    |      0|  0|    39|           9|          32|
    |Lo_1_fu_739_p2            |     -    |      0|  0|    39|           9|          32|
    |Lo_fu_577_p2              |     -    |      0|  0|    15|           5|           9|
    |sub_ln414_1_fu_780_p2     |     -    |      0|  0|    14|           9|          10|
    |sub_ln414_fu_770_p2       |     -    |      0|  0|    14|           9|          10|
    |sub_ln82_fu_888_p2        |     -    |      0|  0|    39|           9|          32|
    |tail_len_V_fu_526_p2      |     -    |      0|  0|    71|          64|          64|
    |and_ln414_1_fu_855_p2     |    and   |      0|  0|   512|         512|         512|
    |and_ln414_2_fu_861_p2     |    and   |      0|  0|   512|         512|         512|
    |and_ln414_3_fu_662_p2     |    and   |      0|  0|   512|         512|         512|
    |and_ln414_4_fu_688_p2     |    and   |      0|  0|   512|         512|         512|
    |and_ln414_5_fu_694_p2     |    and   |      0|  0|   512|         512|         512|
    |and_ln414_fu_829_p2       |    and   |      0|  0|   512|         512|         512|
    |icmp_ln272_1_fu_535_p2    |   icmp   |      0|  0|    11|           7|           8|
    |icmp_ln272_fu_716_p2      |   icmp   |      0|  0|    18|          32|          32|
    |icmp_ln414_1_fu_583_p2    |   icmp   |      0|  0|    13|           9|           9|
    |icmp_ln414_fu_766_p2      |   icmp   |      0|  0|    18|          32|          32|
    |icmp_ln887_fu_507_p2      |   icmp   |      0|  0|    29|          64|          64|
    |icmp_ln895_fu_522_p2      |   icmp   |      0|  0|    50|          65|          65|
    |icmp_ln899_fu_872_p2      |   icmp   |      0|  0|    29|          64|           6|
    |lshr_ln414_1_fu_656_p2    |   lshr   |      0|  0|  2171|           2|         512|
    |lshr_ln414_fu_823_p2      |   lshr   |      0|  0|  2171|           2|         512|
    |p_Result_1_fu_866_p2      |    or    |      0|  0|   512|         512|         512|
    |p_Result_2_fu_699_p2      |    or    |      0|  0|   512|         512|         512|
    |select_ln414_1_fu_790_p3  |  select  |      0|  0|    10|           1|          10|
    |select_ln414_2_fu_795_p3  |  select  |      0|  0|    10|           1|          10|
    |select_ln414_3_fu_844_p3  |  select  |      0|  0|   512|           1|         512|
    |select_ln414_4_fu_605_p3  |  select  |      0|  0|    10|           1|          10|
    |select_ln414_5_fu_612_p3  |  select  |      0|  0|    10|           1|          10|
    |select_ln414_6_fu_619_p3  |  select  |      0|  0|    10|           1|          10|
    |select_ln414_7_fu_677_p3  |  select  |      0|  0|   512|           1|         512|
    |select_ln414_fu_775_p3    |  select  |      0|  0|    10|           1|          10|
    |shl_ln414_1_fu_817_p2     |    shl   |      0|  0|  2171|           2|         512|
    |shl_ln414_2_fu_644_p2     |    shl   |      0|  0|  2171|         512|         512|
    |shl_ln414_3_fu_650_p2     |    shl   |      0|  0|  2171|           2|         512|
    |shl_ln414_fu_811_p2       |    shl   |      0|  0|  2171|         512|         512|
    |Hi_fu_571_p2              |    xor   |      0|  0|     9|           9|           2|
    |ap_enable_pp0             |    xor   |      0|  0|     2|           1|           2|
    |ap_enable_pp1             |    xor   |      0|  0|     2|           1|           2|
    |ap_enable_reg_pp0_iter1   |    xor   |      0|  0|     2|           2|           1|
    |ap_enable_reg_pp1_iter1   |    xor   |      0|  0|     2|           2|           1|
    |xor_ln414_1_fu_599_p2     |    xor   |      0|  0|    10|          10|           9|
    |xor_ln414_2_fu_626_p2     |    xor   |      0|  0|    10|          10|           9|
    |xor_ln414_3_fu_683_p2     |    xor   |      0|  0|   512|           2|         512|
    |xor_ln414_fu_850_p2       |    xor   |      0|  0|   512|           2|         512|
    +--------------------------+----------+-------+---+------+------------+------------+
    |Total                     |          |      0|  0| 19889|        5752|        9745|
    +--------------------------+----------+-------+---+------+------------+------------+

    * Multiplexer: 
    +----------------------------------------+----+-----------+-----+-----------+
    |                  Name                  | LUT| Input Size| Bits| Total Bits|
    +----------------------------------------+----+-----------+-----+-----------+
    |ap_NS_fsm                               |  56|         13|    1|         13|
    |ap_enable_reg_pp0_iter1                 |   9|          2|    1|          2|
    |ap_enable_reg_pp0_iter4                 |   9|          2|    1|          2|
    |ap_enable_reg_pp1_iter1                 |   9|          2|    1|          2|
    |ap_enable_reg_pp1_iter4                 |   9|          2|    1|          2|
    |ctx_mem_address0                        |  15|          3|    9|         27|
    |data_V_1_reg_369                        |   9|          2|  512|       1024|
    |grp_sha256_update_fu_379_data_V         |  21|          4|  512|       2048|
    |grp_sha256_update_fu_379_hash_0_V_read  |  15|          3|   32|         96|
    |grp_sha256_update_fu_379_hash_1_V_read  |  15|          3|   32|         96|
    |grp_sha256_update_fu_379_hash_2_V_read  |  15|          3|   32|         96|
    |grp_sha256_update_fu_379_hash_3_V_read  |  15|          3|   32|         96|
    |grp_sha256_update_fu_379_hash_4_V_read  |  15|          3|   32|         96|
    |grp_sha256_update_fu_379_hash_5_V_read  |  15|          3|   32|         96|
    |grp_sha256_update_fu_379_hash_6_V_read  |  15|          3|   32|         96|
    |grp_sha256_update_fu_379_hash_7_V_read  |  15|          3|   32|         96|
    |hash_V_0_0_reg_223                      |   9|          2|   32|         64|
    |hash_V_0_1_reg_358                      |   9|          2|   32|         64|
    |hash_V_1_0_reg_211                      |   9|          2|   32|         64|
    |hash_V_1_1_reg_347                      |   9|          2|   32|         64|
    |hash_V_2_0_reg_199                      |   9|          2|   32|         64|
    |hash_V_2_1_reg_336                      |   9|          2|   32|         64|
    |hash_V_3_0_reg_187                      |   9|          2|   32|         64|
    |hash_V_3_1_reg_325                      |   9|          2|   32|         64|
    |hash_V_4_0_reg_175                      |   9|          2|   32|         64|
    |hash_V_4_1_reg_314                      |   9|          2|   32|         64|
    |hash_V_5_0_reg_163                      |   9|          2|   32|         64|
    |hash_V_5_1_reg_303                      |   9|          2|   32|         64|
    |hash_V_6_0_reg_151                      |   9|          2|   32|         64|
    |hash_V_6_1_reg_292                      |   9|          2|   32|         64|
    |hash_V_7_0_reg_139                      |   9|          2|   32|         64|
    |hash_V_7_1_reg_281                      |   9|          2|   32|         64|
    |p_010_reg_235                           |   9|          2|   64|        128|
    |p_Val2_s_reg_258                        |   9|          2|  512|       1024|
    |t_V_1_reg_247                           |   9|          2|    7|         14|
    |t_V_reg_270                             |   9|          2|   32|         64|
    +----------------------------------------+----+-----------+-----+-----------+
    |Total                                   | 437|         94| 2421|       6142|
    +----------------------------------------+----+-----------+-----+-----------+

    * Register: 
    +---------------------------------------+-----+----+-----+-----------+
    |                  Name                 |  FF | LUT| Bits| Const Bits|
    +---------------------------------------+-----+----+-----+-----------+
    |Hi_1_reg_1072                          |   29|   0|   32|          3|
    |Hi_reg_1023                            |    9|   0|    9|          0|
    |Lo_1_reg_1077                          |   29|   0|   32|          3|
    |Lo_reg_1028                            |    6|   0|    9|          3|
    |add_ln277_1_reg_1013                   |   11|   0|   11|          0|
    |add_ln277_reg_1082                     |   11|   0|   11|          0|
    |and_ln414_3_reg_1047                   |  512|   0|  512|          0|
    |and_ln414_reg_1130                     |  512|   0|  512|          0|
    |ap_CS_fsm                              |   12|   0|   12|          0|
    |ap_enable_reg_pp0_iter0                |    1|   0|    1|          0|
    |ap_enable_reg_pp0_iter1                |    1|   0|    1|          0|
    |ap_enable_reg_pp0_iter2                |    1|   0|    1|          0|
    |ap_enable_reg_pp0_iter3                |    1|   0|    1|          0|
    |ap_enable_reg_pp0_iter4                |    1|   0|    1|          0|
    |ap_enable_reg_pp1_iter0                |    1|   0|    1|          0|
    |ap_enable_reg_pp1_iter1                |    1|   0|    1|          0|
    |ap_enable_reg_pp1_iter2                |    1|   0|    1|          0|
    |ap_enable_reg_pp1_iter3                |    1|   0|    1|          0|
    |ap_enable_reg_pp1_iter4                |    1|   0|    1|          0|
    |data_V_1_reg_369                       |  512|   0|  512|          0|
    |data_V_read_assign_fu_108              |  512|   0|  512|          0|
    |data_V_read_assign_l_1_reg_1053        |  512|   0|  512|          0|
    |grp_sha256_update_fu_379_ap_start_reg  |    1|   0|    1|          0|
    |hash_V_0_0_reg_223                     |   32|   0|   32|          0|
    |hash_V_0_1_reg_358                     |   32|   0|   32|          0|
    |hash_V_1_0_reg_211                     |   32|   0|   32|          0|
    |hash_V_1_1_reg_347                     |   32|   0|   32|          0|
    |hash_V_2_0_reg_199                     |   32|   0|   32|          0|
    |hash_V_2_1_reg_336                     |   32|   0|   32|          0|
    |hash_V_3_0_reg_187                     |   32|   0|   32|          0|
    |hash_V_3_1_reg_325                     |   32|   0|   32|          0|
    |hash_V_4_0_reg_175                     |   32|   0|   32|          0|
    |hash_V_4_1_reg_314                     |   32|   0|   32|          0|
    |hash_V_5_0_reg_163                     |   32|   0|   32|          0|
    |hash_V_5_1_reg_303                     |   32|   0|   32|          0|
    |hash_V_6_0_reg_151                     |   32|   0|   32|          0|
    |hash_V_6_1_reg_292                     |   32|   0|   32|          0|
    |hash_V_7_0_reg_139                     |   32|   0|   32|          0|
    |hash_V_7_1_reg_281                     |   32|   0|   32|          0|
    |icmp_ln272_1_reg_999                   |    1|   0|    1|          0|
    |icmp_ln272_reg_1063                    |    1|   0|    1|          0|
    |icmp_ln414_1_reg_1033                  |    1|   0|    1|          0|
    |icmp_ln414_1_reg_1033_pp0_iter3_reg    |    1|   0|    1|          0|
    |icmp_ln414_reg_1106                    |    1|   0|    1|          0|
    |icmp_ln887_reg_975                     |    1|   0|    1|          0|
    |offset_V_reg_1058                      |   64|   0|   64|          0|
    |p_010_reg_235                          |   64|   0|   64|          0|
    |p_Result_7_reg_1144                    |  512|   0|  512|          0|
    |p_Val2_s_reg_258                       |  512|   0|  512|          0|
    |reg_447                                |    8|   0|    8|          0|
    |ret_V_reg_979                          |   65|   0|   65|          0|
    |shl_ln414_2_reg_1041                   |  512|   0|  512|          0|
    |shl_ln414_reg_1124                     |  512|   0|  512|          0|
    |sub_ln414_1_reg_1119                   |   10|   0|   10|          0|
    |sub_ln414_reg_1114                     |    7|   0|   10|          3|
    |t_V_1_reg_247                          |    7|   0|    7|          0|
    |t_V_reg_270                            |   32|   0|   32|          0|
    |tail_len_V_reg_988                     |   64|   0|   64|          0|
    |trunc_ln209_reg_994                    |   32|   0|   32|          0|
    |trunc_ln270_reg_969                    |   11|   0|   11|          0|
    |trunc_ln414_1_reg_1095                 |    7|   0|   10|          3|
    |trunc_ln414_reg_1087                   |    7|   0|   10|          3|
    |trunc_ln555_reg_1008                   |    6|   0|    6|          0|
    |trunc_ln555_reg_1008_pp0_iter1_reg     |    6|   0|    6|          0|
    |zext_ln53_reg_964                      |   64|   0|   65|          1|
    |icmp_ln272_1_reg_999                   |   64|  32|    1|          0|
    |icmp_ln272_reg_1063                    |   64|  32|    1|          0|
    |icmp_ln414_reg_1106                    |   64|  32|    1|          0|
    |trunc_ln414_1_reg_1095                 |   64|  32|   10|          3|
    |trunc_ln414_reg_1087                   |   64|  32|   10|          3|
    +---------------------------------------+-----+----+-----+-----------+
    |Total                                  | 6018| 160| 5740|         25|
    +---------------------------------------+-----+----+-----+-----------+



================================================================
== Interface
================================================================
* Summary: 
+------------------+-----+-----+------------+--------------+--------------+
|     RTL Ports    | Dir | Bits|  Protocol  | Source Object|    C Type    |
+------------------+-----+-----+------------+--------------+--------------+
|ap_clk            |  in |    1| ap_ctrl_hs |    sha256    | return value |
|ap_rst            |  in |    1| ap_ctrl_hs |    sha256    | return value |
|ap_start          |  in |    1| ap_ctrl_hs |    sha256    | return value |
|ap_done           | out |    1| ap_ctrl_hs |    sha256    | return value |
|ap_idle           | out |    1| ap_ctrl_hs |    sha256    | return value |
|ap_ready          | out |    1| ap_ctrl_hs |    sha256    | return value |
|ap_return         | out |  256| ap_ctrl_hs |    sha256    | return value |
|ctx_mem_address0  | out |    9|  ap_memory |    ctx_mem   |     array    |
|ctx_mem_ce0       | out |    1|  ap_memory |    ctx_mem   |     array    |
|ctx_mem_q0        |  in |    8|  ap_memory |    ctx_mem   |     array    |
|ctx_len_V         |  in |   64|   ap_none  |   ctx_len_V  |    scalar    |
+------------------+-----+-----+------------+--------------+--------------+

