

================================================================
== Vivado HLS Report for 'sha256_update'
================================================================
* Date:           Wed May  5 07:04:12 2021

* Version:        2019.2 (Build 2704478 on Wed Nov 06 22:10:23 MST 2019)
* Project:        sha256
* Solution:       solution1
* Product family: zynq
* Target device:  xc7z020-clg400-1


================================================================
== Performance Estimates
================================================================
+ Timing: 
    * Summary: 
    +--------+---------+----------+------------+
    |  Clock |  Target | Estimated| Uncertainty|
    +--------+---------+----------+------------+
    |ap_clk  | 5.00 ns | 4.371 ns |   0.62 ns  |
    +--------+---------+----------+------------+

+ Latency: 
    * Summary: 
    +---------+---------+----------+----------+-----+-----+---------+
    |  Latency (cycles) |  Latency (absolute) |  Interval | Pipeline|
    |   min   |   max   |    min   |    max   | min | max |   Type  |
    +---------+---------+----------+----------+-----+-----+---------+
    |      258|      258| 1.290 us | 1.290 us |  258|  258|   none  |
    +---------+---------+----------+----------+-----+-----+---------+

    + Detail: 
        * Instance: 
        N/A

        * Loop: 
        +--------------+---------+---------+----------+-----------+-----------+------+----------+
        |              |  Latency (cycles) | Iteration|  Initiation Interval  | Trip |          |
        |   Loop Name  |   min   |   max   |  Latency |  achieved |   target  | Count| Pipelined|
        +--------------+---------+---------+----------+-----------+-----------+------+----------+
        |- ITERATE_64  |      256|      256|         4|          4|          1|    64|    yes   |
        +--------------+---------+---------+----------+-----------+-----------+------+----------+



================================================================
== Utilization Estimates
================================================================
* Summary: 
+-----------------+---------+-------+--------+-------+-----+
|       Name      | BRAM_18K| DSP48E|   FF   |  LUT  | URAM|
+-----------------+---------+-------+--------+-------+-----+
|DSP              |        -|      -|       -|      -|    -|
|Expression       |        -|      -|       0|   2287|    -|
|FIFO             |        -|      -|       -|      -|    -|
|Instance         |        -|      -|       0|    819|    -|
|Memory           |        1|      -|       0|      0|    -|
|Multiplexer      |        -|      -|       -|    328|    -|
|Register         |        -|      -|    5820|      -|    -|
+-----------------+---------+-------+--------+-------+-----+
|Total            |        1|      0|    5820|   3434|    0|
+-----------------+---------+-------+--------+-------+-----+
|Available        |      280|    220|  106400|  53200|    0|
+-----------------+---------+-------+--------+-------+-----+
|Utilization (%)  |    ~0   |      0|       5|      6|    0|
+-----------------+---------+-------+--------+-------+-----+

+ Detail: 
    * Instance: 
    +-------------------------+----------------------+---------+-------+---+-----+-----+
    |         Instance        |        Module        | BRAM_18K| DSP48E| FF| LUT | URAM|
    +-------------------------+----------------------+---------+-------+---+-----+-----+
    |sha256_mux_646_32bkb_U6  |sha256_mux_646_32bkb  |        0|      0|  0|  273|    0|
    |sha256_mux_646_32bkb_U7  |sha256_mux_646_32bkb  |        0|      0|  0|  273|    0|
    |sha256_mux_646_32bkb_U8  |sha256_mux_646_32bkb  |        0|      0|  0|  273|    0|
    +-------------------------+----------------------+---------+-------+---+-----+-----+
    |Total                    |                      |        0|      0|  0|  819|    0|
    +-------------------------+----------------------+---------+-------+---+-----+-----+

    * DSP48E: 
    N/A

    * Memory: 
    +-------+-------------------+---------+---+----+-----+------+-----+------+-------------+
    | Memory|       Module      | BRAM_18K| FF| LUT| URAM| Words| Bits| Banks| W*Bits*Banks|
    +-------+-------------------+---------+---+----+-----+------+-----+------+-------------+
    |k_V_U  |sha256_update_k_V  |        1|  0|   0|    0|    64|   32|     1|         2048|
    +-------+-------------------+---------+---+----+-----+------+-----+------+-------------+
    |Total  |                   |        1|  0|   0|    0|    64|   32|     1|         2048|
    +-------+-------------------+---------+---+----+-----+------+-----+------+-------------+

    * FIFO: 
    N/A

    * Expression: 
    +--------------------------+----------+-------+---+----+------------+------------+
    |       Variable Name      | Operation| DSP48E| FF| LUT| Bitwidth P0| Bitwidth P1|
    +--------------------------+----------+-------+---+----+------------+------------+
    |a_V_fu_4130_p2            |     +    |      0|  0|  32|          32|          32|
    |add_ln209_1_fu_3746_p2    |     +    |      0|  0|  32|          32|          32|
    |add_ln209_2_fu_3751_p2    |     +    |      0|  0|  32|          32|          32|
    |add_ln209_5_fu_4126_p2    |     +    |      0|  0|  32|          32|          32|
    |add_ln209_7_fu_3756_p2    |     +    |      0|  0|  39|          32|          32|
    |add_ln209_8_fu_3872_p2    |     +    |      0|  0|  32|          32|          32|
    |add_ln209_fu_3761_p2      |     +    |      0|  0|  32|          32|          32|
    |add_ln700_1_fu_4665_p2    |     +    |      0|  0|  39|          32|          32|
    |add_ln700_2_fu_4670_p2    |     +    |      0|  0|  39|          32|          32|
    |add_ln700_3_fu_4675_p2    |     +    |      0|  0|  39|          32|          32|
    |add_ln700_4_fu_4680_p2    |     +    |      0|  0|  39|          32|          32|
    |add_ln700_5_fu_4685_p2    |     +    |      0|  0|  39|          32|          32|
    |add_ln700_6_fu_4690_p2    |     +    |      0|  0|  39|          32|          32|
    |add_ln700_7_fu_4695_p2    |     +    |      0|  0|  39|          32|          32|
    |add_ln700_fu_4660_p2      |     +    |      0|  0|  39|          32|          32|
    |e_V_fu_4121_p2            |     +    |      0|  0|  39|          32|          32|
    |i_V_fu_2893_p2            |     +    |      0|  0|  15|           7|           1|
    |t1_V_fu_3765_p2           |     +    |      0|  0|  32|          32|          32|
    |w_16_V_fu_3876_p2         |     +    |      0|  0|  32|          32|          32|
    |ap_condition_254          |    and   |      0|  0|   2|           1|           1|
    |ap_condition_3027         |    and   |      0|  0|   2|           1|           1|
    |ret_V_23_fu_3722_p2       |    and   |      0|  0|  32|          32|          32|
    |ret_V_24_fu_3734_p2       |    and   |      0|  0|  32|          32|          32|
    |ret_V_28_fu_3854_p2       |    and   |      0|  0|  32|          32|          32|
    |ret_V_29_fu_3860_p2       |    and   |      0|  0|  32|          32|          32|
    |icmp_ln887_1_fu_3248_p2   |   icmp   |      0|  0|  11|           7|           6|
    |icmp_ln887_fu_2887_p2     |   icmp   |      0|  0|  11|           7|           8|
    |r_V_14_fu_3728_p2         |    xor   |      0|  0|  32|          32|           2|
    |ret_V_10_fu_3842_p2       |    xor   |      0|  0|  32|          32|          32|
    |ret_V_13_fu_3866_p2       |    xor   |      0|  0|  32|          32|          32|
    |ret_V_32_fu_4194_p2       |    xor   |      0|  0|  32|          32|          32|
    |ret_V_35_fu_4424_p2       |    xor   |      0|  0|  32|          32|          32|
    |ret_V_6_fu_3740_p2        |    xor   |      0|  0|  32|          32|          32|
    |ret_V_fu_3242_p2          |    xor   |      0|  0|  32|          32|          32|
    |wsig0_10_V_fu_2149_p2     |    xor   |      0|  0|  32|          32|          32|
    |wsig0_11_V_fu_2241_p2     |    xor   |      0|  0|  32|          32|          32|
    |wsig0_12_V_fu_2333_p2     |    xor   |      0|  0|  32|          32|          32|
    |wsig0_13_V_fu_2425_p2     |    xor   |      0|  0|  32|          32|          32|
    |wsig0_14_V_fu_2517_p2     |    xor   |      0|  0|  32|          32|          32|
    |wsig0_15_V_fu_2673_p2     |    xor   |      0|  0|  32|          32|          32|
    |wsig0_1_V_fu_1321_p2      |    xor   |      0|  0|  32|          32|          32|
    |wsig0_2_V_fu_1413_p2      |    xor   |      0|  0|  32|          32|          32|
    |wsig0_3_V_fu_1505_p2      |    xor   |      0|  0|  32|          32|          32|
    |wsig0_4_V_fu_1597_p2      |    xor   |      0|  0|  32|          32|          32|
    |wsig0_5_V_fu_1689_p2      |    xor   |      0|  0|  32|          32|          32|
    |wsig0_6_V_fu_1781_p2      |    xor   |      0|  0|  32|          32|          32|
    |wsig0_7_V_fu_1873_p2      |    xor   |      0|  0|  32|          32|          32|
    |wsig0_8_V_fu_1965_p2      |    xor   |      0|  0|  32|          32|          32|
    |wsig0_9_V_fu_2057_p2      |    xor   |      0|  0|  32|          32|          32|
    |wsig1_14_V_fu_2599_p2     |    xor   |      0|  0|  32|          32|          32|
    |wsig1_15_V_fu_2743_p2     |    xor   |      0|  0|  32|          32|          32|
    |xor_ln1357_11_fu_1775_p2  |    xor   |      0|  0|  32|          32|          32|
    |xor_ln1357_13_fu_1867_p2  |    xor   |      0|  0|  32|          32|          32|
    |xor_ln1357_15_fu_1959_p2  |    xor   |      0|  0|  32|          32|          32|
    |xor_ln1357_17_fu_2051_p2  |    xor   |      0|  0|  32|          32|          32|
    |xor_ln1357_19_fu_2143_p2  |    xor   |      0|  0|  32|          32|          32|
    |xor_ln1357_21_fu_2235_p2  |    xor   |      0|  0|  32|          32|          32|
    |xor_ln1357_23_fu_2327_p2  |    xor   |      0|  0|  32|          32|          32|
    |xor_ln1357_25_fu_2419_p2  |    xor   |      0|  0|  32|          32|          32|
    |xor_ln1357_27_fu_2511_p2  |    xor   |      0|  0|  32|          32|          32|
    |xor_ln1357_29_fu_2593_p2  |    xor   |      0|  0|  32|          32|          32|
    |xor_ln1357_2_fu_1407_p2   |    xor   |      0|  0|  32|          32|          32|
    |xor_ln1357_31_fu_2667_p2  |    xor   |      0|  0|  32|          32|          32|
    |xor_ln1357_33_fu_2737_p2  |    xor   |      0|  0|  32|          32|          32|
    |xor_ln1357_35_fu_3236_p2  |    xor   |      0|  0|  32|          32|          32|
    |xor_ln1357_38_fu_3836_p2  |    xor   |      0|  0|  32|          32|          32|
    |xor_ln1357_41_fu_4188_p2  |    xor   |      0|  0|  32|          32|          32|
    |xor_ln1357_43_fu_4418_p2  |    xor   |      0|  0|  32|          32|          32|
    |xor_ln1357_4_fu_1499_p2   |    xor   |      0|  0|  32|          32|          32|
    |xor_ln1357_6_fu_1591_p2   |    xor   |      0|  0|  32|          32|          32|
    |xor_ln1357_8_fu_1683_p2   |    xor   |      0|  0|  32|          32|          32|
    |xor_ln1357_9_fu_3848_p2   |    xor   |      0|  0|  32|          32|          32|
    |xor_ln1357_fu_1315_p2     |    xor   |      0|  0|  32|          32|          32|
    +--------------------------+----------+-------+---+----+------------+------------+
    |Total                     |          |      0|  0|2287|        2199|        2163|
    +--------------------------+----------+-------+---+----+------------+------------+

    * Multiplexer: 
    +----------------------+-----+-----------+-----+-----------+
    |         Name         | LUT | Input Size| Bits| Total Bits|
    +----------------------+-----+-----------+-----+-----------+
    |ap_NS_fsm             |   38|          7|    1|          7|
    |lhs_V_10_reg_1058     |    9|          2|   32|         64|
    |lhs_V_9_reg_1037      |    9|          2|   32|         64|
    |p_01096_0_i_reg_1102  |    9|          2|   32|         64|
    |p_01131_0_i_reg_1091  |    9|          2|   32|         64|
    |phi_ln215_reg_1124    |  209|         48|   32|       1536|
    |rhs_V_14_reg_1069     |    9|          2|   32|         64|
    |rhs_V_15_reg_1048     |    9|          2|   32|         64|
    |rhs_V_16_reg_1080     |    9|          2|   32|         64|
    |rhs_V_reg_1027        |    9|          2|   32|         64|
    |t_V_reg_1113          |    9|          2|    7|         14|
    +----------------------+-----+-----------+-----+-----------+
    |Total                 |  328|         73|  296|       2069|
    +----------------------+-----+-----------+-----+-----------+

    * Register: 
    +-----------------------+----+----+-----+-----------+
    |          Name         | FF | LUT| Bits| Const Bits|
    +-----------------------+----+----+-----+-----------+
    |add_ln209_2_reg_6054   |  32|   0|   32|          0|
    |add_ln209_7_reg_6059   |  32|   0|   32|          0|
    |ap_CS_fsm              |   6|   0|    6|          0|
    |i_V_reg_6005           |   7|   0|    7|          0|
    |icmp_ln887_1_reg_6030  |   1|   0|    1|          0|
    |icmp_ln887_reg_6001    |   1|   0|    1|          0|
    |k_V_load_reg_6049      |  32|   0|   32|          0|
    |lhs_V_10_reg_1058      |  32|   0|   32|          0|
    |lhs_V_9_reg_1037       |  32|   0|   32|          0|
    |p_01096_0_i_reg_1102   |  32|   0|   32|          0|
    |p_01131_0_i_reg_1091   |  32|   0|   32|          0|
    |phi_ln215_1_reg_6034   |  32|   0|   32|          0|
    |phi_ln215_2_reg_6039   |  32|   0|   32|          0|
    |phi_ln215_reg_1124     |  32|   0|   32|          0|
    |ret_V_10_reg_6070      |  32|   0|   32|          0|
    |ret_V_13_reg_6075      |  32|   0|   32|          0|
    |ret_V_6_reg_6044       |  32|   0|   32|          0|
    |ret_V_reg_6020         |  32|   0|   32|          0|
    |rhs_V_14_reg_1069      |  32|   0|   32|          0|
    |rhs_V_15_reg_1048      |  32|   0|   32|          0|
    |rhs_V_16_reg_1080      |  32|   0|   32|          0|
    |rhs_V_reg_1027         |  32|   0|   32|          0|
    |t1_V_reg_6064          |  32|   0|   32|          0|
    |t_V_reg_1113           |   7|   0|    7|          0|
    |tmp_wi_V_reg_6014      |  32|   0|   32|          0|
    |trunc_ln54_reg_6010    |   6|   0|    6|          0|
    |w_0_V_reg_5599         |  32|   0|   32|          0|
    |w_10_V_reg_5695        |  32|   0|   32|          0|
    |w_11_V_reg_5706        |  32|   0|   32|          0|
    |w_12_V_reg_5717        |  32|   0|   32|          0|
    |w_13_V_reg_5728        |  32|   0|   32|          0|
    |w_14_V_reg_5739        |  32|   0|   32|          0|
    |w_15_V_reg_5755        |  32|   0|   32|          0|
    |w_16_V_reg_6080        |  32|   0|   32|          0|
    |w_1_V_reg_5604         |  32|   0|   32|          0|
    |w_2_V_reg_5614         |  32|   0|   32|          0|
    |w_3_V_reg_5624         |  32|   0|   32|          0|
    |w_4_V_reg_5634         |  32|   0|   32|          0|
    |w_5_V_reg_5644         |  32|   0|   32|          0|
    |w_63_V_10_fu_676       |  32|   0|   32|          0|
    |w_63_V_11_fu_680       |  32|   0|   32|          0|
    |w_63_V_12_fu_684       |  32|   0|   32|          0|
    |w_63_V_13_fu_688       |  32|   0|   32|          0|
    |w_63_V_14_fu_692       |  32|   0|   32|          0|
    |w_63_V_15_fu_696       |  32|   0|   32|          0|
    |w_63_V_16_fu_700       |  32|   0|   32|          0|
    |w_63_V_17_fu_704       |  32|   0|   32|          0|
    |w_63_V_18_fu_708       |  32|   0|   32|          0|
    |w_63_V_19_fu_712       |  32|   0|   32|          0|
    |w_63_V_1_fu_640        |  32|   0|   32|          0|
    |w_63_V_20_fu_716       |  32|   0|   32|          0|
    |w_63_V_21_fu_720       |  32|   0|   32|          0|
    |w_63_V_22_fu_724       |  32|   0|   32|          0|
    |w_63_V_23_fu_728       |  32|   0|   32|          0|
    |w_63_V_24_fu_732       |  32|   0|   32|          0|
    |w_63_V_25_fu_736       |  32|   0|   32|          0|
    |w_63_V_26_fu_740       |  32|   0|   32|          0|
    |w_63_V_27_fu_744       |  32|   0|   32|          0|
    |w_63_V_28_fu_748       |  32|   0|   32|          0|
    |w_63_V_29_fu_752       |  32|   0|   32|          0|
    |w_63_V_2_fu_644        |  32|   0|   32|          0|
    |w_63_V_30_fu_756       |  32|   0|   32|          0|
    |w_63_V_31_fu_760       |  32|   0|   32|          0|
    |w_63_V_32_fu_764       |  32|   0|   32|          0|
    |w_63_V_33_fu_768       |  32|   0|   32|          0|
    |w_63_V_34_fu_772       |  32|   0|   32|          0|
    |w_63_V_35_fu_776       |  32|   0|   32|          0|
    |w_63_V_36_fu_780       |  32|   0|   32|          0|
    |w_63_V_37_fu_784       |  32|   0|   32|          0|
    |w_63_V_38_fu_788       |  32|   0|   32|          0|
    |w_63_V_39_fu_792       |  32|   0|   32|          0|
    |w_63_V_3_fu_648        |  32|   0|   32|          0|
    |w_63_V_40_fu_796       |  32|   0|   32|          0|
    |w_63_V_41_fu_800       |  32|   0|   32|          0|
    |w_63_V_42_fu_804       |  32|   0|   32|          0|
    |w_63_V_43_fu_808       |  32|   0|   32|          0|
    |w_63_V_44_fu_812       |  32|   0|   32|          0|
    |w_63_V_45_fu_816       |  32|   0|   32|          0|
    |w_63_V_46_fu_820       |  32|   0|   32|          0|
    |w_63_V_47_fu_824       |  32|   0|   32|          0|
    |w_63_V_4_fu_652        |  32|   0|   32|          0|
    |w_63_V_5_fu_656        |  32|   0|   32|          0|
    |w_63_V_6_fu_660        |  32|   0|   32|          0|
    |w_63_V_7_fu_664        |  32|   0|   32|          0|
    |w_63_V_8_fu_668        |  32|   0|   32|          0|
    |w_63_V_9_fu_672        |  32|   0|   32|          0|
    |w_63_V_fu_636          |  32|   0|   32|          0|
    |w_6_V_reg_5654         |  32|   0|   32|          0|
    |w_7_V_reg_5664         |  32|   0|   32|          0|
    |w_8_V_reg_5674         |  32|   0|   32|          0|
    |w_9_V_reg_5684         |  32|   0|   32|          0|
    |wsig0_10_V_reg_5701    |  32|   0|   32|          0|
    |wsig0_11_V_reg_5712    |  32|   0|   32|          0|
    |wsig0_12_V_reg_5723    |  32|   0|   32|          0|
    |wsig0_13_V_reg_5734    |  32|   0|   32|          0|
    |wsig0_14_V_reg_5745    |  32|   0|   32|          0|
    |wsig0_15_V_reg_5761    |  32|   0|   32|          0|
    |wsig0_1_V_reg_5609     |  32|   0|   32|          0|
    |wsig0_2_V_reg_5619     |  32|   0|   32|          0|
    |wsig0_3_V_reg_5629     |  32|   0|   32|          0|
    |wsig0_48_V_10_fu_868   |  32|   0|   32|          0|
    |wsig0_48_V_11_fu_872   |  32|   0|   32|          0|
    |wsig0_48_V_12_fu_876   |  32|   0|   32|          0|
    |wsig0_48_V_13_fu_880   |  32|   0|   32|          0|
    |wsig0_48_V_14_fu_884   |  32|   0|   32|          0|
    |wsig0_48_V_15_fu_888   |  32|   0|   32|          0|
    |wsig0_48_V_16_fu_892   |  32|   0|   32|          0|
    |wsig0_48_V_17_fu_896   |  32|   0|   32|          0|
    |wsig0_48_V_18_fu_900   |  32|   0|   32|          0|
    |wsig0_48_V_19_fu_904   |  32|   0|   32|          0|
    |wsig0_48_V_1_fu_832    |  32|   0|   32|          0|
    |wsig0_48_V_20_fu_908   |  32|   0|   32|          0|
    |wsig0_48_V_21_fu_912   |  32|   0|   32|          0|
    |wsig0_48_V_22_fu_916   |  32|   0|   32|          0|
    |wsig0_48_V_23_fu_920   |  32|   0|   32|          0|
    |wsig0_48_V_24_fu_924   |  32|   0|   32|          0|
    |wsig0_48_V_25_fu_928   |  32|   0|   32|          0|
    |wsig0_48_V_26_fu_932   |  32|   0|   32|          0|
    |wsig0_48_V_27_fu_936   |  32|   0|   32|          0|
    |wsig0_48_V_28_fu_940   |  32|   0|   32|          0|
    |wsig0_48_V_29_fu_944   |  32|   0|   32|          0|
    |wsig0_48_V_2_fu_836    |  32|   0|   32|          0|
    |wsig0_48_V_30_fu_948   |  32|   0|   32|          0|
    |wsig0_48_V_31_fu_952   |  32|   0|   32|          0|
    |wsig0_48_V_32_fu_956   |  32|   0|   32|          0|
    |wsig0_48_V_3_fu_840    |  32|   0|   32|          0|
    |wsig0_48_V_4_fu_844    |  32|   0|   32|          0|
    |wsig0_48_V_5_fu_848    |  32|   0|   32|          0|
    |wsig0_48_V_6_fu_852    |  32|   0|   32|          0|
    |wsig0_48_V_7_fu_856    |  32|   0|   32|          0|
    |wsig0_48_V_8_fu_860    |  32|   0|   32|          0|
    |wsig0_48_V_9_fu_864    |  32|   0|   32|          0|
    |wsig0_48_V_fu_828      |  32|   0|   32|          0|
    |wsig0_4_V_reg_5639     |  32|   0|   32|          0|
    |wsig0_5_V_reg_5649     |  32|   0|   32|          0|
    |wsig0_6_V_reg_5659     |  32|   0|   32|          0|
    |wsig0_7_V_reg_5669     |  32|   0|   32|          0|
    |wsig0_8_V_reg_5679     |  32|   0|   32|          0|
    |wsig0_9_V_reg_5690     |  32|   0|   32|          0|
    |wsig1_14_V_reg_5750    |  32|   0|   32|          0|
    |wsig1_15_V_reg_5766    |  32|   0|   32|          0|
    |wsig1_61_V_10_fu_492   |  32|   0|   32|          0|
    |wsig1_61_V_11_fu_496   |  32|   0|   32|          0|
    |wsig1_61_V_12_fu_500   |  32|   0|   32|          0|
    |wsig1_61_V_13_fu_504   |  32|   0|   32|          0|
    |wsig1_61_V_14_fu_508   |  32|   0|   32|          0|
    |wsig1_61_V_15_fu_512   |  32|   0|   32|          0|
    |wsig1_61_V_16_fu_516   |  32|   0|   32|          0|
    |wsig1_61_V_17_fu_520   |  32|   0|   32|          0|
    |wsig1_61_V_18_fu_524   |  32|   0|   32|          0|
    |wsig1_61_V_19_fu_528   |  32|   0|   32|          0|
    |wsig1_61_V_1_fu_456    |  32|   0|   32|          0|
    |wsig1_61_V_20_fu_532   |  32|   0|   32|          0|
    |wsig1_61_V_21_fu_536   |  32|   0|   32|          0|
    |wsig1_61_V_22_fu_540   |  32|   0|   32|          0|
    |wsig1_61_V_23_fu_544   |  32|   0|   32|          0|
    |wsig1_61_V_24_fu_548   |  32|   0|   32|          0|
    |wsig1_61_V_25_fu_552   |  32|   0|   32|          0|
    |wsig1_61_V_26_fu_556   |  32|   0|   32|          0|
    |wsig1_61_V_27_fu_560   |  32|   0|   32|          0|
    |wsig1_61_V_28_fu_564   |  32|   0|   32|          0|
    |wsig1_61_V_29_fu_568   |  32|   0|   32|          0|
    |wsig1_61_V_2_fu_460    |  32|   0|   32|          0|
    |wsig1_61_V_30_fu_572   |  32|   0|   32|          0|
    |wsig1_61_V_31_fu_576   |  32|   0|   32|          0|
    |wsig1_61_V_32_fu_580   |  32|   0|   32|          0|
    |wsig1_61_V_33_fu_584   |  32|   0|   32|          0|
    |wsig1_61_V_34_fu_588   |  32|   0|   32|          0|
    |wsig1_61_V_35_fu_592   |  32|   0|   32|          0|
    |wsig1_61_V_36_fu_596   |  32|   0|   32|          0|
    |wsig1_61_V_37_fu_600   |  32|   0|   32|          0|
    |wsig1_61_V_38_fu_604   |  32|   0|   32|          0|
    |wsig1_61_V_39_fu_608   |  32|   0|   32|          0|
    |wsig1_61_V_3_fu_464    |  32|   0|   32|          0|
    |wsig1_61_V_40_fu_612   |  32|   0|   32|          0|
    |wsig1_61_V_41_fu_616   |  32|   0|   32|          0|
    |wsig1_61_V_42_fu_620   |  32|   0|   32|          0|
    |wsig1_61_V_43_fu_624   |  32|   0|   32|          0|
    |wsig1_61_V_44_fu_628   |  32|   0|   32|          0|
    |wsig1_61_V_45_fu_632   |  32|   0|   32|          0|
    |wsig1_61_V_4_fu_468    |  32|   0|   32|          0|
    |wsig1_61_V_5_fu_472    |  32|   0|   32|          0|
    |wsig1_61_V_6_fu_476    |  32|   0|   32|          0|
    |wsig1_61_V_7_fu_480    |  32|   0|   32|          0|
    |wsig1_61_V_8_fu_484    |  32|   0|   32|          0|
    |wsig1_61_V_9_fu_488    |  32|   0|   32|          0|
    |wsig1_61_V_fu_452      |  32|   0|   32|          0|
    +-----------------------+----+----+-----+-----------+
    |Total                  |5820|   0| 5820|          0|
    +-----------------------+----+----+-----+-----------+



================================================================
== Interface
================================================================
* Summary: 
+---------------+-----+-----+------------+---------------+--------------+
|   RTL Ports   | Dir | Bits|  Protocol  | Source Object |    C Type    |
+---------------+-----+-----+------------+---------------+--------------+
|ap_clk         |  in |    1| ap_ctrl_hs | sha256_update | return value |
|ap_rst         |  in |    1| ap_ctrl_hs | sha256_update | return value |
|ap_start       |  in |    1| ap_ctrl_hs | sha256_update | return value |
|ap_done        | out |    1| ap_ctrl_hs | sha256_update | return value |
|ap_idle        | out |    1| ap_ctrl_hs | sha256_update | return value |
|ap_ready       | out |    1| ap_ctrl_hs | sha256_update | return value |
|ap_return_0    | out |   32| ap_ctrl_hs | sha256_update | return value |
|ap_return_1    | out |   32| ap_ctrl_hs | sha256_update | return value |
|ap_return_2    | out |   32| ap_ctrl_hs | sha256_update | return value |
|ap_return_3    | out |   32| ap_ctrl_hs | sha256_update | return value |
|ap_return_4    | out |   32| ap_ctrl_hs | sha256_update | return value |
|ap_return_5    | out |   32| ap_ctrl_hs | sha256_update | return value |
|ap_return_6    | out |   32| ap_ctrl_hs | sha256_update | return value |
|ap_return_7    | out |   32| ap_ctrl_hs | sha256_update | return value |
|data_V         |  in |  512|   ap_none  |     data_V    |    scalar    |
|hash_0_V_read  |  in |   32|   ap_none  | hash_0_V_read |    scalar    |
|hash_1_V_read  |  in |   32|   ap_none  | hash_1_V_read |    scalar    |
|hash_2_V_read  |  in |   32|   ap_none  | hash_2_V_read |    scalar    |
|hash_3_V_read  |  in |   32|   ap_none  | hash_3_V_read |    scalar    |
|hash_4_V_read  |  in |   32|   ap_none  | hash_4_V_read |    scalar    |
|hash_5_V_read  |  in |   32|   ap_none  | hash_5_V_read |    scalar    |
|hash_6_V_read  |  in |   32|   ap_none  | hash_6_V_read |    scalar    |
|hash_7_V_read  |  in |   32|   ap_none  | hash_7_V_read |    scalar    |
+---------------+-----+-----+------------+---------------+--------------+

