

================================================================
== Vivado HLS Report for 'sha256_update'
================================================================
* Date:           Fri May  7 07:02:17 2021

* Version:        2019.2 (Build 2704478 on Wed Nov 06 22:10:23 MST 2019)
* Project:        sha256
* Solution:       solution2
* Product family: zynq
* Target device:  xc7z020-clg400-1


================================================================
== Performance Estimates
================================================================
+ Timing: 
    * Summary: 
    +--------+----------+----------+------------+
    |  Clock |  Target  | Estimated| Uncertainty|
    +--------+----------+----------+------------+
    |ap_clk  | 10.00 ns | 8.323 ns |   1.25 ns  |
    +--------+----------+----------+------------+

+ Latency: 
    * Summary: 
    +---------+---------+----------+----------+-----+-----+---------+
    |  Latency (cycles) |  Latency (absolute) |  Interval | Pipeline|
    |   min   |   max   |    min   |    max   | min | max |   Type  |
    +---------+---------+----------+----------+-----+-----+---------+
    |       67|       67| 0.670 us | 0.670 us |   67|   67|   none  |
    +---------+---------+----------+----------+-----+-----+---------+

    + Detail: 
        * Instance: 
        N/A

        * Loop: 
        +--------------+---------+---------+----------+-----------+-----------+------+----------+
        |              |  Latency (cycles) | Iteration|  Initiation Interval  | Trip |          |
        |   Loop Name  |   min   |   max   |  Latency |  achieved |   target  | Count| Pipelined|
        +--------------+---------+---------+----------+-----------+-----------+------+----------+
        |- ITERATE_64  |       65|       65|         2|          1|          1|    64|    yes   |
        +--------------+---------+---------+----------+-----------+-----------+------+----------+



================================================================
== Utilization Estimates
================================================================
* Summary: 
+-----------------+---------+-------+--------+-------+-----+
|       Name      | BRAM_18K| DSP48E|   FF   |  LUT  | URAM|
+-----------------+---------+-------+--------+-------+-----+
|DSP              |        -|      -|       -|      -|    -|
|Expression       |        -|      -|       0|   3749|    -|
|FIFO             |        -|      -|       -|      -|    -|
|Instance         |        -|      -|       0|    390|    -|
|Memory           |        1|      -|       0|      0|    -|
|Multiplexer      |        -|      -|       -|   1011|    -|
|Register         |        -|      -|    2106|      -|    -|
+-----------------+---------+-------+--------+-------+-----+
|Total            |        1|      0|    2106|   5150|    0|
+-----------------+---------+-------+--------+-------+-----+
|Available        |      280|    220|  106400|  53200|    0|
+-----------------+---------+-------+--------+-------+-----+
|Utilization (%)  |    ~0   |      0|       1|      9|    0|
+-----------------+---------+-------+--------+-------+-----+

+ Detail: 
    * Instance: 
    +--------------------------+----------------------+---------+-------+---+----+-----+
    |         Instance         |        Module        | BRAM_18K| DSP48E| FF| LUT| URAM|
    +--------------------------+----------------------+---------+-------+---+----+-----+
    |sha256_mux_164_32bkb_U6   |sha256_mux_164_32bkb  |        0|      0|  0|  65|    0|
    |sha256_mux_164_32bkb_U7   |sha256_mux_164_32bkb  |        0|      0|  0|  65|    0|
    |sha256_mux_164_32bkb_U8   |sha256_mux_164_32bkb  |        0|      0|  0|  65|    0|
    |sha256_mux_164_32bkb_U9   |sha256_mux_164_32bkb  |        0|      0|  0|  65|    0|
    |sha256_mux_164_32bkb_U10  |sha256_mux_164_32bkb  |        0|      0|  0|  65|    0|
    |sha256_mux_164_32bkb_U11  |sha256_mux_164_32bkb  |        0|      0|  0|  65|    0|
    +--------------------------+----------------------+---------+-------+---+----+-----+
    |Total                     |                      |        0|      0|  0| 390|    0|
    +--------------------------+----------------------+---------+-------+---+----+-----+

    * DSP48E: 
    N/A

    * Memory: 
    +-------+-------------------+---------+---+----+-----+------+-----+------+-------------+
    | Memory|       Module      | BRAM_18K| FF| LUT| URAM| Words| Bits| Banks| W*Bits*Banks|
    +-------+-------------------+---------+---+----+-----+------+-----+------+-------------+
    |k_V_U  |sha256_update_k_V  |        1|  0|   0|    0|    64|   32|     1|         2048|
    +-------+-------------------+---------+---+----+-----+------+-----+------+-------------+
    |Total  |                   |        1|  0|   0|    0|    64|   32|     1|         2048|
    +-------+-------------------+---------+---+----+-----+------+-----+------+-------------+

    * FIFO: 
    N/A

    * Expression: 
    +-----------------------------+----------+-------+---+----+------------+------------+
    |        Variable Name        | Operation| DSP48E| FF| LUT| Bitwidth P0| Bitwidth P1|
    +-----------------------------+----------+-------+---+----+------------+------------+
    |a_V_fu_4630_p2               |     +    |      0|  0|  32|          32|          32|
    |add_ln209_10_fu_4325_p2      |     +    |      0|  0|  39|          32|          32|
    |add_ln209_1_fu_3644_p2       |     +    |      0|  0|  39|          31|          32|
    |add_ln209_4_fu_4439_p2       |     +    |      0|  0|  39|          32|          32|
    |add_ln209_5_fu_4547_p2       |     +    |      0|  0|  32|          32|          32|
    |add_ln209_6_fu_4553_p2       |     +    |      0|  0|  39|          32|          32|
    |add_ln209_9_fu_4658_p2       |     +    |      0|  0|  32|          32|          32|
    |add_ln209_fu_3638_p2         |     +    |      0|  0|  32|          32|          32|
    |add_ln214_1_fu_4053_p2       |     +    |      0|  0|  13|           1|           4|
    |add_ln700_1_fu_5060_p2       |     +    |      0|  0|  39|          32|          32|
    |add_ln700_2_fu_5065_p2       |     +    |      0|  0|  39|          32|          32|
    |add_ln700_3_fu_5070_p2       |     +    |      0|  0|  39|          32|          32|
    |add_ln700_4_fu_5075_p2       |     +    |      0|  0|  39|          32|          32|
    |add_ln700_5_fu_5080_p2       |     +    |      0|  0|  39|          32|          32|
    |add_ln700_6_fu_5085_p2       |     +    |      0|  0|  39|          32|          32|
    |add_ln700_7_fu_5090_p2       |     +    |      0|  0|  39|          32|          32|
    |add_ln700_fu_5055_p2         |     +    |      0|  0|  39|          32|          32|
    |ret_V_fu_3908_p2             |     +    |      0|  0|  15|           7|           1|
    |tmp90_fu_4618_p2             |     +    |      0|  0|  32|          32|          32|
    |tmp91_fu_4624_p2             |     +    |      0|  0|  39|          32|          32|
    |tmp_4_fu_4211_p17            |     +    |      0|  0|  13|           4|           3|
    |tmp_5_fu_4249_p17            |     +    |      0|  0|  13|           4|           4|
    |tmp_a_0_V_fu_3656_p2         |     +    |      0|  0|  39|          32|          32|
    |tmp_a_1_V_3_fu_4564_p2       |     +    |      0|  0|  39|          32|          32|
    |tmp_e_0_V_fu_3650_p2         |     +    |      0|  0|  32|          32|          32|
    |tmp_e_1_V_3_fu_4558_p2       |     +    |      0|  0|  32|          32|          32|
    |tmp_e_V_fu_4636_p2           |     +    |      0|  0|  39|          32|          32|
    |tmp_wi_back_1_V_fu_4010_p17  |     +    |      0|  0|  13|           2|           4|
    |w_0_V_3_fu_4662_p2           |     +    |      0|  0|  32|          32|          32|
    |and_ln104_fu_4759_p2         |    and   |      0|  0|   2|           1|           1|
    |ret_V_44_fu_4415_p2          |    and   |      0|  0|  32|          32|          32|
    |ret_V_45_fu_4427_p2          |    and   |      0|  0|  32|          32|          32|
    |ret_V_49_fu_4529_p2          |    and   |      0|  0|  32|          32|          32|
    |ret_V_50_fu_4535_p2          |    and   |      0|  0|  32|          32|          32|
    |icmp_ln104_fu_4747_p2        |   icmp   |      0|  0|  11|           7|           1|
    |icmp_ln887_1_fu_4097_p2      |   icmp   |      0|  0|  11|           7|           6|
    |icmp_ln887_2_fu_4753_p2      |   icmp   |      0|  0|  11|           7|           6|
    |icmp_ln887_fu_3902_p2        |   icmp   |      0|  0|  11|           7|           8|
    |a_V_v_fu_4610_p3             |  select  |      0|  0|  32|           1|          32|
    |p_02473_0_i_pn_fu_4602_p3    |  select  |      0|  0|  32|           1|          32|
    |tmp_a_0_V_2_fu_4586_p3       |  select  |      0|  0|  32|           1|          32|
    |tmp_a_1_V_fu_4594_p3         |  select  |      0|  0|  32|           1|          32|
    |tmp_e_0_V_2_fu_4570_p3       |  select  |      0|  0|  32|           1|          32|
    |tmp_e_1_V_fu_4578_p3         |  select  |      0|  0|  32|           1|          32|
    |ap_enable_pp0                |    xor   |      0|  0|   2|           1|           2|
    |r_V_19_fu_4421_p2            |    xor   |      0|  0|  32|          32|           2|
    |ret_V_16_fu_4517_p2          |    xor   |      0|  0|  32|          32|          32|
    |ret_V_19_fu_4541_p2          |    xor   |      0|  0|  32|          32|          32|
    |ret_V_4_fu_4409_p2           |    xor   |      0|  0|  32|          32|          32|
    |ret_V_7_fu_4433_p2           |    xor   |      0|  0|  32|          32|          32|
    |use_0_fu_4642_p2             |    xor   |      0|  0|   2|           1|           2|
    |wsig0_0_V_3_fu_4824_p2       |    xor   |      0|  0|  32|          32|          32|
    |wsig0_0_V_fu_970_p2          |    xor   |      0|  0|  32|          32|          32|
    |wsig0_10_V_fu_2710_p2        |    xor   |      0|  0|  32|          32|          32|
    |wsig0_11_V_fu_2884_p2        |    xor   |      0|  0|  32|          32|          32|
    |wsig0_12_V_fu_3058_p2        |    xor   |      0|  0|  32|          32|          32|
    |wsig0_13_V_fu_3232_p2        |    xor   |      0|  0|  32|          32|          32|
    |wsig0_14_V_fu_3406_p2        |    xor   |      0|  0|  32|          32|          32|
    |wsig0_15_V_fu_3562_p2        |    xor   |      0|  0|  32|          32|          32|
    |wsig0_1_V_fu_1144_p2         |    xor   |      0|  0|  32|          32|          32|
    |wsig0_2_V_fu_1318_p2         |    xor   |      0|  0|  32|          32|          32|
    |wsig0_3_V_fu_1492_p2         |    xor   |      0|  0|  32|          32|          32|
    |wsig0_4_V_fu_1666_p2         |    xor   |      0|  0|  32|          32|          32|
    |wsig0_5_V_fu_1840_p2         |    xor   |      0|  0|  32|          32|          32|
    |wsig0_6_V_fu_2014_p2         |    xor   |      0|  0|  32|          32|          32|
    |wsig0_7_V_fu_2188_p2         |    xor   |      0|  0|  32|          32|          32|
    |wsig0_8_V_fu_2362_p2         |    xor   |      0|  0|  32|          32|          32|
    |wsig0_9_V_fu_2536_p2         |    xor   |      0|  0|  32|          32|          32|
    |wsig1_0_V_3_fu_4889_p2       |    xor   |      0|  0|  32|          32|          32|
    |wsig1_0_V_fu_1052_p2         |    xor   |      0|  0|  32|          32|          32|
    |wsig1_10_V_fu_2792_p2        |    xor   |      0|  0|  32|          32|          32|
    |wsig1_11_V_fu_2966_p2        |    xor   |      0|  0|  32|          32|          32|
    |wsig1_12_V_fu_3140_p2        |    xor   |      0|  0|  32|          32|          32|
    |wsig1_13_V_fu_3314_p2        |    xor   |      0|  0|  32|          32|          32|
    |wsig1_14_V_fu_3488_p2        |    xor   |      0|  0|  32|          32|          32|
    |wsig1_15_V_fu_3632_p2        |    xor   |      0|  0|  32|          32|          32|
    |wsig1_1_V_fu_1226_p2         |    xor   |      0|  0|  32|          32|          32|
    |wsig1_2_V_fu_1400_p2         |    xor   |      0|  0|  32|          32|          32|
    |wsig1_3_V_fu_1574_p2         |    xor   |      0|  0|  32|          32|          32|
    |wsig1_4_V_fu_1748_p2         |    xor   |      0|  0|  32|          32|          32|
    |wsig1_5_V_fu_1922_p2         |    xor   |      0|  0|  32|          32|          32|
    |wsig1_6_V_fu_2096_p2         |    xor   |      0|  0|  32|          32|          32|
    |wsig1_7_V_fu_2270_p2         |    xor   |      0|  0|  32|          32|          32|
    |wsig1_8_V_fu_2444_p2         |    xor   |      0|  0|  32|          32|          32|
    |wsig1_9_V_fu_2618_p2         |    xor   |      0|  0|  32|          32|          32|
    |xor_ln1357_11_fu_1394_p2     |    xor   |      0|  0|  32|          32|          32|
    |xor_ln1357_13_fu_1486_p2     |    xor   |      0|  0|  32|          32|          32|
    |xor_ln1357_15_fu_1568_p2     |    xor   |      0|  0|  32|          32|          32|
    |xor_ln1357_17_fu_1660_p2     |    xor   |      0|  0|  32|          32|          32|
    |xor_ln1357_19_fu_1742_p2     |    xor   |      0|  0|  32|          32|          32|
    |xor_ln1357_21_fu_1834_p2     |    xor   |      0|  0|  32|          32|          32|
    |xor_ln1357_23_fu_1916_p2     |    xor   |      0|  0|  32|          32|          32|
    |xor_ln1357_25_fu_2008_p2     |    xor   |      0|  0|  32|          32|          32|
    |xor_ln1357_27_fu_2090_p2     |    xor   |      0|  0|  32|          32|          32|
    |xor_ln1357_29_fu_2182_p2     |    xor   |      0|  0|  32|          32|          32|
    |xor_ln1357_2_fu_1046_p2      |    xor   |      0|  0|  32|          32|          32|
    |xor_ln1357_31_fu_2264_p2     |    xor   |      0|  0|  32|          32|          32|
    |xor_ln1357_33_fu_2356_p2     |    xor   |      0|  0|  32|          32|          32|
    |xor_ln1357_35_fu_2438_p2     |    xor   |      0|  0|  32|          32|          32|
    |xor_ln1357_37_fu_2530_p2     |    xor   |      0|  0|  32|          32|          32|
    |xor_ln1357_39_fu_2612_p2     |    xor   |      0|  0|  32|          32|          32|
    |xor_ln1357_41_fu_2704_p2     |    xor   |      0|  0|  32|          32|          32|
    |xor_ln1357_43_fu_2786_p2     |    xor   |      0|  0|  32|          32|          32|
    |xor_ln1357_45_fu_2878_p2     |    xor   |      0|  0|  32|          32|          32|
    |xor_ln1357_47_fu_2960_p2     |    xor   |      0|  0|  32|          32|          32|
    |xor_ln1357_49_fu_3052_p2     |    xor   |      0|  0|  32|          32|          32|
    |xor_ln1357_4_fu_1138_p2      |    xor   |      0|  0|  32|          32|          32|
    |xor_ln1357_51_fu_3134_p2     |    xor   |      0|  0|  32|          32|          32|
    |xor_ln1357_53_fu_3226_p2     |    xor   |      0|  0|  32|          32|          32|
    |xor_ln1357_55_fu_3308_p2     |    xor   |      0|  0|  32|          32|          32|
    |xor_ln1357_57_fu_3400_p2     |    xor   |      0|  0|  32|          32|          32|
    |xor_ln1357_59_fu_3482_p2     |    xor   |      0|  0|  32|          32|          32|
    |xor_ln1357_61_fu_3556_p2     |    xor   |      0|  0|  32|          32|          32|
    |xor_ln1357_63_fu_3626_p2     |    xor   |      0|  0|  32|          32|          32|
    |xor_ln1357_65_fu_4403_p2     |    xor   |      0|  0|  32|          32|          32|
    |xor_ln1357_68_fu_4511_p2     |    xor   |      0|  0|  32|          32|          32|
    |xor_ln1357_6_fu_1220_p2      |    xor   |      0|  0|  32|          32|          32|
    |xor_ln1357_71_fu_4818_p2     |    xor   |      0|  0|  32|          32|          32|
    |xor_ln1357_73_fu_4883_p2     |    xor   |      0|  0|  32|          32|          32|
    |xor_ln1357_8_fu_1312_p2      |    xor   |      0|  0|  32|          32|          32|
    |xor_ln1357_9_fu_4523_p2      |    xor   |      0|  0|  32|          32|          32|
    |xor_ln1357_fu_964_p2         |    xor   |      0|  0|  32|          32|          32|
    +-----------------------------+----------+-------+---+----+------------+------------+
    |Total                        |          |      0|  0|3749|        3382|        3532|
    +-----------------------------+----------+-------+---+----+------------+------------+

    * Multiplexer: 
    +------------------------------------+----+-----------+-----+-----------+
    |                Name                | LUT| Input Size| Bits| Total Bits|
    +------------------------------------+----+-----------+-----+-----------+
    |ap_NS_fsm                           |  21|          4|    1|          4|
    |ap_enable_reg_pp0_iter1             |   9|          2|    1|          2|
    |ap_phi_mux_t_V_phi_fu_761_p4        |   9|          2|    7|         14|
    |ap_sig_allocacmp_w_0_V_1_load       |   9|          2|   32|         64|
    |ap_sig_allocacmp_w_10_V_1_load      |   9|          2|   32|         64|
    |ap_sig_allocacmp_w_11_V_1_load      |   9|          2|   32|         64|
    |ap_sig_allocacmp_w_12_V_1_load      |   9|          2|   32|         64|
    |ap_sig_allocacmp_w_13_V_1_load      |   9|          2|   32|         64|
    |ap_sig_allocacmp_w_14_V_1_load      |   9|          2|   32|         64|
    |ap_sig_allocacmp_w_15_V_load        |   9|          2|   32|         64|
    |ap_sig_allocacmp_w_1_V_1_load       |   9|          2|   32|         64|
    |ap_sig_allocacmp_w_2_V_1_load       |   9|          2|   32|         64|
    |ap_sig_allocacmp_w_3_V_1_load       |   9|          2|   32|         64|
    |ap_sig_allocacmp_w_4_V_1_load       |   9|          2|   32|         64|
    |ap_sig_allocacmp_w_5_V_1_load       |   9|          2|   32|         64|
    |ap_sig_allocacmp_w_6_V_1_load       |   9|          2|   32|         64|
    |ap_sig_allocacmp_w_7_V_1_load       |   9|          2|   32|         64|
    |ap_sig_allocacmp_w_8_V_1_load       |   9|          2|   32|         64|
    |ap_sig_allocacmp_w_9_V_1_load       |   9|          2|   32|         64|
    |ap_sig_allocacmp_wsig0_0_V_1_load   |   9|          2|   32|         64|
    |ap_sig_allocacmp_wsig0_10_V_1_load  |   9|          2|   32|         64|
    |ap_sig_allocacmp_wsig0_11_V_1_load  |   9|          2|   32|         64|
    |ap_sig_allocacmp_wsig0_12_V_1_load  |   9|          2|   32|         64|
    |ap_sig_allocacmp_wsig0_13_V_1_load  |   9|          2|   32|         64|
    |ap_sig_allocacmp_wsig0_14_V_1_load  |   9|          2|   32|         64|
    |ap_sig_allocacmp_wsig0_15_V_1_load  |   9|          2|   32|         64|
    |ap_sig_allocacmp_wsig0_1_V_1_load   |   9|          2|   32|         64|
    |ap_sig_allocacmp_wsig0_2_V_1_load   |   9|          2|   32|         64|
    |ap_sig_allocacmp_wsig0_3_V_1_load   |   9|          2|   32|         64|
    |ap_sig_allocacmp_wsig0_4_V_1_load   |   9|          2|   32|         64|
    |ap_sig_allocacmp_wsig0_5_V_1_load   |   9|          2|   32|         64|
    |ap_sig_allocacmp_wsig0_6_V_1_load   |   9|          2|   32|         64|
    |ap_sig_allocacmp_wsig0_7_V_1_load   |   9|          2|   32|         64|
    |ap_sig_allocacmp_wsig0_8_V_1_load   |   9|          2|   32|         64|
    |ap_sig_allocacmp_wsig0_9_V_1_load   |   9|          2|   32|         64|
    |ap_sig_allocacmp_wsig1_0_V_1_load   |   9|          2|   32|         64|
    |ap_sig_allocacmp_wsig1_10_V_1_load  |   9|          2|   32|         64|
    |ap_sig_allocacmp_wsig1_11_V_1_load  |   9|          2|   32|         64|
    |ap_sig_allocacmp_wsig1_12_V_1_load  |   9|          2|   32|         64|
    |ap_sig_allocacmp_wsig1_13_V_1_load  |   9|          2|   32|         64|
    |ap_sig_allocacmp_wsig1_14_V_1_load  |   9|          2|   32|         64|
    |ap_sig_allocacmp_wsig1_15_V_1_load  |   9|          2|   32|         64|
    |ap_sig_allocacmp_wsig1_1_V_1_load   |   9|          2|   32|         64|
    |ap_sig_allocacmp_wsig1_2_V_1_load   |   9|          2|   32|         64|
    |ap_sig_allocacmp_wsig1_3_V_1_load   |   9|          2|   32|         64|
    |ap_sig_allocacmp_wsig1_4_V_1_load   |   9|          2|   32|         64|
    |ap_sig_allocacmp_wsig1_5_V_1_load   |   9|          2|   32|         64|
    |ap_sig_allocacmp_wsig1_6_V_1_load   |   9|          2|   32|         64|
    |ap_sig_allocacmp_wsig1_7_V_1_load   |   9|          2|   32|         64|
    |ap_sig_allocacmp_wsig1_8_V_1_load   |   9|          2|   32|         64|
    |ap_sig_allocacmp_wsig1_9_V_1_load   |   9|          2|   32|         64|
    |lhs_V_19_reg_800                    |   9|          2|   32|         64|
    |lhs_V_reg_779                       |   9|          2|   32|         64|
    |p_02473_0_i_reg_855                 |   9|          2|   32|         64|
    |p_02612_0_i_reg_844                 |   9|          2|   32|         64|
    |p_02620_0_i_reg_833                 |   9|          2|   32|         64|
    |p_02622_0_i_reg_864                 |   9|          2|   32|         64|
    |rhs_V_24_reg_811                    |   9|          2|   32|         64|
    |rhs_V_25_reg_790                    |   9|          2|   32|         64|
    |rhs_V_26_reg_822                    |   9|          2|   32|         64|
    |rhs_V_reg_769                       |   9|          2|   32|         64|
    |t_V_reg_757                         |   9|          2|    7|         14|
    |use_0_0_i_reg_873                   |   9|          2|    1|          2|
    |w_0_V_1_fu_498                      |   9|          2|   32|         64|
    |w_10_V_1_fu_538                     |   9|          2|   32|         64|
    |w_11_V_1_fu_542                     |   9|          2|   32|         64|
    |w_12_V_1_fu_546                     |   9|          2|   32|         64|
    |w_13_V_1_fu_550                     |   9|          2|   32|         64|
    |w_14_V_1_fu_554                     |   9|          2|   32|         64|
    |w_15_V_fu_558                       |   9|          2|   32|         64|
    |w_1_V_1_fu_502                      |   9|          2|   32|         64|
    |w_2_V_1_fu_506                      |   9|          2|   32|         64|
    |w_3_V_1_fu_510                      |   9|          2|   32|         64|
    |w_4_V_1_fu_514                      |   9|          2|   32|         64|
    |w_5_V_1_fu_518                      |   9|          2|   32|         64|
    |w_6_V_1_fu_522                      |   9|          2|   32|         64|
    |w_7_V_1_fu_526                      |   9|          2|   32|         64|
    |w_8_V_1_fu_530                      |   9|          2|   32|         64|
    |w_9_V_1_fu_534                      |   9|          2|   32|         64|
    |wsig0_0_V_1_fu_562                  |   9|          2|   32|         64|
    |wsig0_10_V_1_fu_602                 |   9|          2|   32|         64|
    |wsig0_11_V_1_fu_606                 |   9|          2|   32|         64|
    |wsig0_12_V_1_fu_610                 |   9|          2|   32|         64|
    |wsig0_13_V_1_fu_614                 |   9|          2|   32|         64|
    |wsig0_14_V_1_fu_618                 |   9|          2|   32|         64|
    |wsig0_15_V_1_fu_622                 |   9|          2|   32|         64|
    |wsig0_1_V_1_fu_566                  |   9|          2|   32|         64|
    |wsig0_2_V_1_fu_570                  |   9|          2|   32|         64|
    |wsig0_3_V_1_fu_574                  |   9|          2|   32|         64|
    |wsig0_4_V_1_fu_578                  |   9|          2|   32|         64|
    |wsig0_5_V_1_fu_582                  |   9|          2|   32|         64|
    |wsig0_6_V_1_fu_586                  |   9|          2|   32|         64|
    |wsig0_7_V_1_fu_590                  |   9|          2|   32|         64|
    |wsig0_8_V_1_fu_594                  |   9|          2|   32|         64|
    |wsig0_9_V_1_fu_598                  |   9|          2|   32|         64|
    |wsig1_0_V_1_fu_626                  |   9|          2|   32|         64|
    |wsig1_10_V_1_fu_666                 |   9|          2|   32|         64|
    |wsig1_11_V_1_fu_670                 |   9|          2|   32|         64|
    |wsig1_12_V_1_fu_674                 |   9|          2|   32|         64|
    |wsig1_13_V_1_fu_678                 |   9|          2|   32|         64|
    |wsig1_14_V_1_fu_682                 |   9|          2|   32|         64|
    |wsig1_15_V_1_fu_686                 |   9|          2|   32|         64|
    |wsig1_1_V_1_fu_630                  |   9|          2|   32|         64|
    |wsig1_2_V_1_fu_634                  |   9|          2|   32|         64|
    |wsig1_3_V_1_fu_638                  |   9|          2|   32|         64|
    |wsig1_4_V_1_fu_642                  |   9|          2|   32|         64|
    |wsig1_5_V_1_fu_646                  |   9|          2|   32|         64|
    |wsig1_6_V_1_fu_650                  |   9|          2|   32|         64|
    |wsig1_7_V_1_fu_654                  |   9|          2|   32|         64|
    |wsig1_8_V_1_fu_658                  |   9|          2|   32|         64|
    |wsig1_9_V_1_fu_662                  |   9|          2|   32|         64|
    +------------------------------------+----+-----------+-----+-----------+
    |Total                               |1011|        224| 3409|       6820|
    +------------------------------------+----+-----------+-----+-----------+

    * Register: 
    +--------------------------+----+----+-----+-----------+
    |           Name           | FF | LUT| Bits| Const Bits|
    +--------------------------+----+----+-----+-----------+
    |add_ln209_10_reg_5600     |  32|   0|   32|          0|
    |ap_CS_fsm                 |   3|   0|    3|          0|
    |ap_enable_reg_pp0_iter0   |   1|   0|    1|          0|
    |ap_enable_reg_pp0_iter1   |   1|   0|    1|          0|
    |cur_V_reg_5558            |   4|   0|    4|          0|
    |icmp_ln887_1_reg_5591     |   1|   0|    1|          0|
    |icmp_ln887_reg_5549       |   1|   0|    1|          0|
    |lhs_V_19_reg_800          |  32|   0|   32|          0|
    |lhs_V_reg_779             |  32|   0|   32|          0|
    |p_02473_0_i_reg_855       |  32|   0|   32|          0|
    |p_02612_0_i_reg_844       |  32|   0|   32|          0|
    |p_02620_0_i_reg_833       |  32|   0|   32|          0|
    |p_02622_0_i_reg_864       |  32|   0|   32|          0|
    |ret_V_reg_5553            |   7|   0|    7|          0|
    |rhs_V_24_reg_811          |  32|   0|   32|          0|
    |rhs_V_25_reg_790          |  32|   0|   32|          0|
    |rhs_V_26_reg_822          |  32|   0|   32|          0|
    |rhs_V_reg_769             |  32|   0|   32|          0|
    |t_V_reg_757               |   7|   0|    7|          0|
    |tmp_5_reg_5595            |  32|   0|   32|          0|
    |tmp_a_1_V_1_fu_490        |  32|   0|   32|          0|
    |tmp_e_1_V_1_fu_494        |  32|   0|   32|          0|
    |tmp_wi_V_reg_5562         |  32|   0|   32|          0|
    |tmp_wi_back_1_V_reg_5567  |  32|   0|   32|          0|
    |use_0_0_i_reg_873         |   1|   0|    1|          0|
    |w_0_V_1_fu_498            |  32|   0|   32|          0|
    |w_10_V_1_fu_538           |  32|   0|   32|          0|
    |w_11_V_1_fu_542           |  32|   0|   32|          0|
    |w_12_V_1_fu_546           |  32|   0|   32|          0|
    |w_13_V_1_fu_550           |  32|   0|   32|          0|
    |w_14_V_1_fu_554           |  32|   0|   32|          0|
    |w_15_V_fu_558             |  32|   0|   32|          0|
    |w_1_V_1_fu_502            |  32|   0|   32|          0|
    |w_2_V_1_fu_506            |  32|   0|   32|          0|
    |w_3_V_1_fu_510            |  32|   0|   32|          0|
    |w_4_V_1_fu_514            |  32|   0|   32|          0|
    |w_5_V_1_fu_518            |  32|   0|   32|          0|
    |w_6_V_1_fu_522            |  32|   0|   32|          0|
    |w_7_V_1_fu_526            |  32|   0|   32|          0|
    |w_8_V_1_fu_530            |  32|   0|   32|          0|
    |w_9_V_1_fu_534            |  32|   0|   32|          0|
    |w_i_1_V_reg_5586          |  32|   0|   32|          0|
    |wsig0_0_V_1_fu_562        |  32|   0|   32|          0|
    |wsig0_10_V_1_fu_602       |  32|   0|   32|          0|
    |wsig0_11_V_1_fu_606       |  32|   0|   32|          0|
    |wsig0_12_V_1_fu_610       |  32|   0|   32|          0|
    |wsig0_13_V_1_fu_614       |  32|   0|   32|          0|
    |wsig0_14_V_1_fu_618       |  32|   0|   32|          0|
    |wsig0_15_V_1_fu_622       |  32|   0|   32|          0|
    |wsig0_1_V_1_fu_566        |  32|   0|   32|          0|
    |wsig0_2_V_1_fu_570        |  32|   0|   32|          0|
    |wsig0_3_V_1_fu_574        |  32|   0|   32|          0|
    |wsig0_4_V_1_fu_578        |  32|   0|   32|          0|
    |wsig0_5_V_1_fu_582        |  32|   0|   32|          0|
    |wsig0_6_V_1_fu_586        |  32|   0|   32|          0|
    |wsig0_7_V_1_fu_590        |  32|   0|   32|          0|
    |wsig0_8_V_1_fu_594        |  32|   0|   32|          0|
    |wsig0_9_V_1_fu_598        |  32|   0|   32|          0|
    |wsig1_0_V_1_fu_626        |  32|   0|   32|          0|
    |wsig1_10_V_1_fu_666       |  32|   0|   32|          0|
    |wsig1_11_V_1_fu_670       |  32|   0|   32|          0|
    |wsig1_12_V_1_fu_674       |  32|   0|   32|          0|
    |wsig1_13_V_1_fu_678       |  32|   0|   32|          0|
    |wsig1_14_V_1_fu_682       |  32|   0|   32|          0|
    |wsig1_15_V_1_fu_686       |  32|   0|   32|          0|
    |wsig1_1_V_1_fu_630        |  32|   0|   32|          0|
    |wsig1_2_V_1_fu_634        |  32|   0|   32|          0|
    |wsig1_3_V_1_fu_638        |  32|   0|   32|          0|
    |wsig1_4_V_1_fu_642        |  32|   0|   32|          0|
    |wsig1_5_V_1_fu_646        |  32|   0|   32|          0|
    |wsig1_6_V_1_fu_650        |  32|   0|   32|          0|
    |wsig1_7_V_1_fu_654        |  32|   0|   32|          0|
    |wsig1_8_V_1_fu_658        |  32|   0|   32|          0|
    |wsig1_9_V_1_fu_662        |  32|   0|   32|          0|
    +--------------------------+----+----+-----+-----------+
    |Total                     |2106|   0| 2106|          0|
    +--------------------------+----+----+-----+-----------+



================================================================
== Interface
================================================================
* Summary: 
+---------------+-----+-----+------------+---------------+--------------+
|   RTL Ports   | Dir | Bits|  Protocol  | Source Object |    C Type    |
+---------------+-----+-----+------------+---------------+--------------+
|ap_clk         |  in |    1| ap_ctrl_hs | sha256_update | return value |
|ap_rst         |  in |    1| ap_ctrl_hs | sha256_update | return value |
|ap_start       |  in |    1| ap_ctrl_hs | sha256_update | return value |
|ap_done        | out |    1| ap_ctrl_hs | sha256_update | return value |
|ap_idle        | out |    1| ap_ctrl_hs | sha256_update | return value |
|ap_ready       | out |    1| ap_ctrl_hs | sha256_update | return value |
|ap_return_0    | out |   32| ap_ctrl_hs | sha256_update | return value |
|ap_return_1    | out |   32| ap_ctrl_hs | sha256_update | return value |
|ap_return_2    | out |   32| ap_ctrl_hs | sha256_update | return value |
|ap_return_3    | out |   32| ap_ctrl_hs | sha256_update | return value |
|ap_return_4    | out |   32| ap_ctrl_hs | sha256_update | return value |
|ap_return_5    | out |   32| ap_ctrl_hs | sha256_update | return value |
|ap_return_6    | out |   32| ap_ctrl_hs | sha256_update | return value |
|ap_return_7    | out |   32| ap_ctrl_hs | sha256_update | return value |
|data_V         |  in |  512|   ap_none  |     data_V    |    scalar    |
|hash_0_V_read  |  in |   32|   ap_none  | hash_0_V_read |    scalar    |
|hash_1_V_read  |  in |   32|   ap_none  | hash_1_V_read |    scalar    |
|hash_2_V_read  |  in |   32|   ap_none  | hash_2_V_read |    scalar    |
|hash_3_V_read  |  in |   32|   ap_none  | hash_3_V_read |    scalar    |
|hash_4_V_read  |  in |   32|   ap_none  | hash_4_V_read |    scalar    |
|hash_5_V_read  |  in |   32|   ap_none  | hash_5_V_read |    scalar    |
|hash_6_V_read  |  in |   32|   ap_none  | hash_6_V_read |    scalar    |
|hash_7_V_read  |  in |   32|   ap_none  | hash_7_V_read |    scalar    |
+---------------+-----+-----+------------+---------------+--------------+

